<?xml version="1.0" encoding="ISO-8859-1" ?>
<link_info>
   <banner>TI ARM Linker PC v18.12.2.LTS</banner>
   <copyright>Copyright (c) 1996-2018 Texas Instruments Incorporated</copyright>
   <link_time>0x5eb204dd</link_time>
   <link_errors>0x0</link_errors>
   <output_file>Smart_Irrigation_Controller.out</output_file>
   <entry_point>
      <name>_c_int00_noargs</name>
      <address>0x1c2cd</address>
   </entry_point>
   <input_file_list>
      <input_file id="fl-2">
         <path>.\</path>
         <kind>object</kind>
         <file>main.obj</file>
         <name>main.obj</name>
      </input_file>
      <input_file id="fl-3">
         <path>.\</path>
         <kind>object</kind>
         <file>startup_msp432p401r_ccs.obj</file>
         <name>startup_msp432p401r_ccs.obj</name>
      </input_file>
      <input_file id="fl-4">
         <path>.\</path>
         <kind>object</kind>
         <file>system_msp432p401r.obj</file>
         <name>system_msp432p401r.obj</name>
      </input_file>
      <input_file id="fl-5">
         <path>.\</path>
         <kind>object</kind>
         <file>weatherServer.obj</file>
         <name>weatherServer.obj</name>
      </input_file>
      <input_file id="fl-6">
         <path>.\BoardSupportPackage\src\</path>
         <kind>object</kind>
         <file>AsciiLib.obj</file>
         <name>AsciiLib.obj</name>
      </input_file>
      <input_file id="fl-7">
         <path>.\BoardSupportPackage\src\</path>
         <kind>object</kind>
         <file>BSP.obj</file>
         <name>BSP.obj</name>
      </input_file>
      <input_file id="fl-8">
         <path>.\BoardSupportPackage\src\</path>
         <kind>object</kind>
         <file>BackChannelUart.obj</file>
         <name>BackChannelUart.obj</name>
      </input_file>
      <input_file id="fl-9">
         <path>.\BoardSupportPackage\src\</path>
         <kind>object</kind>
         <file>ClockSys.obj</file>
         <name>ClockSys.obj</name>
      </input_file>
      <input_file id="fl-a">
         <path>.\BoardSupportPackage\src\</path>
         <kind>object</kind>
         <file>Joystick.obj</file>
         <name>Joystick.obj</name>
      </input_file>
      <input_file id="fl-b">
         <path>.\BoardSupportPackage\src\</path>
         <kind>object</kind>
         <file>LCD.obj</file>
         <name>LCD.obj</name>
      </input_file>
      <input_file id="fl-c">
         <path>.\BoardSupportPackage\src\</path>
         <kind>object</kind>
         <file>RGBLeds.obj</file>
         <name>RGBLeds.obj</name>
      </input_file>
      <input_file id="fl-d">
         <path>.\BoardSupportPackage\src\</path>
         <kind>object</kind>
         <file>bme280.obj</file>
         <name>bme280.obj</name>
      </input_file>
      <input_file id="fl-e">
         <path>.\BoardSupportPackage\src\</path>
         <kind>object</kind>
         <file>bme280_support.obj</file>
         <name>bme280_support.obj</name>
      </input_file>
      <input_file id="fl-f">
         <path>.\BoardSupportPackage\src\</path>
         <kind>object</kind>
         <file>bmi160.obj</file>
         <name>bmi160.obj</name>
      </input_file>
      <input_file id="fl-10">
         <path>.\BoardSupportPackage\src\</path>
         <kind>object</kind>
         <file>bmi160_support.obj</file>
         <name>bmi160_support.obj</name>
      </input_file>
      <input_file id="fl-11">
         <path>.\BoardSupportPackage\src\</path>
         <kind>object</kind>
         <file>buttons.obj</file>
         <name>buttons.obj</name>
      </input_file>
      <input_file id="fl-12">
         <path>.\BoardSupportPackage\src\</path>
         <kind>object</kind>
         <file>demo_sysctl.obj</file>
         <name>demo_sysctl.obj</name>
      </input_file>
      <input_file id="fl-13">
         <path>.\BoardSupportPackage\src\</path>
         <kind>object</kind>
         <file>i2c_driver.obj</file>
         <name>i2c_driver.obj</name>
      </input_file>
      <input_file id="fl-14">
         <path>.\BoardSupportPackage\src\</path>
         <kind>object</kind>
         <file>my_uart.obj</file>
         <name>my_uart.obj</name>
      </input_file>
      <input_file id="fl-15">
         <path>.\BoardSupportPackage\src\</path>
         <kind>object</kind>
         <file>opt3001.obj</file>
         <name>opt3001.obj</name>
      </input_file>
      <input_file id="fl-16">
         <path>.\BoardSupportPackage\src\</path>
         <kind>object</kind>
         <file>tmp007.obj</file>
         <name>tmp007.obj</name>
      </input_file>
      <input_file id="fl-17">
         <path>.\CC3100SupportPackage\board\</path>
         <kind>object</kind>
         <file>board.obj</file>
         <name>board.obj</name>
      </input_file>
      <input_file id="fl-18">
         <path>.\CC3100SupportPackage\cc3100_usage\</path>
         <kind>object</kind>
         <file>cc3100_usage.obj</file>
         <name>cc3100_usage.obj</name>
      </input_file>
      <input_file id="fl-19">
         <path>.\CC3100SupportPackage\http_client\</path>
         <kind>object</kind>
         <file>httpcli.obj</file>
         <name>httpcli.obj</name>
      </input_file>
      <input_file id="fl-1a">
         <path>.\CC3100SupportPackage\http_client\</path>
         <kind>object</kind>
         <file>httpstr.obj</file>
         <name>httpstr.obj</name>
      </input_file>
      <input_file id="fl-1b">
         <path>.\CC3100SupportPackage\http_client\</path>
         <kind>object</kind>
         <file>ssock.obj</file>
         <name>ssock.obj</name>
      </input_file>
      <input_file id="fl-1c">
         <path>.\CC3100SupportPackage\json\</path>
         <kind>object</kind>
         <file>jsmn.obj</file>
         <name>jsmn.obj</name>
      </input_file>
      <input_file id="fl-1d">
         <path>.\CC3100SupportPackage\simplelink\source\</path>
         <kind>object</kind>
         <file>device.obj</file>
         <name>device.obj</name>
      </input_file>
      <input_file id="fl-1e">
         <path>.\CC3100SupportPackage\simplelink\source\</path>
         <kind>object</kind>
         <file>driver.obj</file>
         <name>driver.obj</name>
      </input_file>
      <input_file id="fl-1f">
         <path>.\CC3100SupportPackage\simplelink\source\</path>
         <kind>object</kind>
         <file>flowcont.obj</file>
         <name>flowcont.obj</name>
      </input_file>
      <input_file id="fl-20">
         <path>.\CC3100SupportPackage\simplelink\source\</path>
         <kind>object</kind>
         <file>fs.obj</file>
         <name>fs.obj</name>
      </input_file>
      <input_file id="fl-21">
         <path>.\CC3100SupportPackage\simplelink\source\</path>
         <kind>object</kind>
         <file>netapp.obj</file>
         <name>netapp.obj</name>
      </input_file>
      <input_file id="fl-22">
         <path>.\CC3100SupportPackage\simplelink\source\</path>
         <kind>object</kind>
         <file>netcfg.obj</file>
         <name>netcfg.obj</name>
      </input_file>
      <input_file id="fl-23">
         <path>.\CC3100SupportPackage\simplelink\source\</path>
         <kind>object</kind>
         <file>nonos.obj</file>
         <name>nonos.obj</name>
      </input_file>
      <input_file id="fl-24">
         <path>.\CC3100SupportPackage\simplelink\source\</path>
         <kind>object</kind>
         <file>socket.obj</file>
         <name>socket.obj</name>
      </input_file>
      <input_file id="fl-25">
         <path>.\CC3100SupportPackage\simplelink\source\</path>
         <kind>object</kind>
         <file>spawn.obj</file>
         <name>spawn.obj</name>
      </input_file>
      <input_file id="fl-26">
         <path>.\CC3100SupportPackage\simplelink\source\</path>
         <kind>object</kind>
         <file>wlan.obj</file>
         <name>wlan.obj</name>
      </input_file>
      <input_file id="fl-27">
         <path>.\CC3100SupportPackage\spi_cc3100\</path>
         <kind>object</kind>
         <file>spi_cc3100.obj</file>
         <name>spi_cc3100.obj</name>
      </input_file>
      <input_file id="fl-28">
         <path>.\G8RTOS\</path>
         <kind>object</kind>
         <file>G8RTOS_CriticalSection.obj</file>
         <name>G8RTOS_CriticalSection.obj</name>
      </input_file>
      <input_file id="fl-29">
         <path>.\G8RTOS\</path>
         <kind>object</kind>
         <file>G8RTOS_IPC.obj</file>
         <name>G8RTOS_IPC.obj</name>
      </input_file>
      <input_file id="fl-2a">
         <path>.\G8RTOS\</path>
         <kind>object</kind>
         <file>G8RTOS_Scheduler.obj</file>
         <name>G8RTOS_Scheduler.obj</name>
      </input_file>
      <input_file id="fl-2b">
         <path>.\G8RTOS\</path>
         <kind>object</kind>
         <file>G8RTOS_SchedulerASM.obj</file>
         <name>G8RTOS_SchedulerASM.obj</name>
      </input_file>
      <input_file id="fl-2c">
         <path>.\G8RTOS\</path>
         <kind>object</kind>
         <file>G8RTOS_Semaphores.obj</file>
         <name>G8RTOS_Semaphores.obj</name>
      </input_file>
      <input_file id="fl-31">
         <kind>object</kind>
         <file>&lt;internal&gt;</file>
         <name>&lt;internal&gt;</name>
      </input_file>
      <input_file id="fl-32">
         <path>..\BoardSupportPackage\DriverLib\</path>
         <kind>archive</kind>
         <file>msp432p4xx_driverlib.lib</file>
         <name>cs.o</name>
      </input_file>
      <input_file id="fl-33">
         <path>..\BoardSupportPackage\DriverLib\</path>
         <kind>archive</kind>
         <file>msp432p4xx_driverlib.lib</file>
         <name>flash.o</name>
      </input_file>
      <input_file id="fl-34">
         <path>..\BoardSupportPackage\DriverLib\</path>
         <kind>archive</kind>
         <file>msp432p4xx_driverlib.lib</file>
         <name>gpio.o</name>
      </input_file>
      <input_file id="fl-35">
         <path>..\BoardSupportPackage\DriverLib\</path>
         <kind>archive</kind>
         <file>msp432p4xx_driverlib.lib</file>
         <name>i2c.o</name>
      </input_file>
      <input_file id="fl-36">
         <path>..\BoardSupportPackage\DriverLib\</path>
         <kind>archive</kind>
         <file>msp432p4xx_driverlib.lib</file>
         <name>interrupt.o</name>
      </input_file>
      <input_file id="fl-37">
         <path>..\BoardSupportPackage\DriverLib\</path>
         <kind>archive</kind>
         <file>msp432p4xx_driverlib.lib</file>
         <name>pcm.o</name>
      </input_file>
      <input_file id="fl-38">
         <path>..\BoardSupportPackage\DriverLib\</path>
         <kind>archive</kind>
         <file>msp432p4xx_driverlib.lib</file>
         <name>rtc_c.o</name>
      </input_file>
      <input_file id="fl-39">
         <path>..\BoardSupportPackage\DriverLib\</path>
         <kind>archive</kind>
         <file>msp432p4xx_driverlib.lib</file>
         <name>sysctl.o</name>
      </input_file>
      <input_file id="fl-3a">
         <path>..\BoardSupportPackage\DriverLib\</path>
         <kind>archive</kind>
         <file>msp432p4xx_driverlib.lib</file>
         <name>systick.o</name>
      </input_file>
      <input_file id="fl-3b">
         <path>..\BoardSupportPackage\DriverLib\</path>
         <kind>archive</kind>
         <file>msp432p4xx_driverlib.lib</file>
         <name>uart.o</name>
      </input_file>
      <input_file id="fl-3c">
         <path>..\BoardSupportPackage\DriverLib\</path>
         <kind>archive</kind>
         <file>msp432p4xx_driverlib.lib</file>
         <name>wdt_a.o</name>
      </input_file>
      <input_file id="fl-3d">
         <path>..\BoardSupportPackage\DriverLib\</path>
         <kind>archive</kind>
         <file>msp432p4xx_driverlib.lib</file>
         <name>cpu.o</name>
      </input_file>
      <input_file id="fl-f3">
         <path>D:\CCS\ccs\tools\compiler\ti-cgt-arm_18.12.2.LTS\lib\</path>
         <kind>archive</kind>
         <file>rtsv7M4_T_le_v4SPD16_eabi.lib</file>
         <name>snprintf.c.obj</name>
      </input_file>
      <input_file id="fl-f4">
         <path>D:\CCS\ccs\tools\compiler\ti-cgt-arm_18.12.2.LTS\lib\</path>
         <kind>archive</kind>
         <file>rtsv7M4_T_le_v4SPD16_eabi.lib</file>
         <name>sprintf.c.obj</name>
      </input_file>
      <input_file id="fl-f5">
         <path>D:\CCS\ccs\tools\compiler\ti-cgt-arm_18.12.2.LTS\lib\</path>
         <kind>archive</kind>
         <file>rtsv7M4_T_le_v4SPD16_eabi.lib</file>
         <name>vsnprintf.c.obj</name>
      </input_file>
      <input_file id="fl-f6">
         <path>D:\CCS\ccs\tools\compiler\ti-cgt-arm_18.12.2.LTS\lib\</path>
         <kind>archive</kind>
         <file>rtsv7M4_T_le_v4SPD16_eabi.lib</file>
         <name>ll_div_t2.asm.obj</name>
      </input_file>
      <input_file id="fl-f7">
         <path>D:\CCS\ccs\tools\compiler\ti-cgt-arm_18.12.2.LTS\lib\</path>
         <kind>archive</kind>
         <file>rtsv7M4_T_le_v4SPD16_eabi.lib</file>
         <name>ull_div_t2.asm.obj</name>
      </input_file>
      <input_file id="fl-f8">
         <path>D:\CCS\ccs\tools\compiler\ti-cgt-arm_18.12.2.LTS\lib\</path>
         <kind>archive</kind>
         <file>rtsv7M4_T_le_v4SPD16_eabi.lib</file>
         <name>memset_t2.asm.obj</name>
      </input_file>
      <input_file id="fl-f9">
         <path>D:\CCS\ccs\tools\compiler\ti-cgt-arm_18.12.2.LTS\lib\</path>
         <kind>archive</kind>
         <file>rtsv7M4_T_le_v4SPD16_eabi.lib</file>
         <name>ll_mul_t2.asm.obj</name>
      </input_file>
      <input_file id="fl-fa">
         <path>D:\CCS\ccs\tools\compiler\ti-cgt-arm_18.12.2.LTS\lib\</path>
         <kind>archive</kind>
         <file>rtsv7M4_T_le_v4SPD16_eabi.lib</file>
         <name>memcpy_t2.asm.obj</name>
      </input_file>
      <input_file id="fl-fb">
         <path>D:\CCS\ccs\tools\compiler\ti-cgt-arm_18.12.2.LTS\lib\</path>
         <kind>archive</kind>
         <file>rtsv7M4_T_le_v4SPD16_eabi.lib</file>
         <name>copy_zero_init.c.obj</name>
      </input_file>
      <input_file id="fl-fc">
         <path>D:\CCS\ccs\tools\compiler\ti-cgt-arm_18.12.2.LTS\lib\</path>
         <kind>archive</kind>
         <file>rtsv7M4_T_le_v4SPD16_eabi.lib</file>
         <name>copy_decompress_none.c.obj</name>
      </input_file>
      <input_file id="fl-fd">
         <path>D:\CCS\ccs\tools\compiler\ti-cgt-arm_18.12.2.LTS\lib\</path>
         <kind>archive</kind>
         <file>rtsv7M4_T_le_v4SPD16_eabi.lib</file>
         <name>copy_decompress_lzss.c.obj</name>
      </input_file>
      <input_file id="fl-fe">
         <path>D:\CCS\ccs\tools\compiler\ti-cgt-arm_18.12.2.LTS\lib\</path>
         <kind>archive</kind>
         <file>rtsv7M4_T_le_v4SPD16_eabi.lib</file>
         <name>memory.c.obj</name>
      </input_file>
      <input_file id="fl-ff">
         <path>D:\CCS\ccs\tools\compiler\ti-cgt-arm_18.12.2.LTS\lib\</path>
         <kind>archive</kind>
         <file>rtsv7M4_T_le_v4SPD16_eabi.lib</file>
         <name>strchr.c.obj</name>
      </input_file>
      <input_file id="fl-100">
         <path>D:\CCS\ccs\tools\compiler\ti-cgt-arm_18.12.2.LTS\lib\</path>
         <kind>archive</kind>
         <file>rtsv7M4_T_le_v4SPD16_eabi.lib</file>
         <name>strcmp.c.obj</name>
      </input_file>
      <input_file id="fl-101">
         <path>D:\CCS\ccs\tools\compiler\ti-cgt-arm_18.12.2.LTS\lib\</path>
         <kind>archive</kind>
         <file>rtsv7M4_T_le_v4SPD16_eabi.lib</file>
         <name>strcpy.c.obj</name>
      </input_file>
      <input_file id="fl-102">
         <path>D:\CCS\ccs\tools\compiler\ti-cgt-arm_18.12.2.LTS\lib\</path>
         <kind>archive</kind>
         <file>rtsv7M4_T_le_v4SPD16_eabi.lib</file>
         <name>strlen.c.obj</name>
      </input_file>
      <input_file id="fl-103">
         <path>D:\CCS\ccs\tools\compiler\ti-cgt-arm_18.12.2.LTS\lib\</path>
         <kind>archive</kind>
         <file>rtsv7M4_T_le_v4SPD16_eabi.lib</file>
         <name>strncmp.c.obj</name>
      </input_file>
      <input_file id="fl-104">
         <path>D:\CCS\ccs\tools\compiler\ti-cgt-arm_18.12.2.LTS\lib\</path>
         <kind>archive</kind>
         <file>rtsv7M4_T_le_v4SPD16_eabi.lib</file>
         <name>strtoul.c.obj</name>
      </input_file>
      <input_file id="fl-105">
         <path>D:\CCS\ccs\tools\compiler\ti-cgt-arm_18.12.2.LTS\lib\</path>
         <kind>archive</kind>
         <file>rtsv7M4_T_le_v4SPD16_eabi.lib</file>
         <name>boot_cortex_m.c.obj</name>
      </input_file>
      <input_file id="fl-106">
         <path>D:\CCS\ccs\tools\compiler\ti-cgt-arm_18.12.2.LTS\lib\</path>
         <kind>archive</kind>
         <file>rtsv7M4_T_le_v4SPD16_eabi.lib</file>
         <name>errno.c.obj</name>
      </input_file>
      <input_file id="fl-107">
         <path>D:\CCS\ccs\tools\compiler\ti-cgt-arm_18.12.2.LTS\lib\</path>
         <kind>archive</kind>
         <file>rtsv7M4_T_le_v4SPD16_eabi.lib</file>
         <name>_printfi.c.obj</name>
      </input_file>
      <input_file id="fl-108">
         <path>D:\CCS\ccs\tools\compiler\ti-cgt-arm_18.12.2.LTS\lib\</path>
         <kind>archive</kind>
         <file>rtsv7M4_T_le_v4SPD16_eabi.lib</file>
         <name>s_frexp.c.obj</name>
      </input_file>
      <input_file id="fl-109">
         <path>D:\CCS\ccs\tools\compiler\ti-cgt-arm_18.12.2.LTS\lib\</path>
         <kind>archive</kind>
         <file>rtsv7M4_T_le_v4SPD16_eabi.lib</file>
         <name>s_scalbn.c.obj</name>
      </input_file>
      <input_file id="fl-10a">
         <path>D:\CCS\ccs\tools\compiler\ti-cgt-arm_18.12.2.LTS\lib\</path>
         <kind>archive</kind>
         <file>rtsv7M4_T_le_v4SPD16_eabi.lib</file>
         <name>div0.asm.obj</name>
      </input_file>
      <input_file id="fl-10b">
         <path>D:\CCS\ccs\tools\compiler\ti-cgt-arm_18.12.2.LTS\lib\</path>
         <kind>archive</kind>
         <file>rtsv7M4_T_le_v4SPD16_eabi.lib</file>
         <name>fd_add_t2.asm.obj</name>
      </input_file>
      <input_file id="fl-10c">
         <path>D:\CCS\ccs\tools\compiler\ti-cgt-arm_18.12.2.LTS\lib\</path>
         <kind>archive</kind>
         <file>rtsv7M4_T_le_v4SPD16_eabi.lib</file>
         <name>fd_cmp_t2.asm.obj</name>
      </input_file>
      <input_file id="fl-10d">
         <path>D:\CCS\ccs\tools\compiler\ti-cgt-arm_18.12.2.LTS\lib\</path>
         <kind>archive</kind>
         <file>rtsv7M4_T_le_v4SPD16_eabi.lib</file>
         <name>fd_div_t2.asm.obj</name>
      </input_file>
      <input_file id="fl-10e">
         <path>D:\CCS\ccs\tools\compiler\ti-cgt-arm_18.12.2.LTS\lib\</path>
         <kind>archive</kind>
         <file>rtsv7M4_T_le_v4SPD16_eabi.lib</file>
         <name>fd_mul_t2.asm.obj</name>
      </input_file>
      <input_file id="fl-10f">
         <path>D:\CCS\ccs\tools\compiler\ti-cgt-arm_18.12.2.LTS\lib\</path>
         <kind>archive</kind>
         <file>rtsv7M4_T_le_v4SPD16_eabi.lib</file>
         <name>fd_toi_t2.asm.obj</name>
      </input_file>
      <input_file id="fl-110">
         <path>D:\CCS\ccs\tools\compiler\ti-cgt-arm_18.12.2.LTS\lib\</path>
         <kind>archive</kind>
         <file>rtsv7M4_T_le_v4SPD16_eabi.lib</file>
         <name>i_tofd_t2.asm.obj</name>
      </input_file>
      <input_file id="fl-111">
         <path>D:\CCS\ccs\tools\compiler\ti-cgt-arm_18.12.2.LTS\lib\</path>
         <kind>archive</kind>
         <file>rtsv7M4_T_le_v4SPD16_eabi.lib</file>
         <name>autoinit.c.obj</name>
      </input_file>
      <input_file id="fl-112">
         <path>D:\CCS\ccs\tools\compiler\ti-cgt-arm_18.12.2.LTS\lib\</path>
         <kind>archive</kind>
         <file>rtsv7M4_T_le_v4SPD16_eabi.lib</file>
         <name>pre_init.c.obj</name>
      </input_file>
      <input_file id="fl-113">
         <path>D:\CCS\ccs\tools\compiler\ti-cgt-arm_18.12.2.LTS\lib\</path>
         <kind>archive</kind>
         <file>rtsv7M4_T_le_v4SPD16_eabi.lib</file>
         <name>cpy_tbl.c.obj</name>
      </input_file>
      <input_file id="fl-114">
         <path>D:\CCS\ccs\tools\compiler\ti-cgt-arm_18.12.2.LTS\lib\</path>
         <kind>archive</kind>
         <file>rtsv7M4_T_le_v4SPD16_eabi.lib</file>
         <name>exit.c.obj</name>
      </input_file>
      <input_file id="fl-115">
         <path>D:\CCS\ccs\tools\compiler\ti-cgt-arm_18.12.2.LTS\lib\</path>
         <kind>archive</kind>
         <file>rtsv7M4_T_le_v4SPD16_eabi.lib</file>
         <name>_lock.c.obj</name>
      </input_file>
      <input_file id="fl-116">
         <path>D:\CCS\ccs\tools\compiler\ti-cgt-arm_18.12.2.LTS\lib\</path>
         <kind>archive</kind>
         <file>rtsv7M4_T_le_v4SPD16_eabi.lib</file>
         <name>args_main.c.obj</name>
      </input_file>
      <input_file id="fl-117">
         <path>D:\CCS\ccs\tools\compiler\ti-cgt-arm_18.12.2.LTS\lib\</path>
         <kind>archive</kind>
         <file>rtsv7M4_T_le_v4SPD16_eabi.lib</file>
         <name>atoi.c.obj</name>
      </input_file>
      <input_file id="fl-118">
         <path>D:\CCS\ccs\tools\compiler\ti-cgt-arm_18.12.2.LTS\lib\</path>
         <kind>archive</kind>
         <file>rtsv7M4_T_le_v4SPD16_eabi.lib</file>
         <name>ctype.c.obj</name>
      </input_file>
      <input_file id="fl-119">
         <path>D:\CCS\ccs\tools\compiler\ti-cgt-arm_18.12.2.LTS\lib\</path>
         <kind>archive</kind>
         <file>rtsv7M4_T_le_v4SPD16_eabi.lib</file>
         <name>ltoa.c.obj</name>
      </input_file>
      <input_file id="fl-11a">
         <path>D:\CCS\ccs\tools\compiler\ti-cgt-arm_18.12.2.LTS\lib\</path>
         <kind>archive</kind>
         <file>rtsv7M4_T_le_v4SPD16_eabi.lib</file>
         <name>memccpy.c.obj</name>
      </input_file>
      <input_file id="fl-11b">
         <path>D:\CCS\ccs\tools\compiler\ti-cgt-arm_18.12.2.LTS\lib\</path>
         <kind>archive</kind>
         <file>rtsv7M4_T_le_v4SPD16_eabi.lib</file>
         <name>wcslen.c.obj</name>
      </input_file>
      <input_file id="fl-11c">
         <path>D:\CCS\ccs\tools\compiler\ti-cgt-arm_18.12.2.LTS\lib\</path>
         <kind>archive</kind>
         <file>rtsv7M4_T_le_v4SPD16_eabi.lib</file>
         <name>s_copysign.c.obj</name>
      </input_file>
   </input_file_list>
   <object_component_list>
      <object_component id="oc-23">
         <name>.intvecs:retain</name>
         <load_address>0x0</load_address>
         <run_address>0x0</run_address>
         <size>0xe4</size>
         <input_file_ref idref="fl-3"/>
      </object_component>
      <object_component id="oc-375">
         <name>.text</name>
         <load_address>0xe4</load_address>
         <run_address>0xe4</run_address>
         <size>0xd5e0</size>
         <input_file_ref idref="fl-f"/>
      </object_component>
      <object_component id="oc-5d6">
         <name>.text</name>
         <load_address>0xd6c4</load_address>
         <run_address>0xd6c4</run_address>
         <size>0x2024</size>
         <input_file_ref idref="fl-1e"/>
      </object_component>
      <object_component id="oc-395">
         <name>.text</name>
         <load_address>0xf6e8</load_address>
         <run_address>0xf6e8</run_address>
         <size>0x1810</size>
         <input_file_ref idref="fl-d"/>
      </object_component>
      <object_component id="oc-444">
         <name>.text</name>
         <load_address>0x10ef8</load_address>
         <run_address>0x10ef8</run_address>
         <size>0xfb0</size>
         <input_file_ref idref="fl-19"/>
      </object_component>
      <object_component id="oc-44a">
         <name>.text</name>
         <load_address>0x11ea8</load_address>
         <run_address>0x11ea8</run_address>
         <size>0xed4</size>
         <input_file_ref idref="fl-24"/>
      </object_component>
      <object_component id="oc-264">
         <name>.text</name>
         <load_address>0x12d7c</load_address>
         <run_address>0x12d7c</run_address>
         <size>0xc28</size>
         <input_file_ref idref="fl-10"/>
      </object_component>
      <object_component id="oc-42f">
         <name>.text</name>
         <load_address>0x139a4</load_address>
         <run_address>0x139a4</run_address>
         <size>0xb44</size>
         <input_file_ref idref="fl-21"/>
      </object_component>
      <object_component id="oc-423">
         <name>.text</name>
         <load_address>0x144e8</load_address>
         <run_address>0x144e8</run_address>
         <size>0xac0</size>
         <input_file_ref idref="fl-26"/>
      </object_component>
      <object_component id="oc-585">
         <name>.text:__TI_printfi</name>
         <load_address>0x14fa8</load_address>
         <run_address>0x14fa8</run_address>
         <size>0xa4e</size>
         <input_file_ref idref="fl-107"/>
      </object_component>
      <object_component id="oc-517">
         <name>.text:_nop</name>
         <load_address>0x159f6</load_address>
         <run_address>0x159f6</run_address>
         <size>0x2</size>
         <input_file_ref idref="fl-115"/>
      </object_component>
      <object_component id="oc-72">
         <name>.text</name>
         <load_address>0x159f8</load_address>
         <run_address>0x159f8</run_address>
         <size>0x84c</size>
         <input_file_ref idref="fl-2a"/>
      </object_component>
      <object_component id="oc-28e">
         <name>.text</name>
         <load_address>0x16244</load_address>
         <run_address>0x16244</run_address>
         <size>0x784</size>
         <input_file_ref idref="fl-b"/>
      </object_component>
      <object_component id="oc-294">
         <name>.text</name>
         <load_address>0x169c8</load_address>
         <run_address>0x169c8</run_address>
         <size>0x764</size>
         <input_file_ref idref="fl-18"/>
      </object_component>
      <object_component id="oc-450">
         <name>.text</name>
         <load_address>0x1712c</load_address>
         <run_address>0x1712c</run_address>
         <size>0x5f0</size>
         <input_file_ref idref="fl-1c"/>
      </object_component>
      <object_component id="oc-417">
         <name>.text</name>
         <load_address>0x1771c</load_address>
         <run_address>0x1771c</run_address>
         <size>0x5b4</size>
         <input_file_ref idref="fl-1d"/>
      </object_component>
      <object_component id="oc-7e">
         <name>.text</name>
         <load_address>0x17cd0</load_address>
         <run_address>0x17cd0</run_address>
         <size>0x360</size>
         <input_file_ref idref="fl-13"/>
      </object_component>
      <object_component id="oc-78">
         <name>.text</name>
         <load_address>0x18030</load_address>
         <run_address>0x18030</run_address>
         <size>0x350</size>
         <input_file_ref idref="fl-17"/>
      </object_component>
      <object_component id="oc-c0">
         <name>.text</name>
         <load_address>0x18380</load_address>
         <run_address>0x18380</run_address>
         <size>0x334</size>
         <input_file_ref idref="fl-4"/>
      </object_component>
      <object_component id="oc-276">
         <name>.text</name>
         <load_address>0x186b4</load_address>
         <run_address>0x186b4</run_address>
         <size>0x2f8</size>
         <input_file_ref idref="fl-8"/>
      </object_component>
      <object_component id="oc-68a">
         <name>.text</name>
         <load_address>0x189ac</load_address>
         <run_address>0x189ac</run_address>
         <size>0x2ea</size>
         <input_file_ref idref="fl-1b"/>
      </object_component>
      <object_component id="oc-793">
         <name>.text</name>
         <load_address>0x18c96</load_address>
         <run_address>0x18c96</run_address>
         <size>0x2</size>
         <input_file_ref idref="fl-10a"/>
      </object_component>
      <object_component id="oc-270">
         <name>.text</name>
         <load_address>0x18c98</load_address>
         <run_address>0x18c98</run_address>
         <size>0x2e0</size>
         <input_file_ref idref="fl-e"/>
      </object_component>
      <object_component id="oc-27c">
         <name>.text</name>
         <load_address>0x18f78</load_address>
         <run_address>0x18f78</run_address>
         <size>0x290</size>
         <input_file_ref idref="fl-c"/>
      </object_component>
      <object_component id="oc-7ca">
         <name>.text:_pconv_a</name>
         <load_address>0x19208</load_address>
         <run_address>0x19208</run_address>
         <size>0x270</size>
         <input_file_ref idref="fl-107"/>
      </object_component>
      <object_component id="oc-25e">
         <name>.text</name>
         <load_address>0x19478</load_address>
         <run_address>0x19478</run_address>
         <size>0x234</size>
         <input_file_ref idref="fl-16"/>
      </object_component>
      <object_component id="oc-5dc">
         <name>.text</name>
         <load_address>0x196ac</load_address>
         <run_address>0x196ac</run_address>
         <size>0x210</size>
         <input_file_ref idref="fl-27"/>
      </object_component>
      <object_component id="oc-7b8">
         <name>.text:_pconv_g</name>
         <load_address>0x198bc</load_address>
         <run_address>0x198bc</run_address>
         <size>0x1d0</size>
         <input_file_ref idref="fl-107"/>
      </object_component>
      <object_component id="oc-8fb">
         <name>.text</name>
         <load_address>0x19a8c</load_address>
         <run_address>0x19a8c</run_address>
         <size>0x1b6</size>
         <input_file_ref idref="fl-10b"/>
      </object_component>
      <object_component id="oc-2e3">
         <name>.text:__PCM_setPowerStateAdvanced</name>
         <load_address>0x19c42</load_address>
         <run_address>0x19c42</run_address>
         <size>0x1a0</size>
         <input_file_ref idref="fl-37"/>
      </object_component>
      <object_component id="oc-26a">
         <name>.text</name>
         <load_address>0x19de4</load_address>
         <run_address>0x19de4</run_address>
         <size>0x178</size>
         <input_file_ref idref="fl-a"/>
      </object_component>
      <object_component id="oc-7c4">
         <name>.text:_pconv_e</name>
         <load_address>0x19f5c</load_address>
         <run_address>0x19f5c</run_address>
         <size>0x13c</size>
         <input_file_ref idref="fl-107"/>
      </object_component>
      <object_component id="oc-8e1">
         <name>.text</name>
         <load_address>0x1a098</load_address>
         <run_address>0x1a098</run_address>
         <size>0x136</size>
         <input_file_ref idref="fl-10d"/>
      </object_component>
      <object_component id="oc-41d">
         <name>.text</name>
         <load_address>0x1a1d0</load_address>
         <run_address>0x1a1d0</run_address>
         <size>0x130</size>
         <input_file_ref idref="fl-23"/>
      </object_component>
      <object_component id="oc-282">
         <name>.text</name>
         <load_address>0x1a300</load_address>
         <run_address>0x1a300</run_address>
         <size>0x124</size>
         <input_file_ref idref="fl-11"/>
      </object_component>
      <object_component id="oc-90d">
         <name>.text:fcvt</name>
         <load_address>0x1a424</load_address>
         <run_address>0x1a424</run_address>
         <size>0x124</size>
         <input_file_ref idref="fl-107"/>
      </object_component>
      <object_component id="oc-429">
         <name>.text</name>
         <load_address>0x1a548</load_address>
         <run_address>0x1a548</run_address>
         <size>0x110</size>
         <input_file_ref idref="fl-22"/>
      </object_component>
      <object_component id="oc-921">
         <name>.text:scalbn</name>
         <load_address>0x1a658</load_address>
         <run_address>0x1a658</run_address>
         <size>0x110</size>
         <input_file_ref idref="fl-109"/>
      </object_component>
      <object_component id="oc-471">
         <name>.text:strtoul</name>
         <load_address>0x1a768</load_address>
         <run_address>0x1a768</run_address>
         <size>0x110</size>
         <input_file_ref idref="fl-104"/>
      </object_component>
      <object_component id="oc-4fc">
         <name>.text:CS_getDCOFrequency</name>
         <load_address>0x1a878</load_address>
         <run_address>0x1a878</run_address>
         <size>0x104</size>
         <input_file_ref idref="fl-32"/>
      </object_component>
      <object_component id="oc-258">
         <name>.text</name>
         <load_address>0x1a97c</load_address>
         <run_address>0x1a97c</run_address>
         <size>0xfe</size>
         <input_file_ref idref="fl-15"/>
      </object_component>
      <object_component id="oc-8dc">
         <name>.text</name>
         <load_address>0x1aa7a</load_address>
         <run_address>0x1aa7a</run_address>
         <size>0xfc</size>
         <input_file_ref idref="fl-10e"/>
      </object_component>
      <object_component id="oc-1f3">
         <name>.text</name>
         <load_address>0x1ab78</load_address>
         <run_address>0x1ab78</run_address>
         <size>0xf8</size>
         <input_file_ref idref="fl-5"/>
      </object_component>
      <object_component id="oc-6e4">
         <name>.text:aligned_alloc</name>
         <load_address>0x1ac70</load_address>
         <run_address>0x1ac70</run_address>
         <size>0xf4</size>
         <input_file_ref idref="fl-fe"/>
      </object_component>
      <object_component id="oc-462">
         <name>.text:free</name>
         <load_address>0x1ad64</load_address>
         <run_address>0x1ad64</run_address>
         <size>0xe8</size>
         <input_file_ref idref="fl-fe"/>
      </object_component>
      <object_component id="oc-147">
         <name>.text:CS_initClockSignal</name>
         <load_address>0x1ae4c</load_address>
         <run_address>0x1ae4c</run_address>
         <size>0xe0</size>
         <input_file_ref idref="fl-32"/>
      </object_component>
      <object_component id="oc-4e8">
         <name>.text:__PCM_setPowerModeAdvanced</name>
         <load_address>0x1af2c</load_address>
         <run_address>0x1af2c</run_address>
         <size>0xdc</size>
         <input_file_ref idref="fl-37"/>
      </object_component>
      <object_component id="oc-7ad">
         <name>.text:_ltostr</name>
         <load_address>0x1b008</load_address>
         <run_address>0x1b008</run_address>
         <size>0xb1</size>
         <input_file_ref idref="fl-107"/>
      </object_component>
      <object_component id="oc-4a1">
         <name>.text:__PCM_setCoreVoltageLevelAdvanced</name>
         <load_address>0x1b0bc</load_address>
         <run_address>0x1b0bc</run_address>
         <size>0xb0</size>
         <input_file_ref idref="fl-37"/>
      </object_component>
      <object_component id="oc-3f8">
         <name>.text:PutChar</name>
         <load_address>0x1b16c</load_address>
         <run_address>0x1b16c</run_address>
         <size>0xa4</size>
         <input_file_ref idref="fl-b"/>
      </object_component>
      <object_component id="oc-4a8">
         <name>.text:CS_startHFXTWithTimeout</name>
         <load_address>0x1b210</load_address>
         <run_address>0x1b210</run_address>
         <size>0x9c</size>
         <input_file_ref idref="fl-32"/>
      </object_component>
      <object_component id="oc-2fa">
         <name>.text:_CSComputeCLKFrequency</name>
         <load_address>0x1b2ac</load_address>
         <run_address>0x1b2ac</run_address>
         <size>0x9c</size>
         <input_file_ref idref="fl-32"/>
      </object_component>
      <object_component id="oc-37">
         <name>.text</name>
         <load_address>0x1b348</load_address>
         <run_address>0x1b348</run_address>
         <size>0x9c</size>
         <input_file_ref idref="fl-fa"/>
      </object_component>
      <object_component id="oc-798">
         <name>.text</name>
         <load_address>0x1b3e4</load_address>
         <run_address>0x1b3e4</run_address>
         <size>0x96</size>
         <input_file_ref idref="fl-f7"/>
      </object_component>
      <object_component id="oc-3ae">
         <name>.text:UART_initModule</name>
         <load_address>0x1b47c</load_address>
         <run_address>0x1b47c</run_address>
         <size>0x94</size>
         <input_file_ref idref="fl-3b"/>
      </object_component>
      <object_component id="oc-7b3">
         <name>.text:__aeabi_cdcmple</name>
         <load_address>0x1b510</load_address>
         <run_address>0x1b510</run_address>
         <size>0x86</size>
         <input_file_ref idref="fl-10c"/>
      </object_component>
      <object_component id="oc-8e6">
         <name>.text:__aeabi_cdrcmple</name>
         <load_address>0x1b596</load_address>
         <run_address>0x1b596</run_address>
         <size>0x86</size>
         <input_file_ref idref="fl-10c"/>
      </object_component>
      <object_component id="oc-d9">
         <name>.text</name>
         <load_address>0x1b61c</load_address>
         <run_address>0x1b61c</run_address>
         <size>0x84</size>
         <input_file_ref idref="fl-9"/>
      </object_component>
      <object_component id="oc-7f1">
         <name>.text</name>
         <load_address>0x1b6a0</load_address>
         <run_address>0x1b6a0</run_address>
         <size>0x80</size>
         <input_file_ref idref="fl-1f"/>
      </object_component>
      <object_component id="oc-4d6">
         <name>.text:PCM_gotoLPM3</name>
         <load_address>0x1b720</load_address>
         <run_address>0x1b720</run_address>
         <size>0x7c</size>
         <input_file_ref idref="fl-37"/>
      </object_component>
      <object_component id="oc-8ae">
         <name>.text:split</name>
         <load_address>0x1b79c</load_address>
         <run_address>0x1b79c</run_address>
         <size>0x7c</size>
         <input_file_ref idref="fl-fe"/>
      </object_component>
      <object_component id="oc-a2">
         <name>.text</name>
         <load_address>0x1b818</load_address>
         <run_address>0x1b818</run_address>
         <size>0x7a</size>
         <input_file_ref idref="fl-f8"/>
      </object_component>
      <object_component id="oc-73f">
         <name>.text:_CSGetHFXTFrequency</name>
         <load_address>0x1b894</load_address>
         <run_address>0x1b894</run_address>
         <size>0x70</size>
         <input_file_ref idref="fl-32"/>
      </object_component>
      <object_component id="oc-906">
         <name>.text:_mcpy</name>
         <load_address>0x1b904</load_address>
         <run_address>0x1b904</run_address>
         <size>0x6e</size>
         <input_file_ref idref="fl-107"/>
      </object_component>
      <object_component id="oc-570">
         <name>.text</name>
         <load_address>0x1b972</load_address>
         <run_address>0x1b972</run_address>
         <size>0x6e</size>
         <input_file_ref idref="fl-f6"/>
      </object_component>
      <object_component id="oc-5cb">
         <name>.text:LCD_ReadData</name>
         <load_address>0x1b9e0</load_address>
         <run_address>0x1b9e0</run_address>
         <size>0x6c</size>
         <input_file_ref idref="fl-b"/>
      </object_component>
      <object_component id="oc-14">
         <name>.text:decompress:lzss:__TI_decompress_lzss</name>
         <load_address>0x1ba4c</load_address>
         <run_address>0x1ba4c</run_address>
         <size>0x68</size>
         <input_file_ref idref="fl-fd"/>
      </object_component>
      <object_component id="oc-123">
         <name>.text:Interrupt_disableInterrupt</name>
         <load_address>0x1bab4</load_address>
         <run_address>0x1bab4</run_address>
         <size>0x64</size>
         <input_file_ref idref="fl-36"/>
      </object_component>
      <object_component id="oc-111">
         <name>.text:Interrupt_enableInterrupt</name>
         <load_address>0x1bb18</load_address>
         <run_address>0x1bb18</run_address>
         <size>0x64</size>
         <input_file_ref idref="fl-36"/>
      </object_component>
      <object_component id="oc-91b">
         <name>.text:frexp</name>
         <load_address>0x1bb7c</load_address>
         <run_address>0x1bb7c</run_address>
         <size>0x64</size>
         <input_file_ref idref="fl-108"/>
      </object_component>
      <object_component id="oc-7be">
         <name>.text:_pconv_f</name>
         <load_address>0x1bbe0</load_address>
         <run_address>0x1bbe0</run_address>
         <size>0x56</size>
         <input_file_ref idref="fl-107"/>
      </object_component>
      <object_component id="oc-8f0">
         <name>.text:ltoa</name>
         <load_address>0x1bc36</load_address>
         <run_address>0x1bc36</run_address>
         <size>0x54</size>
         <input_file_ref idref="fl-119"/>
      </object_component>
      <object_component id="oc-900">
         <name>.text:_ecpy</name>
         <load_address>0x1bc8a</load_address>
         <run_address>0x1bc8a</run_address>
         <size>0x52</size>
         <input_file_ref idref="fl-107"/>
      </object_component>
      <object_component id="oc-4e2">
         <name>.text:PCM_shutdownDevice</name>
         <load_address>0x1bcdc</load_address>
         <run_address>0x1bcdc</run_address>
         <size>0x50</size>
         <input_file_ref idref="fl-37"/>
      </object_component>
      <object_component id="oc-767">
         <name>.text:SysCtl_getTLVInfo</name>
         <load_address>0x1bd2c</load_address>
         <run_address>0x1bd2c</run_address>
         <size>0x50</size>
         <input_file_ref idref="fl-39"/>
      </object_component>
      <object_component id="oc-6d">
         <name>.text</name>
         <load_address>0x1bd7c</load_address>
         <run_address>0x1bd7c</run_address>
         <size>0x4c</size>
         <input_file_ref idref="fl-2b"/>
      </object_component>
      <object_component id="oc-129">
         <name>.text:GPIO_setAsPeripheralModuleFunctionOutputPin</name>
         <load_address>0x1bdc8</load_address>
         <run_address>0x1bdc8</run_address>
         <size>0x4c</size>
         <input_file_ref idref="fl-34"/>
      </object_component>
      <object_component id="oc-761">
         <name>.text:_CSGetDOCFrequency</name>
         <load_address>0x1be14</load_address>
         <run_address>0x1be14</run_address>
         <size>0x4c</size>
         <input_file_ref idref="fl-32"/>
      </object_component>
      <object_component id="oc-7a7">
         <name>.text:atoi</name>
         <load_address>0x1be60</load_address>
         <run_address>0x1be60</run_address>
         <size>0x4c</size>
         <input_file_ref idref="fl-117"/>
      </object_component>
      <object_component id="oc-288">
         <name>.text</name>
         <load_address>0x1beac</load_address>
         <run_address>0x1beac</run_address>
         <size>0x4c</size>
         <input_file_ref idref="fl-14"/>
      </object_component>
      <object_component id="oc-3ba">
         <name>.text:snprintf</name>
         <load_address>0x1bef8</load_address>
         <run_address>0x1bef8</run_address>
         <size>0x4c</size>
         <input_file_ref idref="fl-f3"/>
      </object_component>
      <object_component id="oc-d3">
         <name>.text</name>
         <load_address>0x1bf44</load_address>
         <run_address>0x1bf44</run_address>
         <size>0x48</size>
         <input_file_ref idref="fl-7"/>
      </object_component>
      <object_component id="oc-3a8">
         <name>.text:GPIO_setAsPeripheralModuleFunctionInputPin</name>
         <load_address>0x1bf8c</load_address>
         <run_address>0x1bf8c</run_address>
         <size>0x48</size>
         <input_file_ref idref="fl-34"/>
      </object_component>
      <object_component id="oc-4f6">
         <name>.text:_CSGetDividerValue</name>
         <load_address>0x1bfd4</load_address>
         <run_address>0x1bfd4</run_address>
         <size>0x48</size>
         <input_file_ref idref="fl-32"/>
      </object_component>
      <object_component id="oc-8eb">
         <name>.text</name>
         <load_address>0x1c01c</load_address>
         <run_address>0x1c01c</run_address>
         <size>0x48</size>
         <input_file_ref idref="fl-10f"/>
      </object_component>
      <object_component id="oc-207">
         <name>.text:__TI_auto_init_nobinit_nopinit:__TI_auto_init_nobinit_nopinit</name>
         <load_address>0x1c064</load_address>
         <run_address>0x1c064</run_address>
         <size>0x44</size>
         <input_file_ref idref="fl-111"/>
      </object_component>
      <object_component id="oc-5c5">
         <name>.text</name>
         <load_address>0x1c0a8</load_address>
         <run_address>0x1c0a8</run_address>
         <size>0x40</size>
         <input_file_ref idref="fl-6"/>
      </object_component>
      <object_component id="oc-5be">
         <name>.text:LCD_WriteData</name>
         <load_address>0x1c0e8</load_address>
         <run_address>0x1c0e8</run_address>
         <size>0x40</size>
         <input_file_ref idref="fl-b"/>
      </object_component>
      <object_component id="oc-45c">
         <name>.text:sprintf</name>
         <load_address>0x1c128</load_address>
         <run_address>0x1c128</run_address>
         <size>0x40</size>
         <input_file_ref idref="fl-f4"/>
      </object_component>
      <object_component id="oc-684">
         <name>.text:vsnprintf</name>
         <load_address>0x1c168</load_address>
         <run_address>0x1c168</run_address>
         <size>0x40</size>
         <input_file_ref idref="fl-f5"/>
      </object_component>
      <object_component id="oc-16b">
         <name>.text:I2C_initMaster</name>
         <load_address>0x1c1a8</load_address>
         <run_address>0x1c1a8</run_address>
         <size>0x3e</size>
         <input_file_ref idref="fl-35"/>
      </object_component>
      <object_component id="oc-913">
         <name>.text:_fcpy</name>
         <load_address>0x1c1e6</load_address>
         <run_address>0x1c1e6</run_address>
         <size>0x3e</size>
         <input_file_ref idref="fl-107"/>
      </object_component>
      <object_component id="oc-406">
         <name>.text:SPISendRecvByte</name>
         <load_address>0x1c224</load_address>
         <run_address>0x1c224</run_address>
         <size>0x3c</size>
         <input_file_ref idref="fl-b"/>
      </object_component>
      <object_component id="oc-183">
         <name>.text:I2C_masterSendMultiByteStart</name>
         <load_address>0x1c260</load_address>
         <run_address>0x1c260</run_address>
         <size>0x38</size>
         <input_file_ref idref="fl-35"/>
      </object_component>
      <object_component id="oc-3e3">
         <name>.text:LCD_WriteIndex</name>
         <load_address>0x1c298</load_address>
         <run_address>0x1c298</run_address>
         <size>0x34</size>
         <input_file_ref idref="fl-b"/>
      </object_component>
      <object_component id="oc-55">
         <name>.text:_c_int00_noargs:_c_int00_noargs</name>
         <load_address>0x1c2cc</load_address>
         <run_address>0x1c2cc</run_address>
         <size>0x34</size>
         <input_file_ref idref="fl-105"/>
      </object_component>
      <object_component id="oc-1a7">
         <name>.text:I2C_masterSendMultiByteStop</name>
         <load_address>0x1c300</load_address>
         <run_address>0x1c300</run_address>
         <size>0x30</size>
         <input_file_ref idref="fl-35"/>
      </object_component>
      <object_component id="oc-58b">
         <name>.text:_outs</name>
         <load_address>0x1c330</load_address>
         <run_address>0x1c330</run_address>
         <size>0x30</size>
         <input_file_ref idref="fl-f3"/>
      </object_component>
      <object_component id="oc-868">
         <name>.text:_outs</name>
         <load_address>0x1c360</load_address>
         <run_address>0x1c360</run_address>
         <size>0x30</size>
         <input_file_ref idref="fl-f5"/>
      </object_component>
      <object_component id="oc-8f6">
         <name>.text</name>
         <load_address>0x1c390</load_address>
         <run_address>0x1c390</run_address>
         <size>0x2e</size>
         <input_file_ref idref="fl-110"/>
      </object_component>
      <object_component id="oc-726">
         <name>.text:PCM_getCoreVoltageLevel</name>
         <load_address>0x1c3be</load_address>
         <run_address>0x1c3be</run_address>
         <size>0x2c</size>
         <input_file_ref idref="fl-37"/>
      </object_component>
      <object_component id="oc-477">
         <name>.text:strncmp</name>
         <load_address>0x1c3ea</load_address>
         <run_address>0x1c3ea</run_address>
         <size>0x2c</size>
         <input_file_ref idref="fl-103"/>
      </object_component>
      <object_component id="oc-720">
         <name>.text:PCM_getPowerMode</name>
         <load_address>0x1c416</load_address>
         <run_address>0x1c416</run_address>
         <size>0x2a</size>
         <input_file_ref idref="fl-37"/>
      </object_component>
      <object_component id="oc-135">
         <name>.text:FlashCtl_setWaitState</name>
         <load_address>0x1c440</load_address>
         <run_address>0x1c440</run_address>
         <size>0x28</size>
         <input_file_ref idref="fl-33"/>
      </object_component>
      <object_component id="oc-4ee">
         <name>.text:PCM_gotoLPM0</name>
         <load_address>0x1c468</load_address>
         <run_address>0x1c468</run_address>
         <size>0x28</size>
         <input_file_ref idref="fl-37"/>
      </object_component>
      <object_component id="oc-6ff">
         <name>.text:free_list_insert</name>
         <load_address>0x1c490</load_address>
         <run_address>0x1c490</run_address>
         <size>0x28</size>
         <input_file_ref idref="fl-fe"/>
      </object_component>
      <object_component id="oc-3ff">
         <name>.text:LCD_ReadReg</name>
         <load_address>0x1c4b8</load_address>
         <run_address>0x1c4b8</run_address>
         <size>0x26</size>
         <input_file_ref idref="fl-b"/>
      </object_component>
      <object_component id="oc-380">
         <name>.text</name>
         <load_address>0x1c4de</load_address>
         <run_address>0x1c4de</run_address>
         <size>0x26</size>
         <input_file_ref idref="fl-12"/>
      </object_component>
      <object_component id="oc-502">
         <name>.text:CS_clearInterruptFlag</name>
         <load_address>0x1c504</load_address>
         <run_address>0x1c504</run_address>
         <size>0x24</size>
         <input_file_ref idref="fl-32"/>
      </object_component>
      <object_component id="oc-141">
         <name>.text:CS_setDCOCenteredFrequency</name>
         <load_address>0x1c528</load_address>
         <run_address>0x1c528</run_address>
         <size>0x24</size>
         <input_file_ref idref="fl-32"/>
      </object_component>
      <object_component id="oc-1b3">
         <name>.text:I2C_masterSendMultiByteNext</name>
         <load_address>0x1c54c</load_address>
         <run_address>0x1c54c</run_address>
         <size>0x24</size>
         <input_file_ref idref="fl-35"/>
      </object_component>
      <object_component id="oc-117">
         <name>.text:Interrupt_setPriority</name>
         <load_address>0x1c570</load_address>
         <run_address>0x1c570</run_address>
         <size>0x24</size>
         <input_file_ref idref="fl-36"/>
      </object_component>
      <object_component id="oc-754">
         <name>.text:RTC_C_holdClock</name>
         <load_address>0x1c594</load_address>
         <run_address>0x1c594</run_address>
         <size>0x24</size>
         <input_file_ref idref="fl-38"/>
      </object_component>
      <object_component id="oc-3a2">
         <name>.text:UART_transmitData</name>
         <load_address>0x1c5b8</load_address>
         <run_address>0x1c5b8</run_address>
         <size>0x24</size>
         <input_file_ref idref="fl-3b"/>
      </object_component>
      <object_component id="oc-3dc">
         <name>.text:LCD_SetCursor</name>
         <load_address>0x1c5dc</load_address>
         <run_address>0x1c5dc</run_address>
         <size>0x20</size>
         <input_file_ref idref="fl-b"/>
      </object_component>
      <object_component id="oc-3f1">
         <name>.text:LCD_Write_Data_Only</name>
         <load_address>0x1c5fc</load_address>
         <run_address>0x1c5fc</run_address>
         <size>0x20</size>
         <input_file_ref idref="fl-b"/>
      </object_component>
      <object_component id="oc-3d5">
         <name>.text:LCD_WriteReg</name>
         <load_address>0x1c61c</load_address>
         <run_address>0x1c61c</run_address>
         <size>0x1c</size>
         <input_file_ref idref="fl-b"/>
      </object_component>
      <object_component id="oc-6f9">
         <name>.text:free_list_remove</name>
         <load_address>0x1c638</load_address>
         <run_address>0x1c638</run_address>
         <size>0x1c</size>
         <input_file_ref idref="fl-fe"/>
      </object_component>
      <object_component id="oc-7d0">
         <name>.text:memccpy</name>
         <load_address>0x1c654</load_address>
         <run_address>0x1c654</run_address>
         <size>0x1c</size>
         <input_file_ref idref="fl-11a"/>
      </object_component>
      <object_component id="oc-97a">
         <name>.text:copysign</name>
         <load_address>0x1c670</load_address>
         <run_address>0x1c670</run_address>
         <size>0x1a</size>
         <input_file_ref idref="fl-11c"/>
      </object_component>
      <object_component id="oc-2a7">
         <name>.text:CS_getMCLK</name>
         <load_address>0x1c68c</load_address>
         <run_address>0x1c68c</run_address>
         <size>0x18</size>
         <input_file_ref idref="fl-32"/>
      </object_component>
      <object_component id="oc-159">
         <name>.text:CS_getSMCLK</name>
         <load_address>0x1c6a4</load_address>
         <run_address>0x1c6a4</run_address>
         <size>0x18</size>
         <input_file_ref idref="fl-32"/>
      </object_component>
      <object_component id="oc-24c">
         <name>.text:WDT_A_clearTimer</name>
         <load_address>0x1c6bc</load_address>
         <run_address>0x1c6bc</run_address>
         <size>0x18</size>
         <input_file_ref idref="fl-3c"/>
      </object_component>
      <object_component id="oc-252">
         <name>.text:WDT_A_holdTimer</name>
         <load_address>0x1c6d4</load_address>
         <run_address>0x1c6d4</run_address>
         <size>0x18</size>
         <input_file_ref idref="fl-3c"/>
      </object_component>
      <object_component id="oc-591">
         <name>.text:_outc</name>
         <load_address>0x1c6ec</load_address>
         <run_address>0x1c6ec</run_address>
         <size>0x18</size>
         <input_file_ref idref="fl-f3"/>
      </object_component>
      <object_component id="oc-86e">
         <name>.text:_outc</name>
         <load_address>0x1c704</load_address>
         <run_address>0x1c704</run_address>
         <size>0x18</size>
         <input_file_ref idref="fl-f5"/>
      </object_component>
      <object_component id="oc-6eb">
         <name>.text:_outs</name>
         <load_address>0x1c71c</load_address>
         <run_address>0x1c71c</run_address>
         <size>0x18</size>
         <input_file_ref idref="fl-f4"/>
      </object_component>
      <object_component id="oc-56b">
         <name>.text</name>
         <load_address>0x1c734</load_address>
         <run_address>0x1c734</run_address>
         <size>0x18</size>
         <input_file_ref idref="fl-f9"/>
      </object_component>
      <object_component id="oc-690">
         <name>.text:strcmp</name>
         <load_address>0x1c74c</load_address>
         <run_address>0x1c74c</run_address>
         <size>0x18</size>
         <input_file_ref idref="fl-100"/>
      </object_component>
      <object_component id="oc-6a2">
         <name>.text:strchr</name>
         <load_address>0x1c764</load_address>
         <run_address>0x1c764</run_address>
         <size>0x16</size>
         <input_file_ref idref="fl-ff"/>
      </object_component>
      <object_component id="oc-12f">
         <name>.text:CS_setExternalClockSourceFrequency</name>
         <load_address>0x1c77c</load_address>
         <run_address>0x1c77c</run_address>
         <size>0x14</size>
         <input_file_ref idref="fl-32"/>
      </object_component>
      <object_component id="oc-15f">
         <name>.text:I2C_isBusBusy</name>
         <load_address>0x1c790</load_address>
         <run_address>0x1c790</run_address>
         <size>0x14</size>
         <input_file_ref idref="fl-35"/>
      </object_component>
      <object_component id="oc-cd">
         <name>.text:SysTick_enableInterrupt</name>
         <load_address>0x1c7a4</load_address>
         <run_address>0x1c7a4</run_address>
         <size>0x14</size>
         <input_file_ref idref="fl-3a"/>
      </object_component>
      <object_component id="oc-69c">
         <name>.text:strcpy</name>
         <load_address>0x1c7b8</load_address>
         <run_address>0x1c7b8</run_address>
         <size>0x14</size>
         <input_file_ref idref="fl-101"/>
      </object_component>
      <object_component id="oc-435">
         <name>.text:strlen</name>
         <load_address>0x1c7cc</load_address>
         <run_address>0x1c7cc</run_address>
         <size>0x14</size>
         <input_file_ref idref="fl-102"/>
      </object_component>
      <object_component id="oc-ae">
         <name>.text</name>
         <load_address>0x1c7e0</load_address>
         <run_address>0x1c7e0</run_address>
         <size>0x12</size>
         <input_file_ref idref="fl-2"/>
      </object_component>
      <object_component id="oc-7d6">
         <name>.text:wcslen</name>
         <load_address>0x1c7f2</load_address>
         <run_address>0x1c7f2</run_address>
         <size>0x12</size>
         <input_file_ref idref="fl-11b"/>
      </object_component>
      <object_component id="oc-195">
         <name>.text:I2C_masterReceiveStart</name>
         <load_address>0x1c804</load_address>
         <run_address>0x1c804</run_address>
         <size>0x10</size>
         <input_file_ref idref="fl-35"/>
      </object_component>
      <object_component id="oc-11d">
         <name>.text:Interrupt_enableMaster</name>
         <load_address>0x1c814</load_address>
         <run_address>0x1c814</run_address>
         <size>0x10</size>
         <input_file_ref idref="fl-36"/>
      </object_component>
      <object_component id="oc-4dc">
         <name>.text:PCM_gotoLPM4</name>
         <load_address>0x1c824</load_address>
         <run_address>0x1c824</run_address>
         <size>0x10</size>
         <input_file_ref idref="fl-37"/>
      </object_component>
      <object_component id="oc-739">
         <name>.text:SysCtl_disableNMISource</name>
         <load_address>0x1c834</load_address>
         <run_address>0x1c834</run_address>
         <size>0x10</size>
         <input_file_ref idref="fl-39"/>
      </object_component>
      <object_component id="oc-745">
         <name>.text:SysCtl_enableNMISource</name>
         <load_address>0x1c844</load_address>
         <run_address>0x1c844</run_address>
         <size>0x10</size>
         <input_file_ref idref="fl-39"/>
      </object_component>
      <object_component id="oc-e6">
         <name>.text</name>
         <load_address>0x1c854</load_address>
         <run_address>0x1c854</run_address>
         <size>0xe</size>
         <input_file_ref idref="fl-28"/>
      </object_component>
      <object_component id="oc-1a1">
         <name>.text:I2C_clearInterruptFlag</name>
         <load_address>0x1c862</load_address>
         <run_address>0x1c862</run_address>
         <size>0xe</size>
         <input_file_ref idref="fl-35"/>
      </object_component>
      <object_component id="oc-189">
         <name>.text:I2C_disableInterrupt</name>
         <load_address>0x1c870</load_address>
         <run_address>0x1c870</run_address>
         <size>0xe</size>
         <input_file_ref idref="fl-35"/>
      </object_component>
      <object_component id="oc-1a">
         <name>.text:decompress:none:__TI_decompress_none</name>
         <load_address>0x1c87e</load_address>
         <run_address>0x1c87e</run_address>
         <size>0xe</size>
         <input_file_ref idref="fl-fc"/>
      </object_component>
      <object_component id="oc-67">
         <name>.text</name>
         <load_address>0x1c88c</load_address>
         <run_address>0x1c88c</run_address>
         <size>0xe</size>
         <input_file_ref idref="fl-3"/>
      </object_component>
      <object_component id="oc-2cf">
         <name>.text:CPU_cpsie</name>
         <load_address>0x1c89a</load_address>
         <run_address>0x1c89a</run_address>
         <size>0xc</size>
         <input_file_ref idref="fl-3d"/>
      </object_component>
      <object_component id="oc-165">
         <name>.text:I2C_disableModule</name>
         <load_address>0x1c8a6</load_address>
         <run_address>0x1c8a6</run_address>
         <size>0xc</size>
         <input_file_ref idref="fl-35"/>
      </object_component>
      <object_component id="oc-177">
         <name>.text:I2C_enableModule</name>
         <load_address>0x1c8b2</load_address>
         <run_address>0x1c8b2</run_address>
         <size>0xc</size>
         <input_file_ref idref="fl-35"/>
      </object_component>
      <object_component id="oc-4d0">
         <name>.text:PCM_getPowerState</name>
         <load_address>0x1c8c0</load_address>
         <run_address>0x1c8c0</run_address>
         <size>0xc</size>
         <input_file_ref idref="fl-37"/>
      </object_component>
      <object_component id="oc-733">
         <name>.text:SysCtl_getNMISourceStatus</name>
         <load_address>0x1c8cc</load_address>
         <run_address>0x1c8cc</run_address>
         <size>0xc</size>
         <input_file_ref idref="fl-39"/>
      </object_component>
      <object_component id="oc-3b4">
         <name>.text:UART_enableModule</name>
         <load_address>0x1c8d8</load_address>
         <run_address>0x1c8d8</run_address>
         <size>0xc</size>
         <input_file_ref idref="fl-3b"/>
      </object_component>
      <object_component id="oc-49">
         <name>.text:decompress:ZI:__TI_zero_init</name>
         <load_address>0x1c8e4</load_address>
         <run_address>0x1c8e4</run_address>
         <size>0xc</size>
         <input_file_ref idref="fl-fb"/>
      </object_component>
      <object_component id="oc-3ea">
         <name>.text:LCD_Write_Data_Start</name>
         <load_address>0x1c8f0</load_address>
         <run_address>0x1c8f0</run_address>
         <size>0xa</size>
         <input_file_ref idref="fl-b"/>
      </object_component>
      <object_component id="oc-6f1">
         <name>.text:_outc</name>
         <load_address>0x1c8fa</load_address>
         <run_address>0x1c8fa</run_address>
         <size>0xa</size>
         <input_file_ref idref="fl-f4"/>
      </object_component>
      <object_component id="oc-17d">
         <name>.text:I2C_enableInterrupt</name>
         <load_address>0x1c904</load_address>
         <run_address>0x1c904</run_address>
         <size>0x8</size>
         <input_file_ref idref="fl-35"/>
      </object_component>
      <object_component id="oc-29b">
         <name>.text:PCM_setCoreVoltageLevel</name>
         <load_address>0x1c90c</load_address>
         <run_address>0x1c90c</run_address>
         <size>0x8</size>
         <input_file_ref idref="fl-37"/>
      </object_component>
      <object_component id="oc-72c">
         <name>.text:PCM_setPowerMode</name>
         <load_address>0x1c914</load_address>
         <run_address>0x1c914</run_address>
         <size>0x8</size>
         <input_file_ref idref="fl-37"/>
      </object_component>
      <object_component id="oc-13b">
         <name>.text:PCM_setPowerState</name>
         <load_address>0x1c91c</load_address>
         <run_address>0x1c91c</run_address>
         <size>0x8</size>
         <input_file_ref idref="fl-37"/>
      </object_component>
      <object_component id="oc-70c">
         <name>.text:__aeabi_errno_addr</name>
         <load_address>0x1c924</load_address>
         <run_address>0x1c924</run_address>
         <size>0x8</size>
         <input_file_ref idref="fl-106"/>
      </object_component>
      <object_component id="oc-456">
         <name>.text:malloc</name>
         <load_address>0x1c92c</load_address>
         <run_address>0x1c92c</run_address>
         <size>0x8</size>
         <input_file_ref idref="fl-fe"/>
      </object_component>
      <object_component id="oc-2a1">
         <name>.text:CS_startHFXT</name>
         <load_address>0x1c934</load_address>
         <run_address>0x1c934</run_address>
         <size>0x6</size>
         <input_file_ref idref="fl-32"/>
      </object_component>
      <object_component id="oc-19b">
         <name>.text:I2C_getEnabledInterruptStatus</name>
         <load_address>0x1c93a</load_address>
         <run_address>0x1c93a</run_address>
         <size>0x6</size>
         <input_file_ref idref="fl-35"/>
      </object_component>
      <object_component id="oc-18f">
         <name>.text:I2C_getInterruptStatus</name>
         <load_address>0x1c940</load_address>
         <run_address>0x1c940</run_address>
         <size>0x6</size>
         <input_file_ref idref="fl-35"/>
      </object_component>
      <object_component id="oc-1ad">
         <name>.text:I2C_masterReceiveMultiByteNext</name>
         <load_address>0x1c946</load_address>
         <run_address>0x1c946</run_address>
         <size>0x6</size>
         <input_file_ref idref="fl-35"/>
      </object_component>
      <object_component id="oc-564">
         <name>.text:SysCtlDelay</name>
         <load_address>0x1c94c</load_address>
         <run_address>0x1c94c</run_address>
         <size>0x6</size>
         <input_file_ref idref="fl-12"/>
      </object_component>
      <object_component id="oc-74d">
         <name>.text:CPU_wfi</name>
         <load_address>0x1c952</load_address>
         <run_address>0x1c952</run_address>
         <size>0x4</size>
         <input_file_ref idref="fl-3d"/>
      </object_component>
      <object_component id="oc-171">
         <name>.text:I2C_setSlaveAddress</name>
         <load_address>0x1c956</load_address>
         <run_address>0x1c956</run_address>
         <size>0x4</size>
         <input_file_ref idref="fl-35"/>
      </object_component>
      <object_component id="oc-a8">
         <name>.text:_system_pre_init</name>
         <load_address>0x1c95a</load_address>
         <run_address>0x1c95a</run_address>
         <size>0x4</size>
         <input_file_ref idref="fl-112"/>
      </object_component>
      <object_component id="oc-1fb">
         <name>.text:abort:abort</name>
         <load_address>0x1c95e</load_address>
         <run_address>0x1c95e</run_address>
         <size>0x4</size>
         <input_file_ref idref="fl-114"/>
      </object_component>
      <object_component id="oc-7ec">
         <name>.const:AsciiLib</name>
         <load_address>0x1c964</load_address>
         <run_address>0x1c964</run_address>
         <size>0x5f0</size>
         <input_file_ref idref="fl-6"/>
      </object_component>
      <object_component id="oc-712">
         <name>.const:.string:_ctypes_</name>
         <load_address>0x1cf54</load_address>
         <run_address>0x1cf54</run_address>
         <size>0x101</size>
         <input_file_ref idref="fl-118"/>
      </object_component>
      <object_component id="oc-555">
         <name>.const:.string:INVALID_OFFSET</name>
         <load_address>0x1d055</load_address>
         <run_address>0x1d055</run_address>
         <size>0x3</size>
         <input_file_ref idref="fl-f"/>
      </object_component>
      <object_component id="oc-613">
         <name>.const:$P$T0$1</name>
         <load_address>0x1d058</load_address>
         <run_address>0x1d058</run_address>
         <size>0xb0</size>
         <input_file_ref idref="fl-26"/>
      </object_component>
      <object_component id="oc-2cb">
         <name>.const:g_pulRegs</name>
         <load_address>0x1d108</load_address>
         <run_address>0x1d108</run_address>
         <size>0x50</size>
         <input_file_ref idref="fl-36"/>
      </object_component>
      <object_component id="oc-2c1">
         <name>.const</name>
         <load_address>0x1d158</load_address>
         <run_address>0x1d158</run_address>
         <size>0x40</size>
         <input_file_ref idref="fl-36"/>
      </object_component>
      <object_component id="oc-803">
         <name>.const:_SlActionLookupTable</name>
         <load_address>0x1d198</load_address>
         <run_address>0x1d198</run_address>
         <size>0x38</size>
         <input_file_ref idref="fl-1e"/>
      </object_component>
      <object_component id="oc-43b">
         <name>.const:$P$T0$1</name>
         <load_address>0x1d1d0</load_address>
         <run_address>0x1d1d0</run_address>
         <size>0x2c</size>
         <input_file_ref idref="fl-18"/>
      </object_component>
      <object_component id="oc-f1">
         <name>.const:$P$T0$1</name>
         <load_address>0x1d1fc</load_address>
         <run_address>0x1d1fc</run_address>
         <size>0x24</size>
         <input_file_ref idref="fl-2a"/>
      </object_component>
      <object_component id="oc-f4">
         <name>.const:$P$T1$2</name>
         <load_address>0x1d220</load_address>
         <run_address>0x1d220</run_address>
         <size>0x24</size>
         <input_file_ref idref="fl-2a"/>
      </object_component>
      <object_component id="oc-3d0">
         <name>.const:Uart115200Config</name>
         <load_address>0x1d244</load_address>
         <run_address>0x1d244</run_address>
         <size>0x24</size>
         <input_file_ref idref="fl-14"/>
      </object_component>
      <object_component id="oc-3c0">
         <name>.const:backChannelUart115200Config</name>
         <load_address>0x1d268</load_address>
         <run_address>0x1d268</run_address>
         <size>0x24</size>
         <input_file_ref idref="fl-8"/>
      </object_component>
      <object_component id="oc-46e">
         <name>.const:$P$T3$4</name>
         <load_address>0x1d28c</load_address>
         <run_address>0x1d28c</run_address>
         <size>0x20</size>
         <input_file_ref idref="fl-18"/>
      </object_component>
      <object_component id="oc-43e">
         <name>.const:$P$T1$2</name>
         <load_address>0x1d2ac</load_address>
         <run_address>0x1d2ac</run_address>
         <size>0x14</size>
         <input_file_ref idref="fl-18"/>
      </object_component>
      <object_component id="oc-6a8">
         <name>.const:$P$T1$2</name>
         <load_address>0x1d2c0</load_address>
         <run_address>0x1d2c0</run_address>
         <size>0x10</size>
         <input_file_ref idref="fl-19"/>
      </object_component>
      <object_component id="oc-468">
         <name>.const:$P$T2$3</name>
         <load_address>0x1d2d0</load_address>
         <run_address>0x1d2d0</run_address>
         <size>0xc</size>
         <input_file_ref idref="fl-18"/>
      </object_component>
      <object_component id="oc-558">
         <name>.const:yas532_version_ac_coef</name>
         <load_address>0x1d2dc</load_address>
         <run_address>0x1d2dc</run_address>
         <size>0xc</size>
         <input_file_ref idref="fl-f"/>
      </object_component>
      <object_component id="oc-696">
         <name>.const:.string:$P$T0$1</name>
         <load_address>0x1d2e8</load_address>
         <run_address>0x1d2e8</run_address>
         <size>0x8</size>
         <input_file_ref idref="fl-19"/>
      </object_component>
      <object_component id="oc-7fd">
         <name>.const:g_H2NCnysPattern</name>
         <load_address>0x1d2f0</load_address>
         <run_address>0x1d2f0</run_address>
         <size>0x8</size>
         <input_file_ref idref="fl-1e"/>
      </object_component>
      <object_component id="oc-7fa">
         <name>.const:g_H2NSyncPattern</name>
         <load_address>0x1d2f8</load_address>
         <run_address>0x1d2f8</run_address>
         <size>0x8</size>
         <input_file_ref idref="fl-1e"/>
      </object_component>
      <object_component id="oc-55c">
         <name>.const:v_calib_data$2</name>
         <load_address>0x1d300</load_address>
         <run_address>0x1d300</run_address>
         <size>0x8</size>
         <input_file_ref idref="fl-f"/>
      </object_component>
      <object_component id="oc-39e">
         <name>.const:.string:$P$T0$1</name>
         <load_address>0x1d308</load_address>
         <run_address>0x1d308</run_address>
         <size>0x5</size>
         <input_file_ref idref="fl-e"/>
      </object_component>
      <object_component id="oc-55b">
         <name>.const:.string:v_correct_u8$1</name>
         <load_address>0x1d30d</load_address>
         <run_address>0x1d30d</run_address>
         <size>0x5</size>
         <input_file_ref idref="fl-f"/>
      </object_component>
      <object_component id="oc-800">
         <name>.const:$P$T0$1</name>
         <load_address>0x1d312</load_address>
         <run_address>0x1d312</run_address>
         <size>0x4</size>
         <input_file_ref idref="fl-1e"/>
      </object_component>
      <object_component id="oc-669">
         <name>.const:$P$T0$1</name>
         <load_address>0x1d316</load_address>
         <run_address>0x1d316</run_address>
         <size>0x4</size>
         <input_file_ref idref="fl-21"/>
      </object_component>
      <object_component id="oc-6b5">
         <name>.const:$P$T0$1</name>
         <load_address>0x1d31a</load_address>
         <run_address>0x1d31a</run_address>
         <size>0x4</size>
         <input_file_ref idref="fl-24"/>
      </object_component>
      <object_component id="oc-6b8">
         <name>.const:$P$T1$2</name>
         <load_address>0x1d31e</load_address>
         <run_address>0x1d31e</run_address>
         <size>0x4</size>
         <input_file_ref idref="fl-24"/>
      </object_component>
      <object_component id="oc-616">
         <name>.const:$P$T1$2</name>
         <load_address>0x1d322</load_address>
         <run_address>0x1d322</run_address>
         <size>0x4</size>
         <input_file_ref idref="fl-26"/>
      </object_component>
      <object_component id="oc-6be">
         <name>.const:$P$T2$3</name>
         <load_address>0x1d326</load_address>
         <run_address>0x1d326</run_address>
         <size>0x4</size>
         <input_file_ref idref="fl-24"/>
      </object_component>
      <object_component id="oc-61f">
         <name>.const:$P$T2$3</name>
         <load_address>0x1d32a</load_address>
         <run_address>0x1d32a</run_address>
         <size>0x4</size>
         <input_file_ref idref="fl-26"/>
      </object_component>
      <object_component id="oc-634">
         <name>.const:$P$T3$4</name>
         <load_address>0x1d32e</load_address>
         <run_address>0x1d32e</run_address>
         <size>0x4</size>
         <input_file_ref idref="fl-26"/>
      </object_component>
      <object_component id="oc-6c7">
         <name>.const:_SlAcceptCmdCtrl</name>
         <load_address>0x1d332</load_address>
         <run_address>0x1d332</run_address>
         <size>0x4</size>
         <input_file_ref idref="fl-24"/>
      </object_component>
      <object_component id="oc-5ee">
         <name>.const:_SlDeviceGetCmdCtrl</name>
         <load_address>0x1d336</load_address>
         <run_address>0x1d336</run_address>
         <size>0x4</size>
         <input_file_ref idref="fl-1d"/>
      </object_component>
      <object_component id="oc-5f1">
         <name>.const:_SlDeviceSetCmdCtrl</name>
         <load_address>0x1d33a</load_address>
         <run_address>0x1d33a</run_address>
         <size>0x4</size>
         <input_file_ref idref="fl-1d"/>
      </object_component>
      <object_component id="oc-5eb">
         <name>.const:_SlEventMaskGetCmdCtrl</name>
         <load_address>0x1d33e</load_address>
         <run_address>0x1d33e</run_address>
         <size>0x4</size>
         <input_file_ref idref="fl-1d"/>
      </object_component>
      <object_component id="oc-5e8">
         <name>.const:_SlEventMaskSetCmdCtrl</name>
         <load_address>0x1d342</load_address>
         <run_address>0x1d342</run_address>
         <size>0x4</size>
         <input_file_ref idref="fl-1d"/>
      </object_component>
      <object_component id="oc-666">
         <name>.const:_SlGetHostByNameCtrl</name>
         <load_address>0x1d346</load_address>
         <run_address>0x1d346</run_address>
         <size>0x4</size>
         <input_file_ref idref="fl-21"/>
      </object_component>
      <object_component id="oc-663">
         <name>.const:_SlGetHostByServiceCtrl</name>
         <load_address>0x1d34a</load_address>
         <run_address>0x1d34a</run_address>
         <size>0x4</size>
         <input_file_ref idref="fl-21"/>
      </object_component>
      <object_component id="oc-65d">
         <name>.const:_SlGetServiceListeCtrl</name>
         <load_address>0x1d34e</load_address>
         <run_address>0x1d34e</run_address>
         <size>0x4</size>
         <input_file_ref idref="fl-21"/>
      </object_component>
      <object_component id="oc-6d0">
         <name>.const:_SlGetSockOptCmdCtrl</name>
         <load_address>0x1d352</load_address>
         <run_address>0x1d352</run_address>
         <size>0x4</size>
         <input_file_ref idref="fl-24"/>
      </object_component>
      <object_component id="oc-6c4">
         <name>.const:_SlListenCmdCtrl</name>
         <load_address>0x1d356</load_address>
         <run_address>0x1d356</run_address>
         <size>0x4</size>
         <input_file_ref idref="fl-24"/>
      </object_component>
      <object_component id="oc-672">
         <name>.const:_SlNetAppGetCmdCtrl</name>
         <load_address>0x1d35a</load_address>
         <run_address>0x1d35a</run_address>
         <size>0x4</size>
         <input_file_ref idref="fl-21"/>
      </object_component>
      <object_component id="oc-66f">
         <name>.const:_SlNetAppSendTokenValueCmdCtrl</name>
         <load_address>0x1d35e</load_address>
         <run_address>0x1d35e</run_address>
         <size>0x4</size>
         <input_file_ref idref="fl-21"/>
      </object_component>
      <object_component id="oc-66c">
         <name>.const:_SlNetAppSetCmdCtrl</name>
         <load_address>0x1d362</load_address>
         <run_address>0x1d362</run_address>
         <size>0x4</size>
         <input_file_ref idref="fl-21"/>
      </object_component>
      <object_component id="oc-657">
         <name>.const:_SlNetAppStartCtrl</name>
         <load_address>0x1d366</load_address>
         <run_address>0x1d366</run_address>
         <size>0x4</size>
         <input_file_ref idref="fl-21"/>
      </object_component>
      <object_component id="oc-65a">
         <name>.const:_SlNetAppStopCtrl</name>
         <load_address>0x1d36a</load_address>
         <run_address>0x1d36a</run_address>
         <size>0x4</size>
         <input_file_ref idref="fl-21"/>
      </object_component>
      <object_component id="oc-64d">
         <name>.const:_SlNetCfgGetCmdCtrl</name>
         <load_address>0x1d36e</load_address>
         <run_address>0x1d36e</run_address>
         <size>0x4</size>
         <input_file_ref idref="fl-22"/>
      </object_component>
      <object_component id="oc-64a">
         <name>.const:_SlNetCfgSetCmdCtrl</name>
         <load_address>0x1d372</load_address>
         <run_address>0x1d372</run_address>
         <size>0x4</size>
         <input_file_ref idref="fl-22"/>
      </object_component>
      <object_component id="oc-61c">
         <name>.const:_SlPolicyGetCmdCtrl</name>
         <load_address>0x1d376</load_address>
         <run_address>0x1d376</run_address>
         <size>0x4</size>
         <input_file_ref idref="fl-26"/>
      </object_component>
      <object_component id="oc-619">
         <name>.const:_SlPolicySetCmdCtrl</name>
         <load_address>0x1d37a</load_address>
         <run_address>0x1d37a</run_address>
         <size>0x4</size>
         <input_file_ref idref="fl-26"/>
[...]
      </symbol>
      <symbol id="sm-1bba">
         <name>PCM_setPowerState</name>
         <value>0x1c91d</value>
         <object_component_ref idref="oc-13b"/>
      </symbol>
      <symbol id="sm-1bbb">
         <name>PCM_getPowerMode</name>
         <value>0x1c417</value>
         <object_component_ref idref="oc-720"/>
      </symbol>
      <symbol id="sm-1bbc">
         <name>PCM_getPowerState</name>
         <value>0x1c8c1</value>
         <object_component_ref idref="oc-4d0"/>
      </symbol>
      <symbol id="sm-1bbd">
         <name>PCM_gotoLPM4</name>
         <value>0x1c825</value>
         <object_component_ref idref="oc-4dc"/>
      </symbol>
      <symbol id="sm-1bbe">
         <name>PCM_gotoLPM3</name>
         <value>0x1b721</value>
         <object_component_ref idref="oc-4d6"/>
      </symbol>
      <symbol id="sm-1bbf">
         <name>PCM_gotoLPM0</name>
         <value>0x1c469</value>
         <object_component_ref idref="oc-4ee"/>
      </symbol>
      <symbol id="sm-1bc0">
         <name>PCM_setPowerMode</name>
         <value>0x1c915</value>
         <object_component_ref idref="oc-72c"/>
      </symbol>
      <symbol id="sm-1bcd">
         <name>RTC_C_holdClock</name>
         <value>0x1c595</value>
         <object_component_ref idref="oc-754"/>
      </symbol>
      <symbol id="sm-1c00">
         <name>SysCtl_getNMISourceStatus</name>
         <value>0x1c8cd</value>
         <object_component_ref idref="oc-733"/>
      </symbol>
      <symbol id="sm-1c01">
         <name>SysCtl_enableNMISource</name>
         <value>0x1c845</value>
         <object_component_ref idref="oc-745"/>
      </symbol>
      <symbol id="sm-1c02">
         <name>SysCtl_disableNMISource</name>
         <value>0x1c835</value>
         <object_component_ref idref="oc-739"/>
      </symbol>
      <symbol id="sm-1c03">
         <name>SysCtl_getTLVInfo</name>
         <value>0x1bd2d</value>
         <object_component_ref idref="oc-767"/>
      </symbol>
      <symbol id="sm-1c0f">
         <name>SysTick_enableInterrupt</name>
         <value>0x1c7a5</value>
         <object_component_ref idref="oc-cd"/>
      </symbol>
      <symbol id="sm-1c3e">
         <name>UART_enableModule</name>
         <value>0x1c8d9</value>
         <object_component_ref idref="oc-3b4"/>
      </symbol>
      <symbol id="sm-1c3f">
         <name>UART_transmitData</name>
         <value>0x1c5b9</value>
         <object_component_ref idref="oc-3a2"/>
      </symbol>
      <symbol id="sm-1c40">
         <name>UART_initModule</name>
         <value>0x1b47d</value>
         <object_component_ref idref="oc-3ae"/>
      </symbol>
      <symbol id="sm-1c56">
         <name>WDT_A_clearTimer</name>
         <value>0x1c6bd</value>
         <object_component_ref idref="oc-24c"/>
      </symbol>
      <symbol id="sm-1c57">
         <name>WDT_A_holdTimer</name>
         <value>0x1c6d5</value>
         <object_component_ref idref="oc-252"/>
      </symbol>
      <symbol id="sm-1c69">
         <name>CPU_wfi</name>
         <value>0x1c953</value>
         <object_component_ref idref="oc-74d"/>
      </symbol>
      <symbol id="sm-1c6a">
         <name>CPU_cpsie</name>
         <value>0x1c89b</value>
         <object_component_ref idref="oc-2cf"/>
      </symbol>
      <symbol id="sm-1c99">
         <name>snprintf</name>
         <value>0x1bef9</value>
         <object_component_ref idref="oc-3ba"/>
      </symbol>
      <symbol id="sm-1cbb">
         <name>sprintf</name>
         <value>0x1c129</value>
         <object_component_ref idref="oc-45c"/>
      </symbol>
      <symbol id="sm-1ce5">
         <name>vsnprintf</name>
         <value>0x1c169</value>
         <object_component_ref idref="oc-684"/>
      </symbol>
      <symbol id="sm-1cf3">
         <name>__aeabi_ldivmod</name>
         <value>0x1b973</value>
         <object_component_ref idref="oc-570"/>
      </symbol>
      <symbol id="sm-1d00">
         <name>__aeabi_uldivmod</name>
         <value>0x1b3e5</value>
         <object_component_ref idref="oc-798"/>
      </symbol>
      <symbol id="sm-1d0f">
         <name>__aeabi_memset</name>
         <value>0x1b81b</value>
         <object_component_ref idref="oc-a2"/>
      </symbol>
      <symbol id="sm-1d10">
         <name>memset</name>
         <value>0x1b821</value>
         <object_component_ref idref="oc-a2"/>
      </symbol>
      <symbol id="sm-1d11">
         <name>__aeabi_memset8</name>
         <value>0x1b81b</value>
         <object_component_ref idref="oc-a2"/>
      </symbol>
      <symbol id="sm-1d12">
         <name>__aeabi_memset4</name>
         <value>0x1b81b</value>
         <object_component_ref idref="oc-a2"/>
      </symbol>
      <symbol id="sm-1d13">
         <name>__aeabi_memclr8</name>
         <value>0x1b819</value>
         <object_component_ref idref="oc-a2"/>
      </symbol>
      <symbol id="sm-1d14">
         <name>__aeabi_memclr4</name>
         <value>0x1b819</value>
         <object_component_ref idref="oc-a2"/>
      </symbol>
      <symbol id="sm-1d15">
         <name>__aeabi_memclr</name>
         <value>0x1b819</value>
         <object_component_ref idref="oc-a2"/>
      </symbol>
      <symbol id="sm-1d1e">
         <name>__aeabi_lmul</name>
         <value>0x1c735</value>
         <object_component_ref idref="oc-56b"/>
      </symbol>
      <symbol id="sm-1d39">
         <name>memcpy</name>
         <value>0x1b349</value>
         <object_component_ref idref="oc-37"/>
      </symbol>
      <symbol id="sm-1d3a">
         <name>__aeabi_memcpy</name>
         <value>0x1b349</value>
         <object_component_ref idref="oc-37"/>
      </symbol>
      <symbol id="sm-1d3b">
         <name>__aeabi_memcpy8</name>
         <value>0x1b349</value>
         <object_component_ref idref="oc-37"/>
      </symbol>
      <symbol id="sm-1d3c">
         <name>__aeabi_memcpy4</name>
         <value>0x1b349</value>
         <object_component_ref idref="oc-37"/>
      </symbol>
      <symbol id="sm-1d4e">
         <name>__TI_zero_init</name>
         <value>0x1c8e5</value>
         <object_component_ref idref="oc-49"/>
      </symbol>
      <symbol id="sm-1d65">
         <name>__TI_decompress_none</name>
         <value>0x1c87f</value>
         <object_component_ref idref="oc-1a"/>
      </symbol>
      <symbol id="sm-1d88">
         <name>__TI_decompress_lzss</name>
         <value>0x1ba4d</value>
         <object_component_ref idref="oc-14"/>
      </symbol>
      <symbol id="sm-1e0f">
         <name>_sys_memory</name>
         <value>0x200070a8</value>
         <object_component_ref idref="oc-26"/>
      </symbol>
      <symbol id="sm-1e10">
         <name>free</name>
         <value>0x1ad65</value>
         <object_component_ref idref="oc-462"/>
      </symbol>
      <symbol id="sm-1e11">
         <name>memalign</name>
         <value>0x1ac71</value>
         <object_component_ref idref="oc-6e4"/>
      </symbol>
      <symbol id="sm-1e12">
         <name>malloc</name>
         <value>0x1c92d</value>
         <object_component_ref idref="oc-456"/>
      </symbol>
      <symbol id="sm-1e13">
         <name>aligned_alloc</name>
         <value>0x1ac71</value>
         <object_component_ref idref="oc-6e4"/>
      </symbol>
      <symbol id="sm-1e23">
         <name>strchr</name>
         <value>0x1c765</value>
         <object_component_ref idref="oc-6a2"/>
      </symbol>
      <symbol id="sm-1e32">
         <name>strcmp</name>
         <value>0x1c74d</value>
         <object_component_ref idref="oc-690"/>
      </symbol>
      <symbol id="sm-1e40">
         <name>strcpy</name>
         <value>0x1c7b9</value>
         <object_component_ref idref="oc-69c"/>
      </symbol>
      <symbol id="sm-1e4e">
         <name>strlen</name>
         <value>0x1c7cd</value>
         <object_component_ref idref="oc-435"/>
      </symbol>
      <symbol id="sm-1e5e">
         <name>strncmp</name>
         <value>0x1c3eb</value>
         <object_component_ref idref="oc-477"/>
      </symbol>
      <symbol id="sm-1e7e">
         <name>strtoul</name>
         <value>0x1a769</value>
         <object_component_ref idref="oc-471"/>
      </symbol>
      <symbol id="sm-1e91">
         <name>__stack</name>
         <value>0x2000fe00</value>
         <object_component_ref idref="oc-29"/>
      </symbol>
      <symbol id="sm-1e92">
         <name>_c_int00_noargs</name>
         <value>0x1c2cd</value>
         <object_component_ref idref="oc-55"/>
      </symbol>
      <symbol id="sm-1ea8">
         <name>__aeabi_errno_addr</name>
         <value>0x1c925</value>
         <object_component_ref idref="oc-70c"/>
      </symbol>
      <symbol id="sm-1ea9">
         <name>errno</name>
         <value>0x2000958c</value>
         <object_component_ref idref="oc-8be"/>
      </symbol>
      <symbol id="sm-200e">
         <name>__TI_printfi</name>
         <value>0x14fa9</value>
         <object_component_ref idref="oc-585"/>
      </symbol>
      <symbol id="sm-202e">
         <name>frexpl</name>
         <value>0x1bb7d</value>
         <object_component_ref idref="oc-91b"/>
      </symbol>
      <symbol id="sm-202f">
         <name>frexp</name>
         <value>0x1bb7d</value>
         <object_component_ref idref="oc-91b"/>
      </symbol>
      <symbol id="sm-204c">
         <name>scalbn</name>
         <value>0x1a659</value>
         <object_component_ref idref="oc-921"/>
      </symbol>
      <symbol id="sm-204d">
         <name>scalbnl</name>
         <value>0x1a659</value>
         <object_component_ref idref="oc-921"/>
      </symbol>
      <symbol id="sm-204e">
         <name>ldexpl</name>
         <value>0x1a659</value>
         <object_component_ref idref="oc-921"/>
      </symbol>
      <symbol id="sm-204f">
         <name>ldexp</name>
         <value>0x1a659</value>
         <object_component_ref idref="oc-921"/>
      </symbol>
      <symbol id="sm-2059">
         <name>__aeabi_idiv0</name>
         <value>0x18c97</value>
         <object_component_ref idref="oc-793"/>
      </symbol>
      <symbol id="sm-205a">
         <name>__aeabi_ldiv0</name>
         <value>0x18c97</value>
         <object_component_ref idref="oc-793"/>
      </symbol>
      <symbol id="sm-2071">
         <name>__aeabi_dsub</name>
         <value>0x19a8d</value>
         <object_component_ref idref="oc-8fb"/>
      </symbol>
      <symbol id="sm-2072">
         <name>__aeabi_dadd</name>
         <value>0x19a97</value>
         <object_component_ref idref="oc-8fb"/>
      </symbol>
      <symbol id="sm-2094">
         <name>__aeabi_cdcmpeq</name>
         <value>0x1b511</value>
         <object_component_ref idref="oc-7b3"/>
      </symbol>
      <symbol id="sm-2095">
         <name>__aeabi_cdcmple</name>
         <value>0x1b511</value>
         <object_component_ref idref="oc-7b3"/>
      </symbol>
      <symbol id="sm-2096">
         <name>__aeabi_cdrcmple</name>
         <value>0x1b597</value>
         <object_component_ref idref="oc-8e6"/>
      </symbol>
      <symbol id="sm-20aa">
         <name>__aeabi_ddiv</name>
         <value>0x1a099</value>
         <object_component_ref idref="oc-8e1"/>
      </symbol>
      <symbol id="sm-20b5">
         <name>__aeabi_dmul</name>
         <value>0x1aa7b</value>
         <object_component_ref idref="oc-8dc"/>
      </symbol>
      <symbol id="sm-20bf">
         <name>__aeabi_d2iz</name>
         <value>0x1c01d</value>
         <object_component_ref idref="oc-8eb"/>
      </symbol>
      <symbol id="sm-20c9">
         <name>__aeabi_i2d</name>
         <value>0x1c391</value>
         <object_component_ref idref="oc-8f6"/>
      </symbol>
      <symbol id="sm-20f1">
         <name>__TI_auto_init_nobinit_nopinit</name>
         <value>0x1c065</value>
         <object_component_ref idref="oc-207"/>
      </symbol>
      <symbol id="sm-20fb">
         <name>_system_pre_init</name>
         <value>0x1c95b</value>
         <object_component_ref idref="oc-a8"/>
      </symbol>
      <symbol id="sm-2107">
         <name>C$$EXIT</name>
         <value>0x1c95f</value>
         <object_component_ref idref="oc-1fb"/>
      </symbol>
      <symbol id="sm-2108">
         <name>abort</name>
         <value>0x1c95f</value>
         <object_component_ref idref="oc-1fb"/>
      </symbol>
      <symbol id="sm-211d">
         <name>_nop</name>
         <value>0x159f7</value>
         <object_component_ref idref="oc-517"/>
      </symbol>
      <symbol id="sm-211e">
         <name>_lock</name>
         <value>0x20009568</value>
         <object_component_ref idref="oc-34b"/>
      </symbol>
      <symbol id="sm-211f">
         <name>_unlock</name>
         <value>0x2000956c</value>
         <object_component_ref idref="oc-34b"/>
      </symbol>
      <symbol id="sm-2136">
         <name>atoi</name>
         <value>0x1be61</value>
         <object_component_ref idref="oc-7a7"/>
      </symbol>
      <symbol id="sm-2141">
         <name>_ctypes_</name>
         <value>0x1cf54</value>
         <object_component_ref idref="oc-712"/>
      </symbol>
      <symbol id="sm-2150">
         <name>ltoa</name>
         <value>0x1bc37</value>
         <object_component_ref idref="oc-8f0"/>
      </symbol>
      <symbol id="sm-2160">
         <name>memccpy</name>
         <value>0x1c655</value>
         <object_component_ref idref="oc-7d0"/>
      </symbol>
      <symbol id="sm-2179">
         <name>wcslen</name>
         <value>0x1c7f3</value>
         <object_component_ref idref="oc-7d6"/>
      </symbol>
      <symbol id="sm-2183">
         <name>copysign</name>
         <value>0x1c671</value>
         <object_component_ref idref="oc-97a"/>
      </symbol>
      <symbol id="sm-2184">
         <name>copysignl</name>
         <value>0x1c671</value>
         <object_component_ref idref="oc-97a"/>
      </symbol>
      <symbol id="sm-2185">
         <name>__TI_static_base__</name>
         <value>0x0</value>
      </symbol>
      <symbol id="sm-2188">
         <name>__mpu_init</name>
         <value>0x0</value>
      </symbol>
      <symbol id="sm-2189">
         <name>_system_post_cinit</name>
         <value>0x0</value>
      </symbol>
      <symbol id="sm-218a">
         <name>NMI_Handler</name>
         <value>0x1c899</value>
      </symbol>
      <symbol id="sm-218b">
         <name>HardFault_Handler</name>
         <value>0x1c899</value>
      </symbol>
      <symbol id="sm-218c">
         <name>MemManage_Handler</name>
         <value>0x1c899</value>
      </symbol>
      <symbol id="sm-218d">
         <name>BusFault_Handler</name>
         <value>0x1c899</value>
      </symbol>
      <symbol id="sm-218e">
         <name>UsageFault_Handler</name>
         <value>0x1c899</value>
      </symbol>
      <symbol id="sm-218f">
         <name>SVC_Handler</name>
         <value>0x1c899</value>
      </symbol>
      <symbol id="sm-2190">
         <name>DebugMon_Handler</name>
         <value>0x1c899</value>
      </symbol>
      <symbol id="sm-2191">
         <name>PendSV_Handler</name>
         <value>0x1bd9b</value>
      </symbol>
      <symbol id="sm-2192">
         <name>SysTick_Handler</name>
         <value>0x15b37</value>
      </symbol>
      <symbol id="sm-2193">
         <name>PSS_IRQHandler</name>
         <value>0x1c899</value>
      </symbol>
      <symbol id="sm-2194">
         <name>CS_IRQHandler</name>
         <value>0x1c899</value>
      </symbol>
      <symbol id="sm-2195">
         <name>PCM_IRQHandler</name>
         <value>0x1c899</value>
      </symbol>
      <symbol id="sm-2196">
         <name>WDT_A_IRQHandler</name>
         <value>0x1c899</value>
      </symbol>
      <symbol id="sm-2197">
         <name>FPU_IRQHandler</name>
         <value>0x1c899</value>
      </symbol>
      <symbol id="sm-2198">
         <name>FLCTL_IRQHandler</name>
         <value>0x1c899</value>
      </symbol>
      <symbol id="sm-2199">
         <name>COMP_E0_IRQHandler</name>
         <value>0x1c899</value>
      </symbol>
      <symbol id="sm-219a">
         <name>COMP_E1_IRQHandler</name>
         <value>0x1c899</value>
      </symbol>
      <symbol id="sm-219b">
         <name>TA0_0_IRQHandler</name>
         <value>0x1c899</value>
      </symbol>
      <symbol id="sm-219c">
         <name>TA0_N_IRQHandler</name>
         <value>0x1c899</value>
      </symbol>
      <symbol id="sm-219d">
         <name>TA1_0_IRQHandler</name>
         <value>0x1c899</value>
      </symbol>
      <symbol id="sm-219e">
         <name>TA1_N_IRQHandler</name>
         <value>0x1c899</value>
      </symbol>
      <symbol id="sm-219f">
         <name>TA2_0_IRQHandler</name>
         <value>0x1c899</value>
      </symbol>
      <symbol id="sm-21a0">
         <name>TA2_N_IRQHandler</name>
         <value>0x1c899</value>
      </symbol>
      <symbol id="sm-21a1">
         <name>TA3_0_IRQHandler</name>
         <value>0x1c899</value>
      </symbol>
      <symbol id="sm-21a2">
         <name>TA3_N_IRQHandler</name>
         <value>0x1c899</value>
      </symbol>
      <symbol id="sm-21a3">
         <name>EUSCIA0_IRQHandler</name>
         <value>0x18331</value>
      </symbol>
      <symbol id="sm-21a4">
         <name>EUSCIA1_IRQHandler</name>
         <value>0x1c899</value>
      </symbol>
      <symbol id="sm-21a5">
         <name>EUSCIA2_IRQHandler</name>
         <value>0x1c899</value>
      </symbol>
      <symbol id="sm-21a6">
         <name>EUSCIA3_IRQHandler</name>
         <value>0x1c899</value>
      </symbol>
      <symbol id="sm-21a7">
         <name>EUSCIB0_IRQHandler</name>
         <value>0x1c899</value>
      </symbol>
      <symbol id="sm-21a8">
         <name>EUSCIB1_IRQHandler</name>
         <value>0x17f69</value>
      </symbol>
      <symbol id="sm-21a9">
         <name>EUSCIB2_IRQHandler</name>
         <value>0x1c899</value>
      </symbol>
      <symbol id="sm-21aa">
         <name>EUSCIB3_IRQHandler</name>
         <value>0x1c899</value>
      </symbol>
      <symbol id="sm-21ab">
         <name>ADC14_IRQHandler</name>
         <value>0x1c899</value>
      </symbol>
      <symbol id="sm-21ac">
         <name>T32_INT1_IRQHandler</name>
         <value>0x1c899</value>
      </symbol>
      <symbol id="sm-21ad">
         <name>T32_INT2_IRQHandler</name>
         <value>0x1c899</value>
      </symbol>
      <symbol id="sm-21ae">
         <name>T32_INTC_IRQHandler</name>
         <value>0x1c899</value>
      </symbol>
      <symbol id="sm-21af">
         <name>AES256_IRQHandler</name>
         <value>0x1c899</value>
      </symbol>
      <symbol id="sm-21b0">
         <name>RTC_C_IRQHandler</name>
         <value>0x1c899</value>
      </symbol>
      <symbol id="sm-21b1">
         <name>DMA_ERR_IRQHandler</name>
         <value>0x1c899</value>
      </symbol>
      <symbol id="sm-21b2">
         <name>DMA_INT3_IRQHandler</name>
         <value>0x1c899</value>
      </symbol>
      <symbol id="sm-21b3">
         <name>DMA_INT2_IRQHandler</name>
         <value>0x1c899</value>
      </symbol>
      <symbol id="sm-21b4">
         <name>DMA_INT1_IRQHandler</name>
         <value>0x1c899</value>
      </symbol>
      <symbol id="sm-21b5">
         <name>DMA_INT0_IRQHandler</name>
         <value>0x1c899</value>
      </symbol>
      <symbol id="sm-21b6">
         <name>PORT1_IRQHandler</name>
         <value>0x182e1</value>
      </symbol>
      <symbol id="sm-21b7">
         <name>PORT2_IRQHandler</name>
         <value>0x1830b</value>
      </symbol>
      <symbol id="sm-21b8">
         <name>PORT3_IRQHandler</name>
         <value>0x1c899</value>
      </symbol>
      <symbol id="sm-21b9">
         <name>PORT4_IRQHandler</name>
         <value>0x1c899</value>
      </symbol>
      <symbol id="sm-21ba">
         <name>PORT5_IRQHandler</name>
         <value>0x1c899</value>
      </symbol>
      <symbol id="sm-21bb">
         <name>PORT6_IRQHandler</name>
         <value>0x1c899</value>
      </symbol>
   </symbol_table>
   <title>Link successful</title>
</link_info>
