******************************************************************************
                  TI ARM Linker PC v18.12.2                    
******************************************************************************
>> Linked Sat May  9 23:12:55 2020

OUTPUT FILE NAME:   <Smart_Irrigation_Controller.out>
ENTRY POINT SYMBOL: "_c_int00_noargs"  address: 0001d07d


MEMORY CONFIGURATION

         name            origin    length      used     unused   attr    fill
----------------------  --------  ---------  --------  --------  ----  --------
  MAIN                  00000000   00040000  0001e2f4  00021d0c  R  X
  INFO                  00200000   00004000  00000000  00004000  R  X
  SRAM_CODE             01000000   00010000  000098ac  00006754  RW X
  SRAM_DATA             20000000   00010000  000098ac  00006754  RW  


SEGMENT ALLOCATION MAP

run origin  load origin   length   init length attrs members
----------  ----------- ---------- ----------- ----- -------
00000000    00000000    0001e2f8   0001e2f8    r-x
  00000000    00000000    000000e4   000000e4    r-- .intvecs
  000000e4    000000e4    0001d65a   0001d65a    r-x .text
  0001d740    0001d740    00000b1e   00000b1e    r-- .const
  0001e260    0001e260    00000098   00000098    r-- .cinit
20000000    20000000    000096ac   00000000    rw-
  20000000    20000000    00007188   00000000    rw- .bss
  20007188    20007188    00002000   00000000    rw- .sysmem
  20009188    20009188    00000524   00000000    rw- .data
2000fe00    2000fe00    00000200   00000000    rw-
  2000fe00    2000fe00    00000200   00000000    rw- .stack


SECTION ALLOCATION MAP

 output                                  attributes/
section   page    origin      length       input sections
--------  ----  ----------  ----------   ----------------
.intvecs   0    00000000    000000e4     
                  00000000    000000e4     startup_msp432p401r_ccs.obj (.intvecs:retain)

.text      0    000000e4    0001d65a     
                  000000e4    0000d5e0     bmi160.obj (.text)
                  0000d6c4    00002024     driver.obj (.text)
                  0000f6e8    00001810     bme280.obj (.text)
                  00010ef8    00000fb0     httpcli.obj (.text)
                  00011ea8    00000ed4     socket.obj (.text)
                  00012d7c    00000c28     bmi160_support.obj (.text)
                  000139a4    00000b44     netapp.obj (.text)
                  000144e8    00000ac0     wlan.obj (.text)
                  00014fa8    00000a4e     rtsv7M4_T_le_v4SPD16_eabi.lib : _printfi.c.obj (.text:__TI_printfi)
                  000159f6    00000002                                   : _lock.c.obj (.text:_nop)
                  000159f8    0000084c     G8RTOS_Scheduler.obj (.text)
                  00016244    00000784     LCD.obj (.text)
                  000169c8    00000708     cc3100_usage.obj (.text)
                  000170d0    00000634     weatherServer.obj (.text)
                  00017704    000005f0     jsmn.obj (.text)
                  00017cf4    000005b4     device.obj (.text)
                  000182a8    000003c8     rtsv7M4_T_le_v4SPD16_eabi.lib : strtof.c.obj (.text:strtof)
                  00018670    00000360     i2c_driver.obj (.text)
                  000189d0    00000350     board.obj (.text)
                  00018d20    00000334     system_msp432p401r.obj (.text)
                  00019054    000002f8     BackChannelUart.obj (.text)
                  0001934c    000002ea     ssock.obj (.text)
                  00019636    00000002     rtsv7M4_T_le_v4SPD16_eabi.lib : div0.asm.obj (.text)
                  00019638    000002e0     bme280_support.obj (.text)
                  00019918    000002b8     rtsv7M4_T_le_v4SPD16_eabi.lib : mktime64.c.obj (.text:__mktime64)
                  00019bd0    00000290     RGBLeds.obj (.text)
                  00019e60    00000270     rtsv7M4_T_le_v4SPD16_eabi.lib : _printfi.c.obj (.text:_pconv_a)
                  0001a0d0    00000234     tmp007.obj (.text)
                  0001a304    00000210     spi_cc3100.obj (.text)
                  0001a514    000001d0     rtsv7M4_T_le_v4SPD16_eabi.lib : _printfi.c.obj (.text:_pconv_g)
                  0001a6e4    000001b6                                   : fd_add_t2.asm.obj (.text)
                  0001a89a    000001a0     msp432p4xx_driverlib.lib : pcm.o (.text:__PCM_setPowerStateAdvanced)
                  0001aa3a    00000002     --HOLE-- [fill = 0]
                  0001aa3c    00000188     rtsv7M4_T_le_v4SPD16_eabi.lib : localtim64.c.obj (.text:__localtime64)
                  0001abc4    00000178     Joystick.obj (.text)
                  0001ad3c    0000013c     rtsv7M4_T_le_v4SPD16_eabi.lib : _printfi.c.obj (.text:_pconv_e)
                  0001ae78    00000136                                   : fd_div_t2.asm.obj (.text)
                  0001afae    00000002     --HOLE-- [fill = 0]
                  0001afb0    00000130     nonos.obj (.text)
                  0001b0e0    00000124     buttons.obj (.text)
                  0001b204    00000124     rtsv7M4_T_le_v4SPD16_eabi.lib : _printfi.c.obj (.text:fcvt)
                  0001b328    00000110     netcfg.obj (.text)
                  0001b438    00000110     rtsv7M4_T_le_v4SPD16_eabi.lib : s_scalbn.c.obj (.text:scalbn)
                  0001b548    00000110                                   : strtoul.c.obj (.text:strtoul)
                  0001b658    00000104     msp432p4xx_driverlib.lib : cs.o (.text:CS_getDCOFrequency)
                  0001b75c    000000fe     opt3001.obj (.text)
                  0001b85a    000000fc     rtsv7M4_T_le_v4SPD16_eabi.lib : fd_mul_t2.asm.obj (.text)
                  0001b956    00000002     --HOLE-- [fill = 0]
                  0001b958    000000f4                                   : memory.c.obj (.text:aligned_alloc)
                  0001ba4c    000000e8                                   : memory.c.obj (.text:free)
                  0001bb34    000000e0     msp432p4xx_driverlib.lib : cs.o (.text:CS_initClockSignal)
                  0001bc14    000000dc                              : pcm.o (.text:__PCM_setPowerModeAdvanced)
                  0001bcf0    000000d0     rtsv7M4_T_le_v4SPD16_eabi.lib : s_scalbnf.c.obj (.text:scalbnf)
                  0001bdc0    000000b1                                   : _printfi.c.obj (.text:_ltostr)
                  0001be71    00000003     --HOLE-- [fill = 0]
                  0001be74    000000b0     msp432p4xx_driverlib.lib : pcm.o (.text:__PCM_setCoreVoltageLevelAdvanced)
                  0001bf24    000000a4     LCD.obj (.text:PutChar)
                  0001bfc8    0000009c     msp432p4xx_driverlib.lib : cs.o (.text:CS_startHFXTWithTimeout)
                  0001c064    0000009c                              : cs.o (.text:_CSComputeCLKFrequency)
                  0001c100    0000009c     rtsv7M4_T_le_v4SPD16_eabi.lib : memcpy_t2.asm.obj (.text)
                  0001c19c    00000096                                   : ull_div_t2.asm.obj (.text)
                  0001c232    00000002     --HOLE-- [fill = 0]
                  0001c234    00000094     msp432p4xx_driverlib.lib : uart.o (.text:UART_initModule)
                  0001c2c8    00000086     rtsv7M4_T_le_v4SPD16_eabi.lib : fd_cmp_t2.asm.obj (.text:__aeabi_cdcmple)
                  0001c34e    00000086                                   : fd_cmp_t2.asm.obj (.text:__aeabi_cdrcmple)
                  0001c3d4    00000084     ClockSys.obj (.text)
                  0001c458    00000080     flowcont.obj (.text)
                  0001c4d8    0000007c     msp432p4xx_driverlib.lib : pcm.o (.text:PCM_gotoLPM3)
                  0001c554    0000007c     rtsv7M4_T_le_v4SPD16_eabi.lib : memory.c.obj (.text:split)
                  0001c5d0    0000007a                                   : memset_t2.asm.obj (.text)
                  0001c64a    00000002     --HOLE-- [fill = 0]
                  0001c64c    00000070     msp432p4xx_driverlib.lib : cs.o (.text:_CSGetHFXTFrequency)
                  0001c6bc    0000006e     rtsv7M4_T_le_v4SPD16_eabi.lib : _printfi.c.obj (.text:_mcpy)
                  0001c72a    0000006e                                   : ll_div_t2.asm.obj (.text)
                  0001c798    0000006c     LCD.obj (.text:LCD_ReadData)
                  0001c804    00000068     rtsv7M4_T_le_v4SPD16_eabi.lib : copy_decompress_lzss.c.obj (.text:decompress:lzss:__TI_decompress_lzss)
                  0001c86c    00000064     msp432p4xx_driverlib.lib : interrupt.o (.text:Interrupt_disableInterrupt)
                  0001c8d0    00000064                              : interrupt.o (.text:Interrupt_enableInterrupt)
                  0001c934    00000064     rtsv7M4_T_le_v4SPD16_eabi.lib : s_frexp.c.obj (.text:frexp)
                  0001c998    00000056                                   : _printfi.c.obj (.text:_pconv_f)
                  0001c9ee    00000054                                   : ltoa.c.obj (.text:ltoa)
                  0001ca42    00000052                                   : _printfi.c.obj (.text:_ecpy)
                  0001ca94    00000050     msp432p4xx_driverlib.lib : pcm.o (.text:PCM_shutdownDevice)
                  0001cae4    00000050                              : sysctl.o (.text:SysCtl_getTLVInfo)
                  0001cb34    0000004c     G8RTOS_SchedulerASM.obj (.text)
                  0001cb80    0000004c     msp432p4xx_driverlib.lib : gpio.o (.text:GPIO_setAsPeripheralModuleFunctionOutputPin)
                  0001cbcc    0000004c                              : cs.o (.text:_CSGetDOCFrequency)
                  0001cc18    0000004c     rtsv7M4_T_le_v4SPD16_eabi.lib : atoi.c.obj (.text:atoi)
                  0001cc64    0000004c     my_uart.obj (.text)
                  0001ccb0    0000004c     rtsv7M4_T_le_v4SPD16_eabi.lib : snprintf.c.obj (.text:snprintf)
                  0001ccfc    00000048     BSP.obj (.text)
                  0001cd44    00000048     msp432p4xx_driverlib.lib : gpio.o (.text:GPIO_setAsPeripheralModuleFunctionInputPin)
                  0001cd8c    00000048                              : cs.o (.text:_CSGetDividerValue)
                  0001cdd4    00000048     rtsv7M4_T_le_v4SPD16_eabi.lib : fd_toi_t2.asm.obj (.text)
                  0001ce1c    00000044                                   : autoinit.c.obj (.text:__TI_auto_init_nobinit_nopinit:__TI_auto_init_nobinit_nopinit)
                  0001ce60    00000040     AsciiLib.obj (.text)
                  0001cea0    00000040     LCD.obj (.text:LCD_WriteData)
                  0001cee0    00000040     rtsv7M4_T_le_v4SPD16_eabi.lib : vsnprintf.c.obj (.text:vsnprintf)
                  0001cf20    0000003e     msp432p4xx_driverlib.lib : i2c.o (.text:I2C_initMaster)
                  0001cf5e    0000003e     rtsv7M4_T_le_v4SPD16_eabi.lib : _printfi.c.obj (.text:_fcpy)
                  0001cf9c    0000003c     LCD.obj (.text:SPISendRecvByte)
                  0001cfd8    00000038     msp432p4xx_driverlib.lib : i2c.o (.text:I2C_masterSendMultiByteStart)
                  0001d010    00000036     rtsv7M4_T_le_v4SPD16_eabi.lib : strncpy.c.obj (.text:strncpy)
                  0001d046    00000002     --HOLE-- [fill = 0]
                  0001d048    00000034     LCD.obj (.text:LCD_WriteIndex)
                  0001d07c    00000034     rtsv7M4_T_le_v4SPD16_eabi.lib : boot_cortex_m.c.obj (.text:_c_int00_noargs:_c_int00_noargs)
                  0001d0b0    00000034                                   : strstr.c.obj (.text:strstr)
                  0001d0e4    00000030     msp432p4xx_driverlib.lib : i2c.o (.text:I2C_masterSendMultiByteStop)
                  0001d114    00000030     rtsv7M4_T_le_v4SPD16_eabi.lib : snprintf.c.obj (.text:_outs)
                  0001d144    00000030                                   : vsnprintf.c.obj (.text:_outs)
                  0001d174    0000002e                                   : i_tofd_t2.asm.obj (.text)
                  0001d1a2    0000002c     msp432p4xx_driverlib.lib : pcm.o (.text:PCM_getCoreVoltageLevel)
                  0001d1ce    0000002c     rtsv7M4_T_le_v4SPD16_eabi.lib : strncmp.c.obj (.text:strncmp)
                  0001d1fa    0000002a     msp432p4xx_driverlib.lib : pcm.o (.text:PCM_getPowerMode)
                  0001d224    00000028                              : flash.o (.text:FlashCtl_setWaitState)
                  0001d24c    00000028                              : pcm.o (.text:PCM_gotoLPM0)
                  0001d274    00000028     rtsv7M4_T_le_v4SPD16_eabi.lib : memory.c.obj (.text:free_list_insert)
                  0001d29c    00000026     LCD.obj (.text:LCD_ReadReg)
                  0001d2c2    00000026     demo_sysctl.obj (.text)
                  0001d2e8    00000024     msp432p4xx_driverlib.lib : cs.o (.text:CS_clearInterruptFlag)
                  0001d30c    00000024                              : cs.o (.text:CS_setDCOCenteredFrequency)
                  0001d330    00000024                              : i2c.o (.text:I2C_masterSendMultiByteNext)
                  0001d354    00000024                              : interrupt.o (.text:Interrupt_setPriority)
                  0001d378    00000024                              : rtc_c.o (.text:RTC_C_holdClock)
                  0001d39c    00000024                              : uart.o (.text:UART_transmitData)
                  0001d3c0    00000020     LCD.obj (.text:LCD_SetCursor)
                  0001d3e0    00000020     LCD.obj (.text:LCD_Write_Data_Only)
                  0001d400    0000001c     LCD.obj (.text:LCD_WriteReg)
                  0001d41c    0000001c     rtsv7M4_T_le_v4SPD16_eabi.lib : memory.c.obj (.text:free_list_remove)
                  0001d438    0000001c                                   : memccpy.c.obj (.text:memccpy)
                  0001d454    0000001a                                   : s_copysign.c.obj (.text:copysign)
                  0001d46e    00000002     --HOLE-- [fill = 0]
                  0001d470    00000018     msp432p4xx_driverlib.lib : cs.o (.text:CS_getMCLK)
                  0001d488    00000018                              : cs.o (.text:CS_getSMCLK)
                  0001d4a0    00000018                              : wdt_a.o (.text:WDT_A_clearTimer)
                  0001d4b8    00000018                              : wdt_a.o (.text:WDT_A_holdTimer)
                  0001d4d0    00000018     rtsv7M4_T_le_v4SPD16_eabi.lib : snprintf.c.obj (.text:_outc)
                  0001d4e8    00000018                                   : vsnprintf.c.obj (.text:_outc)
                  0001d500    00000018                                   : s_copysignf.c.obj (.text:copysignf)
                  0001d518    00000018                                   : ll_mul_t2.asm.obj (.text)
                  0001d530    00000018                                   : strcmp.c.obj (.text:strcmp)
                  0001d548    00000016                                   : strchr.c.obj (.text:strchr)
                  0001d55e    00000002     --HOLE-- [fill = 0]
                  0001d560    00000014     msp432p4xx_driverlib.lib : cs.o (.text:CS_setExternalClockSourceFrequency)
                  0001d574    00000014                              : i2c.o (.text:I2C_isBusBusy)
                  0001d588    00000014                              : systick.o (.text:SysTick_enableInterrupt)
                  0001d59c    00000014     rtsv7M4_T_le_v4SPD16_eabi.lib : strcpy.c.obj (.text:strcpy)
                  0001d5b0    00000014                                   : strlen.c.obj (.text:strlen)
                  0001d5c4    00000012                                   : wcslen.c.obj (.text:wcslen)
                  0001d5d6    00000010     msp432p4xx_driverlib.lib : i2c.o (.text:I2C_masterReceiveStart)
                  0001d5e6    00000010                              : interrupt.o (.text:Interrupt_enableMaster)
                  0001d5f6    00000010                              : pcm.o (.text:PCM_gotoLPM4)
                  0001d606    00000002     --HOLE-- [fill = 0]
                  0001d608    00000010                              : sysctl.o (.text:SysCtl_disableNMISource)
                  0001d618    00000010                              : sysctl.o (.text:SysCtl_enableNMISource)
                  0001d628    00000010     main.obj (.text)
                  0001d638    0000000e     G8RTOS_CriticalSection.obj (.text)
                  0001d646    0000000e     msp432p4xx_driverlib.lib : i2c.o (.text:I2C_clearInterruptFlag)
                  0001d654    0000000e                              : i2c.o (.text:I2C_disableInterrupt)
                  0001d662    0000000e     rtsv7M4_T_le_v4SPD16_eabi.lib : copy_decompress_none.c.obj (.text:decompress:none:__TI_decompress_none)
                  0001d670    0000000e     startup_msp432p401r_ccs.obj (.text)
                  0001d67e    0000000c     msp432p4xx_driverlib.lib : cpu.o (.text:CPU_cpsie)
                  0001d68a    0000000c                              : i2c.o (.text:I2C_disableModule)
                  0001d696    0000000c                              : i2c.o (.text:I2C_enableModule)
                  0001d6a2    00000002     --HOLE-- [fill = 0]
                  0001d6a4    0000000c                              : pcm.o (.text:PCM_getPowerState)
                  0001d6b0    0000000c                              : sysctl.o (.text:SysCtl_getNMISourceStatus)
                  0001d6bc    0000000c                              : uart.o (.text:UART_enableModule)
                  0001d6c8    0000000c     rtsv7M4_T_le_v4SPD16_eabi.lib : copy_zero_init.c.obj (.text:decompress:ZI:__TI_zero_init)
                  0001d6d4    0000000a     LCD.obj (.text:LCD_Write_Data_Start)
                  0001d6de    00000008     msp432p4xx_driverlib.lib : i2c.o (.text:I2C_enableInterrupt)
                  0001d6e6    00000008                              : pcm.o (.text:PCM_setCoreVoltageLevel)
                  0001d6ee    00000008                              : pcm.o (.text:PCM_setPowerMode)
                  0001d6f6    00000008                              : pcm.o (.text:PCM_setPowerState)
                  0001d6fe    00000002     --HOLE-- [fill = 0]
                  0001d700    00000008     rtsv7M4_T_le_v4SPD16_eabi.lib : errno.c.obj (.text:__aeabi_errno_addr)
                  0001d708    00000008                                   : memory.c.obj (.text:malloc)
                  0001d710    00000006     msp432p4xx_driverlib.lib : cs.o (.text:CS_startHFXT)
                  0001d716    00000006                              : i2c.o (.text:I2C_getEnabledInterruptStatus)
                  0001d71c    00000006                              : i2c.o (.text:I2C_getInterruptStatus)
                  0001d722    00000006                              : i2c.o (.text:I2C_masterReceiveMultiByteNext)
                  0001d728    00000006     demo_sysctl.obj (.text:SysCtlDelay)
                  0001d72e    00000004     msp432p4xx_driverlib.lib : cpu.o (.text:CPU_wfi)
                  0001d732    00000004                              : i2c.o (.text:I2C_setSlaveAddress)
                  0001d736    00000004     rtsv7M4_T_le_v4SPD16_eabi.lib : pre_init.c.obj (.text:_system_pre_init)
                  0001d73a    00000004                                   : exit.c.obj (.text:abort:abort)

.const     0    0001d740    00000b1e     
                  0001d740    000005f0     AsciiLib.obj (.const:AsciiLib)
                  0001dd30    00000101     rtsv7M4_T_le_v4SPD16_eabi.lib : ctype.c.obj (.const:.string:_ctypes_)
                  0001de31    00000003     bmi160.obj (.const:.string:INVALID_OFFSET)
                  0001de34    000000b0     wlan.obj (.const:$P$T0$1)
                  0001dee4    00000060     rtsv7M4_T_le_v4SPD16_eabi.lib : mktime64.c.obj (.const:$O1$$)
                  0001df44    00000058                                   : strtof.c.obj (.const:$O1$$)
                  0001df9c    00000050     msp432p4xx_driverlib.lib : interrupt.o (.const:g_pulRegs)
                  0001dfec    00000040                              : interrupt.o (.const)
                  0001e02c    00000038     driver.obj (.const:_SlActionLookupTable)
                  0001e064    0000002c     cc3100_usage.obj (.const:$P$T0$1)
                  0001e090    00000024     G8RTOS_Scheduler.obj (.const:$P$T0$1)
                  0001e0b4    00000024     G8RTOS_Scheduler.obj (.const:$P$T1$2)
                  0001e0d8    00000024     my_uart.obj (.const:Uart115200Config)
                  0001e0fc    00000024     BackChannelUart.obj (.const:backChannelUart115200Config)
                  0001e120    00000020     cc3100_usage.obj (.const:$P$T3$4)
                  0001e140    00000014     cc3100_usage.obj (.const:$P$T1$2)
                  0001e154    00000010     httpcli.obj (.const:$P$T1$2)
                  0001e164    0000000c     cc3100_usage.obj (.const:$P$T2$3)
                  0001e170    0000000c     bmi160.obj (.const:yas532_version_ac_coef)
                  0001e17c    00000008     httpcli.obj (.const:.string:$P$T0$1)
                  0001e184    00000008     driver.obj (.const:g_H2NCnysPattern)
                  0001e18c    00000008     driver.obj (.const:g_H2NSyncPattern)
                  0001e194    00000008     bmi160.obj (.const:v_calib_data$2)
                  0001e19c    00000005     bme280_support.obj (.const:.string:$P$T0$1)
                  0001e1a1    00000005     bmi160.obj (.const:.string:v_correct_u8$1)
                  0001e1a6    00000004     driver.obj (.const:$P$T0$1)
                  0001e1aa    00000004     netapp.obj (.const:$P$T0$1)
                  0001e1ae    00000004     socket.obj (.const:$P$T0$1)
                  0001e1b2    00000004     socket.obj (.const:$P$T1$2)
                  0001e1b6    00000004     wlan.obj (.const:$P$T1$2)
                  0001e1ba    00000004     socket.obj (.const:$P$T2$3)
                  0001e1be    00000004     wlan.obj (.const:$P$T2$3)
                  0001e1c2    00000004     wlan.obj (.const:$P$T3$4)
                  0001e1c6    00000004     socket.obj (.const:_SlAcceptCmdCtrl)
                  0001e1ca    00000004     device.obj (.const:_SlDeviceGetCmdCtrl)
                  0001e1ce    00000004     device.obj (.const:_SlDeviceSetCmdCtrl)
                  0001e1d2    00000004     device.obj (.const:_SlEventMaskGetCmdCtrl)
                  0001e1d6    00000004     device.obj (.const:_SlEventMaskSetCmdCtrl)
                  0001e1da    00000004     netapp.obj (.const:_SlGetHostByNameCtrl)
                  0001e1de    00000004     netapp.obj (.const:_SlGetHostByServiceCtrl)
                  0001e1e2    00000004     netapp.obj (.const:_SlGetServiceListeCtrl)
                  0001e1e6    00000004     socket.obj (.const:_SlGetSockOptCmdCtrl)
                  0001e1ea    00000004     socket.obj (.const:_SlListenCmdCtrl)
                  0001e1ee    00000004     netapp.obj (.const:_SlNetAppGetCmdCtrl)
                  0001e1f2    00000004     netapp.obj (.const:_SlNetAppSendTokenValueCmdCtrl)
                  0001e1f6    00000004     netapp.obj (.const:_SlNetAppSetCmdCtrl)
                  0001e1fa    00000004     netapp.obj (.const:_SlNetAppStartCtrl)
                  0001e1fe    00000004     netapp.obj (.const:_SlNetAppStopCtrl)
                  0001e202    00000004     netcfg.obj (.const:_SlNetCfgGetCmdCtrl)
                  0001e206    00000004     netcfg.obj (.const:_SlNetCfgSetCmdCtrl)
                  0001e20a    00000004     wlan.obj (.const:_SlPolicyGetCmdCtrl)
                  0001e20e    00000004     wlan.obj (.const:_SlPolicySetCmdCtrl)
                  0001e212    00000004     wlan.obj (.const:_SlProfileDelCmdCtrl)
                  0001e216    00000004     wlan.obj (.const:_SlProfileGetCmdCtrl)
                  0001e21a    00000004     socket.obj (.const:_SlRecvCmdCtrl)
                  0001e21e    00000004     socket.obj (.const:_SlRecvfomCmdCtrl)
                  0001e222    00000004     netapp.obj (.const:_SlRegisterServiceCtrl)
                  0001e226    00000004     wlan.obj (.const:_SlRxFilterAddtCmdCtrl)
                  0001e22a    00000004     wlan.obj (.const:_SlRxFilterGetCmdCtrl)
                  0001e22e    00000004     wlan.obj (.const:_SlRxFilterSetCmdCtrl)
                  0001e232    00000004     socket.obj (.const:_SlSelectCmdCtrl)
                  0001e236    00000004     socket.obj (.const:_SlSendCmdCtrl)
                  0001e23a    00000004     socket.obj (.const:_SlSetSockOptCmdCtrl)
                  0001e23e    00000004     wlan.obj (.const:_SlSmartConfigStartCmdCtrl)
                  0001e242    00000004     socket.obj (.const:_SlSockCloseCmdCtrl)
                  0001e246    00000004     socket.obj (.const:_SlSockSocketCmdCtrl)
                  0001e24a    00000004     device.obj (.const:_SlStopCmdCtrl)
                  0001e24e    00000004     wlan.obj (.const:_SlWlanCfgGetCmdCtrl)
                  0001e252    00000004     wlan.obj (.const:_SlWlanCfgSetCmdCtrl)
                  0001e256    00000004     wlan.obj (.const:_SlWlanGetNetworkListCtrl)
                  0001e25a    00000004     wlan.obj (.const:_SlWlanSetModeCmdCtrl)

.cinit     0    0001e260    00000098     
                  0001e260    00000070     (.cinit..data.load) [load image, compression = lzss]
                  0001e2d0    0000000c     (__TI_handler_table)
                  0001e2dc    00000004     --HOLE-- [fill = 0]
                  0001e2e0    00000008     (.cinit..bss.load) [load image, compression = zero_init]
                  0001e2e8    00000010     (__TI_cinit_table)

.init_array 
*          0    00000000    00000000     UNINITIALIZED

.binit     0    00000000    00000000     

.bss       0    20000000    00007188     UNINITIALIZED
                  20000000    00005000     G8RTOS_Scheduler.obj (.bss:threadStacks)
                  20005000    00001004     (.common:g_buff)
                  20006004    0000036c     (.common:accel_fifo)
                  20006370    0000036c     (.common:gyro_fifo)
                  200066dc    0000036c     (.common:mag_fifo)
                  20006a48    00000168     G8RTOS_Scheduler.obj (.bss:threadControlBlocks)
                  20006bb0    00000164     (.common:g_StatMem)
                  20006d14    00000100     BackChannelUart.obj (.bss:backChannelStringBuff)
                  20006e14    000000e0     (.common:weekWeatherData)
                  20006ef4    000000b8     (.common:httpClient)
                  20006fac    00000090     G8RTOS_Scheduler.obj (.bss:Pthread)
                  2000703c    00000070     bmi160.obj (.bss:yas532_data)
                  200070ac    0000003c     (.common:bme280)
                  200070e8    00000028     (.common:g__SlNonOsCB)
                  20007110    00000014     (.common:s_bmi160)
                  20007124    00000010     bmi160.obj (.bss:mag_trim)
                  20007134    0000000c     G8RTOS_Scheduler.obj (.bss)
                  20007140    00000006     (.common:accelxyz)
                  20007146    00000006     (.common:gyroxyz)
                  2000714c    00000004     bme280.obj (.bss)
                  20007150    00000004     bmi160.obj (.bss)
                  20007154    00000004     tmp007.obj (.bss:buf)
                  20007158    00000004     cc3100_usage.obj (.bss)
                  2000715c    00000004     (.common:ButtonFunction)
                  20007160    00000004     (.common:CurrentlyRunningThread)
                  20007164    00000004     (.common:SystemTime)
                  20007168    00000004     (.common:g_BytesReceived)
                  2000716c    00000004     (.common:g_DestinationIP)
                  20007170    00000004     (.common:g_ui32ByteCount)
                  20007174    00000004     (.common:hfxtFreq)
                  20007178    00000004     (.common:lfxtFreq)
                  2000717c    00000004     (.common:pData)
                  20007180    00000003     bmi160.obj (.bss:akm_asa_data)
                  20007183    00000001     (.common:IntIsMasked)
                  20007184    00000002     tmp007.obj (.bss)
                  20007186    00000001     (.common:ui8DummyRead)
                  20007187    00000001     (.common:ui8Status)

.sysmem    0    20007188    00002000     UNINITIALIZED
                  20007188    00000010     rtsv7M4_T_le_v4SPD16_eabi.lib : memory.c.obj (.sysmem)
                  20007198    00001ff0     --HOLE--

.data      0    20009188    00000524     UNINITIALIZED
                  20009188    00000400     bmi160.obj (.data:v_fifo_data_u8)
                  20009588    00000048     httpcli.obj (.data:tlsParams)
                  200095d0    00000030     msp432p4xx_driverlib.lib : gpio.o (.data:GPIO_PORT_TO_BASE)
                  20009600    00000024     rtsv7M4_T_le_v4SPD16_eabi.lib : localtim64.c.obj (.data:local_tm)
                  20009624    00000018     cc3100_usage.obj (.data)
                  2000963c    00000014     i2c_driver.obj (.data:i2cConfig)
                  20009650    00000010     rtsv7M4_T_le_v4SPD16_eabi.lib : tmzone.c.obj (.data:_tz)
                  20009660    00000010     httpcli.obj (.data:proxyAddr)
                  20009670    00000009     driver.obj (.data)
                  20009679    00000001     i2c_driver.obj (.data)
                  2000967a    00000002     --HOLE--
                  2000967c    00000008     rtsv7M4_T_le_v4SPD16_eabi.lib : _lock.c.obj (.data:$O1$$)
                  20009684    00000008                                   : memory.c.obj (.data:$O1$$)
                  2000968c    00000008     LCD.obj (.data)
                  20009694    00000008     bmi160.obj (.data)
                  2000969c    00000004     board.obj (.data)
                  200096a0    00000004     rtsv7M4_T_le_v4SPD16_eabi.lib : errno.c.obj (.data)
                  200096a4    00000004     system_msp432p401r.obj (.data)
                  200096a8    00000004     weatherServer.obj (.data)

.stack     0    2000fe00    00000200     UNINITIALIZED
                  2000fe00    00000004     rtsv7M4_T_le_v4SPD16_eabi.lib : boot_cortex_m.c.obj (.stack)
                  2000fe04    000001fc     --HOLE--

MODULE SUMMARY

       Module                        code     ro data   rw data
       ------                        ----     -------   -------
    .\
       weatherServer.obj             1588     0         824    
       system_msp432p401r.obj        820      0         8      
       startup_msp432p401r_ccs.obj   14       228       0      
       main.obj                      16       0         0      
    +--+-----------------------------+--------+---------+---------+
       Total:                        2438     228       832    
                                                               
    .\BoardSupportPackage\src\
       bmi160.obj                    54752    28        7590   
       bme280.obj                    6160     0         8      
       bmi160_support.obj            3112     0         64     
       LCD.obj                       2512     0         16     
       AsciiLib.obj                  64       1520      0      
       BackChannelUart.obj           760      36        512    
       i2c_driver.obj                864      0         62     
       bme280_support.obj            736      5         120    
       RGBLeds.obj                   656      0         0      
       tmp007.obj                    564      0         12     
       Joystick.obj                  376      0         8      
       buttons.obj                   292      0         0      
       opt3001.obj                   254      0         0      
       ClockSys.obj                  132      0         0      
       my_uart.obj                   76       36        0      
       BSP.obj                       72       0         0      
       demo_sysctl.obj               44       0         0      
    +--+-----------------------------+--------+---------+---------+
       Total:                        71426    1625      8392   
                                                               
    .\CC3100SupportPackage\board\
       board.obj                     848      0         10     
    +--+-----------------------------+--------+---------+---------+
       Total:                        848      0         10     
                                                               
    .\CC3100SupportPackage\cc3100_usage\
       cc3100_usage.obj              1800     108       8272   
    +--+-----------------------------+--------+---------+---------+
       Total:                        1800     108       8272   
                                                               
    .\CC3100SupportPackage\http_client\
       httpcli.obj                   4016     24        176    
       ssock.obj                     746      0         0      
    +--+-----------------------------+--------+---------+---------+
       Total:                        4762     24        176    
                                                               
    .\CC3100SupportPackage\json\
       jsmn.obj                      1520     0         0      
    +--+-----------------------------+--------+---------+---------+
       Total:                        1520     0         0      
                                                               
    .\CC3100SupportPackage\simplelink\source\
       driver.obj                    8228     76        730    
       socket.obj                    3796     52        0      
       wlan.obj                      2752     236       0      
       netapp.obj                    2884     40        0      
       device.obj                    1460     20        0      
       nonos.obj                     304      0         80     
       netcfg.obj                    272      8         0      
       flowcont.obj                  128      0         0      
    +--+-----------------------------+--------+---------+---------+
       Total:                        19824    432       810    
                                                               
    .\CC3100SupportPackage\spi_cc3100\
       spi_cc3100.obj                528      0         0      
    +--+-----------------------------+--------+---------+---------+
       Total:                        528      0         0      
                                                               
    .\G8RTOS\
       G8RTOS_Scheduler.obj          2124     72        42008  
       G8RTOS_SchedulerASM.obj       76       0         0      
       G8RTOS_CriticalSection.obj    14       0         0      
    +--+-----------------------------+--------+---------+---------+
       Total:                        2214     72        42008  
                                                               
    ../BoardSupportPackage/DriverLib/msp432p4xx_driverlib.lib
       cs.o                          1202     0         16     
       pcm.o                         1194     0         0      
       interrupt.o                   252      144       0      
       i2c.o                         320      0         0      
       gpio.o                        148      0         96     
       uart.o                        196      0         0      
       sysctl.o                      124      0         0      
       wdt_a.o                       48       0         0      
       flash.o                       40       0         0      
       rtc_c.o                       36       0         0      
       systick.o                     20       0         0      
       cpu.o                         16       0         0      
    +--+-----------------------------+--------+---------+---------+
       Total:                        3596     144       112    
                                                               
    D:\CCS\ccs\tools\compiler\ti-cgt-arm_18.12.2.LTS\lib\rtsv7M4_T_le_v4SPD16_eabi.lib
       _printfi.c.obj                4851     0         0      
       strtof.c.obj                  968      88        0      
       mktime64.c.obj                696      96        0      
       memory.c.obj                  676      0         16     
       localtim64.c.obj              392      0         72     
       fd_add_t2.asm.obj             438      0         0      
       fd_div_t2.asm.obj             310      0         0      
       s_scalbn.c.obj                272      0         0      
       strtoul.c.obj                 272      0         0      
       fd_cmp_t2.asm.obj             268      0         0      
       ctype.c.obj                   0        257       0      
       fd_mul_t2.asm.obj             252      0         0      
       s_scalbnf.c.obj               208      0         0      
       memcpy_t2.asm.obj             156      0         0      
       ull_div_t2.asm.obj            150      0         0      
       snprintf.c.obj                148      0         0      
       vsnprintf.c.obj               136      0         0      
       memset_t2.asm.obj             122      0         0      
       ll_div_t2.asm.obj             110      0         0      
       copy_decompress_lzss.c.obj    104      0         0      
       s_frexp.c.obj                 100      0         0      
       ltoa.c.obj                    84       0         0      
       atoi.c.obj                    76       0         0      
       fd_toi_t2.asm.obj             72       0         0      
       autoinit.c.obj                68       0         0      
       strncpy.c.obj                 54       0         0      
       boot_cortex_m.c.obj           52       0         0      
       strstr.c.obj                  52       0         0      
       i_tofd_t2.asm.obj             46       0         0      
       strncmp.c.obj                 44       0         0      
       tmzone.c.obj                  0        0         32     
       memccpy.c.obj                 28       0         0      
       s_copysign.c.obj              26       0         0      
       ll_mul_t2.asm.obj             24       0         0      
       s_copysignf.c.obj             24       0         0      
       strcmp.c.obj                  24       0         0      
       strchr.c.obj                  22       0         0      
       strcpy.c.obj                  20       0         0      
       strlen.c.obj                  20       0         0      
       _lock.c.obj                   2        0         16     
       wcslen.c.obj                  18       0         0      
       errno.c.obj                   8        0         8      
       copy_decompress_none.c.obj    14       0         0      
       copy_zero_init.c.obj          12       0         0      
       exit.c.obj                    4        0         0      
       pre_init.c.obj                4        0         0      
       div0.asm.obj                  2        0         0      
    +--+-----------------------------+--------+---------+---------+
       Total:                        11429    441       144    
                                                               
       Heap:                         0        0         16384  
       Stack:                        0        0         1024   
       Linker Generated:             0        148       0      
    +--+-----------------------------+--------+---------+---------+
       Grand Total:                  120385   3222      78164  


LINKER GENERATED COPY TABLES

__TI_cinit_table @ 0001e2e8 records: 2, size/record: 8, table size: 16
	.data: load addr=0001e260, load size=00000070 bytes, run addr=20009188, run size=00000524 bytes, compression=lzss
	.bss: load addr=0001e2e0, load size=00000008 bytes, run addr=20000000, run size=00007188 bytes, compression=zero_init


LINKER GENERATED HANDLER TABLE

__TI_handler_table @ 0001e2d0 records: 3, size/record: 4, table size: 12
	index: 0, handler: __TI_decompress_lzss
	index: 1, handler: __TI_decompress_none
	index: 2, handler: __TI_zero_init


GLOBAL SYMBOLS: SORTED ALPHABETICALLY BY Name 

address   name                                                  
-------   ----                                                  
0001d67d  ADC14_IRQHandler                                      
0001d67d  AES256_IRQHandler                                     
000197d9  BME280_I2C_bus_read                                   
000197ad  BME280_I2C_bus_write                                  
00019805  BME280_SPI_bus_read                                   
0001986b  BME280_SPI_bus_write                                  
000198db  BME280_delay_msek                                     
0001ccfd  BSP_InitBoard                                         
000190f9  BackChannelEventTrigger                               
00019073  BackChannelInit                                       
00019111  BackChannelOpt3001PrintRaw                            
0001908f  BackChannelPrint                                      
000190db  BackChannelPrintIntVariable                           
00019153  BackupChannelBmi160PrintAccel                         
0001917f  BackupChannelBmi160PrintGyro                          
000191ab  BackupChannelBmi160PrintMag                           
0001912d  BackupChannelTmp007PrintRaw                           
0001d67d  BusFault_Handler                                      
2000715c  ButtonFunction                                        
0001d73b  C$$EXIT                                               
00018a27  CC3100_InterruptDisable                               
000189fd  CC3100_InterruptEnable                                
000189e5  CC3100_disable                                        
000189f1  CC3100_enable                                         
0001d67d  COMP_E0_IRQHandler                                    
0001d67d  COMP_E1_IRQHandler                                    
0001d67f  CPU_cpsie                                             
0001d72f  CPU_wfi                                               
0001d67d  CS_IRQHandler                                         
0001d2e9  CS_clearInterruptFlag                                 
0001b659  CS_getDCOFrequency                                    
0001d471  CS_getMCLK                                            
0001d489  CS_getSMCLK                                           
0001bb35  CS_initClockSignal                                    
0001d30d  CS_setDCOCenteredFrequency                            
0001d561  CS_setExternalClockSourceFrequency                    
0001d711  CS_startHFXT                                          
0001bfc9  CS_startHFXTWithTimeout                               
0001c443  ClockSys_GetSysFreq                                   
0001c3d5  ClockSys_SetMaxFreq                                   
00016d0d  ConnectToHTTPServer                                   
00014005  CopyPingResultsToReport                               
20007160  CurrentlyRunningThread                                
0001d67d  DMA_ERR_IRQHandler                                    
0001d67d  DMA_INT0_IRQHandler                                   
0001d67d  DMA_INT1_IRQHandler                                   
0001d67d  DMA_INT2_IRQHandler                                   
0001d67d  DMA_INT3_IRQHandler                                   
0001d67d  DebugMon_Handler                                      
0001d67d  Default_Handler                                       
00018c83  Delay                                                 
0001d2c3  DelayMs                                               
0001aca5  Disable_Joystick_Interrupt                            
00018cd1  EUSCIA0_IRQHandler                                    
00018cd1  EUSCIA0_IRQHandler                                    
0001d67d  EUSCIA1_IRQHandler                                    
0001d67d  EUSCIA2_IRQHandler                                    
0001d67d  EUSCIA3_IRQHandler                                    
0001d67d  EUSCIB0_IRQHandler                                    
00018909  EUSCIB1_IRQHandler                                    
00018909  EUSCIB1_IRQHandler                                    
0001d67d  EUSCIB2_IRQHandler                                    
0001d67d  EUSCIB3_IRQHandler                                    
0001d641  EndCriticalSection                                    
0001d67d  FLCTL_IRQHandler                                      
0001d67d  FPU_IRQHandler                                        
0001d225  FlashCtl_setWaitState                                 
000161ab  G8RTOS_AddAPeriodicEvent                              
00015f1d  G8RTOS_AddPeriodicEvent                               
00015cf1  G8RTOS_AddThread                                      
00016033  G8RTOS_GetThreadId                                    
00015bf5  G8RTOS_Init                                           
0001612d  G8RTOS_KillSelf                                       
00016049  G8RTOS_KillThread                                     
00015c21  G8RTOS_Launch                                         
00015acb  G8RTOS_Scheduler                                      
0001cb39  G8RTOS_Start                                          
0001cd45  GPIO_setAsPeripheralModuleFunctionInputPin            
0001cb81  GPIO_setAsPeripheralModuleFunctionOutputPin           
0001ce61  GetASCIICode                                          
00016c99  GetDataFromHTTPServer                                 
0001acbb  GetJoystickCoordinates                                
00018bcf  GetLEDStatus                                          
00011815  HTTPCli_connect                                       
00011937  HTTPCli_construct                                     
0001197f  HTTPCli_create                                        
00011997  HTTPCli_delete                                        
000119c1  HTTPCli_destruct                                      
00011a13  HTTPCli_disconnect                                    
00011c49  HTTPCli_getResponseField                              
00011c13  HTTPCli_getResponseStatus                             
00011709  HTTPCli_initSockAddr                                  
00011e55  HTTPCli_readRawResponseBody                           
00011dc9  HTTPCli_readResponseBody                              
00011b83  HTTPCli_sendField                                     
00011ab5  HTTPCli_sendRequest                                   
00011bdb  HTTPCli_sendRequestBody                               
00011e95  HTTPCli_setProxy                                      
00011a49  HTTPCli_setRequestFields                              
00011a6f  HTTPCli_setResponseFields                             
00011a95  HTTPCli_setSecureParams                               
0001d67d  HardFault_Handler                                     
0001d647  I2C_clearInterruptFlag                                
0001d655  I2C_disableInterrupt                                  
0001d68b  I2C_disableModule                                     
0001d6df  I2C_enableInterrupt                                   
0001d697  I2C_enableModule                                      
0001d717  I2C_getEnabledInterruptStatus                         
0001d71d  I2C_getInterruptStatus                                
0001cf21  I2C_initMaster                                        
0001d575  I2C_isBusBusy                                         
0001d723  I2C_masterReceiveMultiByteNext                        
0001d5d7  I2C_masterReceiveStart                                
0001d331  I2C_masterSendMultiByteNext                           
0001cfd9  I2C_masterSendMultiByteStart                          
0001d0e5  I2C_masterSendMultiByteStop                           
0001977b  I2C_routine                                           
0001d733  I2C_setSlaveAddress                                   
20007183  IntIsMasked                                           
0001c86d  Interrupt_disableInterrupt                            
0001c8d1  Interrupt_enableInterrupt                             
0001d5e7  Interrupt_enableMaster                                
0001d355  Interrupt_setPriority                                 
0001abf1  Joystick_Init_Without_Interrupt                       
0001ac4f  Joystick_Push_Button_Init_With_Interrupt              
000164ed  LCD_Clear                                             
00016345  LCD_DrawRectangle                                     
000165e1  LCD_GetPoint                                          
0001663d  LCD_Init                                              
0001c799  LCD_ReadData                                          
0001d29d  LCD_ReadReg                                           
0001d3c1  LCD_SetCursor                                         
00016589  LCD_SetPoint                                          
00016453  LCD_Text                                              
0001cea1  LCD_WriteData                                         
0001d049  LCD_WriteIndex                                        
0001d401  LCD_WriteReg                                          
0001d3e1  LCD_Write_Data_Only                                   
0001d6d5  LCD_Write_Data_Start                                  
00018a45  MaskIntHdlr                                           
0001d67d  MemManage_Handler                                     
0001d67d  NMI_Handler                                           
0001d67d  PCM_IRQHandler                                        
0001d1a3  PCM_getCoreVoltageLevel                               
0001d1fb  PCM_getPowerMode                                      
0001d6a5  PCM_getPowerState                                     
0001d24d  PCM_gotoLPM0                                          
0001c4d9  PCM_gotoLPM3                                          
0001d5f7  PCM_gotoLPM4                                          
0001d6e7  PCM_setCoreVoltageLevel                               
0001d6ef  PCM_setPowerMode                                      
0001d6f7  PCM_setPowerState                                     
0001ca95  PCM_shutdownDevice                                    
00018c81  PORT1_IRQHandler                                      
00018c81  PORT1_IRQHandler                                      
00018cab  PORT2_IRQHandler                                      
00018cab  PORT2_IRQHandler                                      
0001d67d  PORT3_IRQHandler                                      
0001d67d  PORT4_IRQHandler                                      
0001d67d  PORT5_IRQHandler                                      
0001d67d  PORT6_IRQHandler                                      
0001d67d  PSS_IRQHandler                                        
0001cb53  PendSV_Handler                                        
0001cb53  PendSV_Handler                                        
0001bf25  PutChar                                               
0001d67d  RTC_C_IRQHandler                                      
0001d379  RTC_C_holdClock                                       
0001d671  Reset_Handler                                         
00012c7f  SL_FD_CLR                                             
00012ca5  SL_FD_ISSET                                           
00012c5d  SL_FD_SET                                             
00012ccd  SL_FD_ZERO                                            
0001cf9d  SPISendRecvByte                                       
00019797  SPI_routine                                           
0001d67d  SVC_Handler                                           
00018c3d  SelAntenna                                            
00017077  SimpleLinkGeneralEventHandler                         
0001706b  SimpleLinkHttpServerCallback                          
0001702d  SimpleLinkNetAppEventHandler                          
00017081  SimpleLinkSockEventHandler                            
00016fcb  SimpleLinkWlanEventHandler                            
20009638  SockIDRx                                              
2000963a  SockIDTx                                              
00019365  Ssock_construct                                       
000193a5  Ssock_create                                          
000193bf  Ssock_delete                                          
000193e7  Ssock_destruct                                        
00019439  Ssock_getSocket                                       
00019447  Ssock_recv                                            
000194a1  Ssock_recvall                                         
000194e5  Ssock_send                                            
000195ff  Ssock_startSecure                                     
0001d639  StartCriticalSection                                  
0001d729  SysCtlDelay                                           
0001d609  SysCtl_disableNMISource                               
0001d619  SysCtl_enableNMISource                                
0001d6b1  SysCtl_getNMISourceStatus                             
0001cae5  SysCtl_getTLVInfo                                     
00015b37  SysTick_Handler                                       
00015b37  SysTick_Handler                                       
0001d589  SysTick_enableInterrupt                               
200096a4  SystemCoreClock                                       
00018d21  SystemCoreClockUpdate                                 
00018f99  SystemInit                                            
20007164  SystemTime                                            
0001d67d  T32_INT1_IRQHandler                                   
0001d67d  T32_INT2_IRQHandler                                   
0001d67d  T32_INTC_IRQHandler                                   
0001d67d  TA0_0_IRQHandler                                      
0001d67d  TA0_N_IRQHandler                                      
0001d67d  TA1_0_IRQHandler                                      
0001d67d  TA1_N_IRQHandler                                      
0001d67d  TA2_0_IRQHandler                                      
0001d67d  TA2_N_IRQHandler                                      
0001d67d  TA3_0_IRQHandler                                      
0001d67d  TA3_N_IRQHandler                                      
00016865  TP_ReadXY                                             
0001d6bd  UART_enableModule                                     
0001c235  UART_initModule                                       
0001d39d  UART_transmitData                                     
00018a4d  UnMaskIntHdlr                                         
0001d67d  UsageFault_Handler                                    
20009694  V_bmm150_maual_auto_condition_u8                      
20009698  V_fifo_time_U32                                       
4000480c  WDTCTL_SYM                                            
0001d67d  WDT_A_IRQHandler                                      
0001d4a1  WDT_A_clearTimer                                      
0001d4b9  WDT_A_holdTimer                                       
0001e1c6  _SlAcceptCmdCtrl                                      
0001e02c  _SlActionLookupTable                                  
0000e591  _SlAsyncEventGenericHandler                           
0001e1ca  _SlDeviceGetCmdCtrl                                   
0001e1ce  _SlDeviceSetCmdCtrl                                   
0000efa3  _SlDrvBasicCmd                                        
0000ec57  _SlDrvClassifyRxMsg                                   
0000d88f  _SlDrvCmdOp                                           
0000d93f  _SlDrvCmdSend                                         
0000d995  _SlDrvDataReadOp                                      
0000db99  _SlDrvDataWriteOp                                     
00018229  _SlDrvDeviceEventHandler                              
0000d7a9  _SlDrvDriverCBDeinit                                  
0000d6c5  _SlDrvDriverCBInit                                    
0001c497  _SlDrvFlowContDeinit                                  
0001c459  _SlDrvFlowContInit                                    
0000df5d  _SlDrvMsgRead                                         
0000ea75  _SlDrvMsgReadCmdCtx                                   
0000eb6f  _SlDrvMsgReadSpawnCtx                                 
0000dd69  _SlDrvMsgWrite                                        
000143d5  _SlDrvNetAppEventHandler                              
0000f497  _SlDrvObjDeInit                                       
0000f41b  _SlDrvObjInit                                         
0000f211  _SlDrvReleasePoolObj                                  
0000ed9d  _SlDrvRxHdrRead                                       
0000d84d  _SlDrvRxIrqHandler                                    
0000ed55  _SlDrvShiftDWord                                      
0000f009  _SlDrvWaitForPoolObj                                  
0001e1d2  _SlEventMaskGetCmdCtrl                                
0001e1d6  _SlEventMaskSetCmdCtrl                                
0000f579  _SlFindAndSetActiveObj                                
0001e1da  _SlGetHostByNameCtrl                                  
0001e1de  _SlGetHostByServiceCtrl                               
0001e1e2  _SlGetServiceListeCtrl                                
0001e1e6  _SlGetSockOptCmdCtrl                                  
0001e1ea  _SlListenCmdCtrl                                      
0001e1ee  _SlNetAppGetCmdCtrl                                   
0001e1f2  _SlNetAppSendTokenValueCmdCtrl                        
0001e1f6  _SlNetAppSetCmdCtrl                                   
0001e1fa  _SlNetAppStartCtrl                                    
0001e1fe  _SlNetAppStopCtrl                                     
0001e202  _SlNetCfgGetCmdCtrl                                   
0001e206  _SlNetCfgSetCmdCtrl                                   
0001b075  _SlNonOsMainLoopTask                                  
0001afc9  _SlNonOsSemGet                                        
0001afb1  _SlNonOsSemSet                                        
0001b025  _SlNonOsSpawn                                         
0001e20a  _SlPolicyGetCmdCtrl                                   
0001e20e  _SlPolicySetCmdCtrl                                   
0001e212  _SlProfileDelCmdCtrl                                  
0001e216  _SlProfileGetCmdCtrl                                  
0001e21a  _SlRecvCmdCtrl                                        
0001e21e  _SlRecvfomCmdCtrl                                     
0001e222  _SlRegisterServiceCtrl                                
0000f4b7  _SlRemoveFromList                                     
0001e226  _SlRxFilterAddtCmdCtrl                                
0001e22a  _SlRxFilterGetCmdCtrl                                 
0001e22e  _SlRxFilterSetCmdCtrl                                 
0001e232  _SlSelectCmdCtrl                                      
0001e236  _SlSendCmdCtrl                                        
0001e23a  _SlSetSockOptCmdCtrl                                  
0001e23e  _SlSmartConfigStartCmdCtrl                            
0001e242  _SlSockCloseCmdCtrl                                   
0001e246  _SlSockSocketCmdCtrl                                  
0001e24a  _SlStopCmdCtrl                                        
0001e24e  _SlWlanCfgGetCmdCtrl                                  
0001e252  _SlWlanCfgSetCmdCtrl                                  
0001e256  _SlWlanGetNetworkListCtrl                             
0001e25a  _SlWlanSetModeCmdCtrl                                 
20010000  __STACK_END                                           
00000200  __STACK_SIZE                                          
00002000  __SYSMEM_SIZE                                         
0001e2e8  __TI_CINIT_Base                                       
0001e2f8  __TI_CINIT_Limit                                      
0001e2d0  __TI_Handler_Table_Base                               
0001e2dc  __TI_Handler_Table_Limit                              
0001ce1d  __TI_auto_init_nobinit_nopinit                        
0001c805  __TI_decompress_lzss                                  
0001d663  __TI_decompress_none                                  
ffffffff  __TI_pprof_out_hndl                                   
00014fa9  __TI_printfi                                          
ffffffff  __TI_prof_data_size                                   
ffffffff  __TI_prof_data_start                                  
00000000  __TI_static_base__                                    
0001d6c9  __TI_zero_init                                        
0001c2c9  __aeabi_cdcmpeq                                       
0001c2c9  __aeabi_cdcmple                                       
0001c34f  __aeabi_cdrcmple                                      
0001cdd5  __aeabi_d2iz                                          
0001a6ef  __aeabi_dadd                                          
0001ae79  __aeabi_ddiv                                          
0001b85b  __aeabi_dmul                                          
0001a6e5  __aeabi_dsub                                          
0001d701  __aeabi_errno_addr                                    
0001d175  __aeabi_i2d                                           
00019637  __aeabi_idiv0                                         
00019637  __aeabi_ldiv0                                         
0001c72b  __aeabi_ldivmod                                       
0001d519  __aeabi_lmul                                          
0001c5d1  __aeabi_memclr                                        
0001c5d1  __aeabi_memclr4                                       
0001c5d1  __aeabi_memclr8                                       
0001c101  __aeabi_memcpy                                        
0001c101  __aeabi_memcpy4                                       
0001c101  __aeabi_memcpy8                                       
0001c5d3  __aeabi_memset                                        
0001c5d3  __aeabi_memset4                                       
0001c5d3  __aeabi_memset8                                       
0001c19d  __aeabi_uldivmod                                      
ffffffff  __binit__                                             
ffffffff  __c_args__                                            
0001aa3d  __localtime64                                         
00019919  __mktime64                                            
UNDEFED   __mpu_init                                            
2000fe00  __stack                                               
0001d07d  _c_int00_noargs                                       
0001dd30  _ctypes_                                              
2000967c  _lock                                                 
000159f7  _nop                                                  
00011ea9  _sl_BuildAddress                                      
00017cf5  _sl_GetStartResponseConvert                           
000128bd  _sl_HandleAsync_Accept                                
000124b7  _sl_HandleAsync_Connect                               
00013ded  _sl_HandleAsync_DnsGetHostByAddr                      
00013f41  _sl_HandleAsync_DnsGetHostByName                      
00013d1d  _sl_HandleAsync_DnsGetHostByService                   
00017e59  _sl_HandleAsync_InitComplete                          
00014041  _sl_HandleAsync_PingResponse                          
00012ce5  _sl_HandleAsync_Select                                
00017f0b  _sl_HandleAsync_Stop                                  
00011fc1  _sl_ParseAddress                                      
00011ef9  _sl_TruncatePayloadByProtocol                         
20007188  _sys_memory                                           
UNDEFED   _system_post_cinit                                    
0001d737  _system_pre_init                                      
20009650  _tz                                                   
20009680  _unlock                                               
0001d73b  abort                                                 
20006004  accel_fifo                                            
20007140  accelxyz                                              
0001b959  aligned_alloc                                         
0001cc19  atoi                                                  
ffffffff  binit                                                 
200070ac  bme280                                                
0000fa27  bme280_compensate_humidity_int32                      
0000fadd  bme280_compensate_humidity_int32_sixteen_bit_output   
0000f8a1  bme280_compensate_pressure_int32                      
00010c65  bme280_compensate_pressure_int64                      
00010e67  bme280_compensate_pressure_int64_twentyfour_bit_output
0000f79f  bme280_compensate_temperature_int32                   
0000f817  bme280_compensate_temperature_int32_sixteen_bit_output
00010e81  bme280_compute_wait_time                              
00019639  bme280_data_readout_template                          
0000fbf7  bme280_get_calib_param                                
000106b7  bme280_get_filter                                     
00010a1b  bme280_get_forced_uncomp_pressure_temperature_humidity
00010113  bme280_get_oversamp_humidity                          
0000ff5b  bme280_get_oversamp_pressure                          
0000fd99  bme280_get_oversamp_temperature                       
00010301  bme280_get_power_mode                                 
00010509  bme280_get_spi3                                       
0001086b  bme280_get_standby_durn                               
0000f6e9  bme280_init                                           
00019725  bme280_initialize_sensor                              
0000fb97  bme280_read_pressure_temperature_humidity             
00010c1f  bme280_read_register                                  
0000f9d1  bme280_read_uncomp_humidity                           
0000f841  bme280_read_uncomp_pressure                           
0000fb05  bme280_read_uncomp_pressure_temperature_humidity      
0000f73f  bme280_read_uncomp_temperature                        
00010707  bme280_set_filter                                     
0001016d  bme280_set_oversamp_humidity                          
0000ffb7  bme280_set_oversamp_pressure                          
0000fdf5  bme280_set_oversamp_temperature                       
0001034f  bme280_set_power_mode                                 
000104c9  bme280_set_soft_rst                                   
00010557  bme280_set_spi3                                       
000108bb  bme280_set_standby_durn                               
00010bd9  bme280_write_register                                 
00007511  bmi160_accel_foc_trigger_xyz                          
0000ac11  bmi160_bmm150_mag_compensate_X                        
0000acbb  bmi160_bmm150_mag_compensate_Y                        
0000ad65  bmi160_bmm150_mag_compensate_Z                        
0000abb5  bmi160_bmm150_mag_compensate_xyz                      
0000ae05  bmi160_bmm150_mag_interface_init                      
0000b2a7  bmi160_bmm150_mag_set_power_mode                      
0000b0b1  bmi160_bmm150_mag_wakeup                              
0000c00d  bmi160_bst_akm_compensate_X                           
0000c03f  bmi160_bst_akm_compensate_Y                           
0000c071  bmi160_bst_akm_compensate_Z                           
0000c0a3  bmi160_bst_akm_compensate_xyz                         
0000bc05  bmi160_bst_akm_mag_interface_init                     
0000c0f1  bmi160_bst_akm_set_powermode                          
0000caa1  bmi160_bst_yamaha_yas532_calib_values                 
0000c47b  bmi160_bst_yamaha_yas532_mag_interface_init           
0000d4e1  bmi160_bst_yas532_acquisition_command_register        
0000c911  bmi160_bst_yas532_magnetic_measure_set_offset         
0000d069  bmi160_bst_yas532_measurement_xyz_data                
0000cef5  bmi160_bst_yas532_normal_measurement_data             
0000c7b1  bmi160_bst_yas532_set_initial_values                  
0000d5a5  bmi160_bst_yas532_set_offset                          
0000ce59  bmi160_bst_yas532_xy1y2_to_linear                     
000095c1  bmi160_clear_step_counter                             
00012db9  bmi160_config_running_mode                            
00013969  bmi160_delay_ms                                       
00001805  bmi160_fifo_data                                      
000017a5  bmi160_fifo_length                                    
0000191d  bmi160_get_accel_bw                                   
00000e21  bmi160_get_accel_data_rdy                             
000021f7  bmi160_get_accel_fifo_filter_data                     
000086ab  bmi160_get_accel_offset_compensation_xaxis            
00008791  bmi160_get_accel_offset_compensation_yaxis            
0000887b  bmi160_get_accel_offset_compensation_zaxis            
00008edb  bmi160_get_accel_offset_enable                        
0000183f  bmi160_get_accel_output_data_rate                     
00000481  bmi160_get_accel_power_mode_stat                      
00001ad9  bmi160_get_accel_range                                
0000829d  bmi160_get_accel_selftest_amp                         
000080e7  bmi160_get_accel_selftest_axis                        
000081bf  bmi160_get_accel_selftest_sign                        
000019ff  bmi160_get_accel_under_sampling_parameter             
00000d85  bmi160_get_data_rdy_mag                               
000002b5  bmi160_get_drop_cmd_err                               
00000219  bmi160_get_err_code                                   
00000351  bmi160_get_error_status                               
000001cd  bmi160_get_fatal_err                                  
000028a5  bmi160_get_fifo_accel_enable                          
0000212f  bmi160_get_fifo_down_accel                            
00001f87  bmi160_get_fifo_down_gyro                             
00002985  bmi160_get_fifo_gyro_enable                           
000026f1  bmi160_get_fifo_header_enable                         
000027cb  bmi160_get_fifo_mag_enable                            
0000235f  bmi160_get_fifo_stop_on_full                          
000025ff  bmi160_get_fifo_tag_intr1_enable                      
00002511  bmi160_get_fifo_tag_intr2_enable                      
00002437  bmi160_get_fifo_time_enable                           
000022d1  bmi160_get_fifo_wm                                    
000070db  bmi160_get_foc_accel_x                                
00007001  bmi160_get_foc_accel_y                                
00006f3b  bmi160_get_foc_accel_z                                
0000775b  bmi160_get_foc_gyro_enable                            
00000ce5  bmi160_get_foc_rdy                                    
00001ce5  bmi160_get_gyro_bw                                    
00000dd3  bmi160_get_gyro_data_rdy                              
00002055  bmi160_get_gyro_fifo_filter_data                      
00008961  bmi160_get_gyro_offset_compensation_xaxis             
00008b31  bmi160_get_gyro_offset_compensation_yaxis             
00008d09  bmi160_get_gyro_offset_compensation_zaxis             
00008fab  bmi160_get_gyro_offset_enable                         
00001bc9  bmi160_get_gyro_output_data_rate                      
00000433  bmi160_get_gyro_power_mode_stat                       
00001dbf  bmi160_get_gyro_range                                 
00000c49  bmi160_get_gyro_selftest                              
00008377  bmi160_get_gyro_selftest_start                        
00007f33  bmi160_get_gyro_sleep_state                           
00007d7b  bmi160_get_gyro_sleep_trigger                         
0000800d  bmi160_get_gyro_wakeup_intr                           
00007e53  bmi160_get_gyro_wakeup_trigger                        
00002a5f  bmi160_get_i2c_device_addr                            
00000267  bmi160_get_i2c_fail_err                               
00007bc7  bmi160_get_i2c_wdt_enable                             
00007ae7  bmi160_get_i2c_wdt_select                             
00007ca1  bmi160_get_if_mode                                    
000041f3  bmi160_get_input_enable                               
000046ed  bmi160_get_intr_any_motion                            
00005dbf  bmi160_get_intr_any_motion_durn                       
00005f53  bmi160_get_intr_any_motion_thres                      
00005519  bmi160_get_intr_data_rdy                              
00004a31  bmi160_get_intr_double_tap                            
00003ae5  bmi160_get_intr_edge_ctrl                             
00002f23  bmi160_get_intr_enable_0                              
00003393  bmi160_get_intr_enable_1                              
000037fb  bmi160_get_intr_enable_2                              
000051fd  bmi160_get_intr_fifo_full                             
00005389  bmi160_get_intr_fifo_wm                               
00004ee1  bmi160_get_intr_flat                                  
00006d83  bmi160_get_intr_flat_hold                             
00006e63  bmi160_get_intr_flat_hyst                             
00006cab  bmi160_get_intr_flat_theta                            
00004561  bmi160_get_intr_high_g                                
00005cb3  bmi160_get_intr_high_g_durn                           
00005beb  bmi160_get_intr_high_g_hyst                           
00005d39  bmi160_get_intr_high_g_thres                          
00003c6d  bmi160_get_intr_level                                 
0000437f  bmi160_get_intr_low_g                                 
00005937  bmi160_get_intr_low_g_durn                            
00005a43  bmi160_get_intr_low_g_hyst                            
00005b11  bmi160_get_intr_low_g_mode                            
000059bd  bmi160_get_intr_low_g_thres                           
0000577f  bmi160_get_intr_low_high_source                       
0000585d  bmi160_get_intr_motion_source                         
000048a5  bmi160_get_intr_nomotion                              
00004d4f  bmi160_get_intr_orient                                
00006bd1  bmi160_get_intr_orient_axes_enable                    
00006879  bmi160_get_intr_orient_blocking                       
00006953  bmi160_get_intr_orient_hyst                           
0000679b  bmi160_get_intr_orient_mode                           
00006a1b  bmi160_get_intr_orient_theta                          
00006af3  bmi160_get_intr_orient_ud_enable                      
00003dff  bmi160_get_intr_output_type                           
0000506d  bmi160_get_intr_pmu_trig                              
000062f1  bmi160_get_intr_significant_motion_proof              
0000613d  bmi160_get_intr_significant_motion_select             
00006217  bmi160_get_intr_significant_motion_skip               
00004bc3  bmi160_get_intr_single_tap                            
00005e8b  bmi160_get_intr_slow_no_motion_durn                   
0000605f  bmi160_get_intr_slow_no_motion_select                 
00005fd9  bmi160_get_intr_slow_no_motion_thres                  
000063cb  bmi160_get_intr_tap_durn                              
000065fb  bmi160_get_intr_tap_quiet                             
00006521  bmi160_get_intr_tap_shock                             
000056a5  bmi160_get_intr_tap_source                            
000066d5  bmi160_get_intr_tap_thres                             
0000411b  bmi160_get_latch_intr                                 
00002b27  bmi160_get_mag_burst                                  
00000303  bmi160_get_mag_dada_rdy_err                           
00002cb9  bmi160_get_mag_manual_enable                          
00000c97  bmi160_get_mag_manual_operation_stat                  
00002bed  bmi160_get_mag_offset                                 
00001e97  bmi160_get_mag_output_data_rate                       
000003e1  bmi160_get_mag_power_mode_stat                        
00002d91  bmi160_get_mag_read_addr                              
00002e17  bmi160_get_mag_write_addr                             
00002e9d  bmi160_get_mag_write_data                             
000085e3  bmi160_get_nvm_counter                                
00007935  bmi160_get_nvm_prog_enable                            
00000d33  bmi160_get_nvm_rdy                                    
00003f8b  bmi160_get_output_enable                              
00009701  bmi160_get_paging_enable                              
0000d6ab  bmi160_get_ptr                                        
000097db  bmi160_get_pullup_configuration                       
00000bed  bmi160_get_sensor_time                                
00008517  bmi160_get_spare0_trim                                
00007a0f  bmi160_get_spi3                                       
00008451  bmi160_get_spi_enable                                 
00000f09  bmi160_get_stat0_any_motion_intr                      
00000fa5  bmi160_get_stat0_double_tap_intr                      
00001095  bmi160_get_stat0_flat_intr                            
00001041  bmi160_get_stat0_orient_intr                          
00000f57  bmi160_get_stat0_pmu_trigger_intr                     
00000ebb  bmi160_get_stat0_significant_intr                     
00000ff3  bmi160_get_stat0_single_tap_intr                      
00000e6f  bmi160_get_stat0_step_intr                            
0000117f  bmi160_get_stat1_data_rdy_intr                        
000011cd  bmi160_get_stat1_fifo_full_intr                       
0000121b  bmi160_get_stat1_fifo_wm_intr                         
000010e3  bmi160_get_stat1_high_g_intr                          
00001131  bmi160_get_stat1_low_g_intr                           
00001269  bmi160_get_stat1_nomotion_intr                        
000012b7  bmi160_get_stat2_any_motion_first_x                   
00001303  bmi160_get_stat2_any_motion_first_y                   
00001351  bmi160_get_stat2_any_motion_first_z                   
000013a5  bmi160_get_stat2_any_motion_sign                      
000013f3  bmi160_get_stat2_tap_first_x                          
00001441  bmi160_get_stat2_tap_first_y                          
0000148f  bmi160_get_stat2_tap_first_z                          
000014dd  bmi160_get_stat2_tap_sign                             
00001703  bmi160_get_stat3_flat                                 
0000152b  bmi160_get_stat3_high_g_first_x                       
00001577  bmi160_get_stat3_high_g_first_y                       
000015c5  bmi160_get_stat3_high_g_first_z                       
00001613  bmi160_get_stat3_high_g_sign                          
00001661  bmi160_get_stat3_orient_xy                            
000016b5  bmi160_get_stat3_orient_z                             
000090c7  bmi160_get_step_config                                
00009299  bmi160_get_step_counter_enable                        
00003a15  bmi160_get_step_detector_enable                       
00009627  bmi160_get_target_page                                
00001751  bmi160_get_temp                                       
000138cf  bmi160_i2c_burst_read                                 
000138a3  bmi160_i2c_bus_read                                   
00013901  bmi160_i2c_bus_write                                  
000000e5  bmi160_init                                           
00012d7d  bmi160_initialize_sensor                              
000137f1  bmi160_interrupt_configuration                        
000093f1  bmi160_map_significant_motion_intr                    
000094d9  bmi160_map_step_detector_intr                         
00000a7d  bmi160_read_accel_x                                   
00000b79  bmi160_read_accel_xyz                                 
00000ad1  bmi160_read_accel_y                                   
00000b25  bmi160_read_accel_z                                   
[...]
0001a401  spi_Write                                             
0001a45b  spi_Read                                              
0001a6e5  __aeabi_dsub                                          
0001a6ef  __aeabi_dadd                                          
0001aa3d  __localtime64                                         
0001abf1  Joystick_Init_Without_Interrupt                       
0001ac4f  Joystick_Push_Button_Init_With_Interrupt              
0001aca5  Disable_Joystick_Interrupt                            
0001acbb  GetJoystickCoordinates                                
0001ae79  __aeabi_ddiv                                          
0001afb1  _SlNonOsSemSet                                        
0001afc9  _SlNonOsSemGet                                        
0001b025  _SlNonOsSpawn                                         
0001b075  _SlNonOsMainLoopTask                                  
0001b0e1  initButtonGpio                                        
0001b329  sl_NetCfgSet                                          
0001b38f  sl_NetCfgGet                                          
0001b439  ldexp                                                 
0001b439  ldexpl                                                
0001b439  scalbn                                                
0001b439  scalbnl                                               
0001b549  strtoul                                               
0001b659  CS_getDCOFrequency                                    
0001b75d  sensorOpt3001Init                                     
0001b769  sensorOpt3001Enable                                   
0001b795  sensorOpt3001Read                                     
0001b7f9  sensorOpt3001Test                                     
0001b85b  __aeabi_dmul                                          
0001b959  aligned_alloc                                         
0001b959  memalign                                              
0001ba4d  free                                                  
0001bb35  CS_initClockSignal                                    
0001bcf1  ldexpf                                                
0001bcf1  scalbnf                                               
0001bf25  PutChar                                               
0001bfc9  CS_startHFXTWithTimeout                               
0001c101  __aeabi_memcpy                                        
0001c101  __aeabi_memcpy4                                       
0001c101  __aeabi_memcpy8                                       
0001c101  memcpy                                                
0001c19d  __aeabi_uldivmod                                      
0001c235  UART_initModule                                       
0001c2c9  __aeabi_cdcmpeq                                       
0001c2c9  __aeabi_cdcmple                                       
0001c34f  __aeabi_cdrcmple                                      
0001c3d5  ClockSys_SetMaxFreq                                   
0001c443  ClockSys_GetSysFreq                                   
0001c459  _SlDrvFlowContInit                                    
0001c497  _SlDrvFlowContDeinit                                  
0001c4d9  PCM_gotoLPM3                                          
0001c5d1  __aeabi_memclr                                        
0001c5d1  __aeabi_memclr4                                       
0001c5d1  __aeabi_memclr8                                       
0001c5d3  __aeabi_memset                                        
0001c5d3  __aeabi_memset4                                       
0001c5d3  __aeabi_memset8                                       
0001c5d9  memset                                                
0001c72b  __aeabi_ldivmod                                       
0001c799  LCD_ReadData                                          
0001c805  __TI_decompress_lzss                                  
0001c86d  Interrupt_disableInterrupt                            
0001c8d1  Interrupt_enableInterrupt                             
0001c935  frexp                                                 
0001c935  frexpl                                                
0001c9ef  ltoa                                                  
0001ca95  PCM_shutdownDevice                                    
0001cae5  SysCtl_getTLVInfo                                     
0001cb39  G8RTOS_Start                                          
0001cb53  PendSV_Handler                                        
0001cb53  PendSV_Handler                                        
0001cb81  GPIO_setAsPeripheralModuleFunctionOutputPin           
0001cc19  atoi                                                  
0001cc65  uartTransmitString                                    
0001cc83  uartInit                                              
0001ccb1  snprintf                                              
0001ccfd  BSP_InitBoard                                         
0001cd45  GPIO_setAsPeripheralModuleFunctionInputPin            
0001cdd5  __aeabi_d2iz                                          
0001ce1d  __TI_auto_init_nobinit_nopinit                        
0001ce61  GetASCIICode                                          
0001cea1  LCD_WriteData                                         
0001cee1  vsnprintf                                             
0001cf21  I2C_initMaster                                        
0001cf9d  SPISendRecvByte                                       
0001cfd9  I2C_masterSendMultiByteStart                          
0001d011  strncpy                                               
0001d049  LCD_WriteIndex                                        
0001d07d  _c_int00_noargs                                       
0001d0b1  strstr                                                
0001d0e5  I2C_masterSendMultiByteStop                           
0001d175  __aeabi_i2d                                           
0001d1a3  PCM_getCoreVoltageLevel                               
0001d1cf  strncmp                                               
0001d1fb  PCM_getPowerMode                                      
0001d225  FlashCtl_setWaitState                                 
0001d24d  PCM_gotoLPM0                                          
0001d29d  LCD_ReadReg                                           
0001d2c3  DelayMs                                               
0001d2e9  CS_clearInterruptFlag                                 
0001d30d  CS_setDCOCenteredFrequency                            
0001d331  I2C_masterSendMultiByteNext                           
0001d355  Interrupt_setPriority                                 
0001d379  RTC_C_holdClock                                       
0001d39d  UART_transmitData                                     
0001d3c1  LCD_SetCursor                                         
0001d3e1  LCD_Write_Data_Only                                   
0001d401  LCD_WriteReg                                          
0001d439  memccpy                                               
0001d455  copysign                                              
0001d455  copysignl                                             
0001d471  CS_getMCLK                                            
0001d489  CS_getSMCLK                                           
0001d4a1  WDT_A_clearTimer                                      
0001d4b9  WDT_A_holdTimer                                       
0001d501  copysignf                                             
0001d519  __aeabi_lmul                                          
0001d531  strcmp                                                
0001d549  strchr                                                
0001d561  CS_setExternalClockSourceFrequency                    
0001d575  I2C_isBusBusy                                         
0001d589  SysTick_enableInterrupt                               
0001d59d  strcpy                                                
0001d5b1  strlen                                                
0001d5c5  wcslen                                                
0001d5d7  I2C_masterReceiveStart                                
0001d5e7  Interrupt_enableMaster                                
0001d5f7  PCM_gotoLPM4                                          
0001d609  SysCtl_disableNMISource                               
0001d619  SysCtl_enableNMISource                                
0001d629  main                                                  
0001d639  StartCriticalSection                                  
0001d641  EndCriticalSection                                    
0001d647  I2C_clearInterruptFlag                                
0001d655  I2C_disableInterrupt                                  
0001d663  __TI_decompress_none                                  
0001d671  Reset_Handler                                         
0001d67d  ADC14_IRQHandler                                      
0001d67d  AES256_IRQHandler                                     
0001d67d  BusFault_Handler                                      
0001d67d  COMP_E0_IRQHandler                                    
0001d67d  COMP_E1_IRQHandler                                    
0001d67d  CS_IRQHandler                                         
0001d67d  DMA_ERR_IRQHandler                                    
0001d67d  DMA_INT0_IRQHandler                                   
0001d67d  DMA_INT1_IRQHandler                                   
0001d67d  DMA_INT2_IRQHandler                                   
0001d67d  DMA_INT3_IRQHandler                                   
0001d67d  DebugMon_Handler                                      
0001d67d  Default_Handler                                       
0001d67d  EUSCIA1_IRQHandler                                    
0001d67d  EUSCIA2_IRQHandler                                    
0001d67d  EUSCIA3_IRQHandler                                    
0001d67d  EUSCIB0_IRQHandler                                    
0001d67d  EUSCIB2_IRQHandler                                    
0001d67d  EUSCIB3_IRQHandler                                    
0001d67d  FLCTL_IRQHandler                                      
0001d67d  FPU_IRQHandler                                        
0001d67d  HardFault_Handler                                     
0001d67d  MemManage_Handler                                     
0001d67d  NMI_Handler                                           
0001d67d  PCM_IRQHandler                                        
0001d67d  PORT3_IRQHandler                                      
0001d67d  PORT4_IRQHandler                                      
0001d67d  PORT5_IRQHandler                                      
0001d67d  PORT6_IRQHandler                                      
0001d67d  PSS_IRQHandler                                        
0001d67d  RTC_C_IRQHandler                                      
0001d67d  SVC_Handler                                           
0001d67d  T32_INT1_IRQHandler                                   
0001d67d  T32_INT2_IRQHandler                                   
0001d67d  T32_INTC_IRQHandler                                   
0001d67d  TA0_0_IRQHandler                                      
0001d67d  TA0_N_IRQHandler                                      
0001d67d  TA1_0_IRQHandler                                      
0001d67d  TA1_N_IRQHandler                                      
0001d67d  TA2_0_IRQHandler                                      
0001d67d  TA2_N_IRQHandler                                      
0001d67d  TA3_0_IRQHandler                                      
0001d67d  TA3_N_IRQHandler                                      
0001d67d  UsageFault_Handler                                    
0001d67d  WDT_A_IRQHandler                                      
0001d67f  CPU_cpsie                                             
0001d68b  I2C_disableModule                                     
0001d697  I2C_enableModule                                      
0001d6a5  PCM_getPowerState                                     
0001d6b1  SysCtl_getNMISourceStatus                             
0001d6bd  UART_enableModule                                     
0001d6c9  __TI_zero_init                                        
0001d6d5  LCD_Write_Data_Start                                  
0001d6df  I2C_enableInterrupt                                   
0001d6e7  PCM_setCoreVoltageLevel                               
0001d6ef  PCM_setPowerMode                                      
0001d6f7  PCM_setPowerState                                     
0001d701  __aeabi_errno_addr                                    
0001d709  malloc                                                
0001d711  CS_startHFXT                                          
0001d717  I2C_getEnabledInterruptStatus                         
0001d71d  I2C_getInterruptStatus                                
0001d723  I2C_masterReceiveMultiByteNext                        
0001d729  SysCtlDelay                                           
0001d72f  CPU_wfi                                               
0001d733  I2C_setSlaveAddress                                   
0001d737  _system_pre_init                                      
0001d73b  C$$EXIT                                               
0001d73b  abort                                                 
0001dd30  _ctypes_                                              
0001e02c  _SlActionLookupTable                                  
0001e184  g_H2NCnysPattern                                      
0001e18c  g_H2NSyncPattern                                      
0001e1c6  _SlAcceptCmdCtrl                                      
0001e1ca  _SlDeviceGetCmdCtrl                                   
0001e1ce  _SlDeviceSetCmdCtrl                                   
0001e1d2  _SlEventMaskGetCmdCtrl                                
0001e1d6  _SlEventMaskSetCmdCtrl                                
0001e1da  _SlGetHostByNameCtrl                                  
0001e1de  _SlGetHostByServiceCtrl                               
0001e1e2  _SlGetServiceListeCtrl                                
0001e1e6  _SlGetSockOptCmdCtrl                                  
0001e1ea  _SlListenCmdCtrl                                      
0001e1ee  _SlNetAppGetCmdCtrl                                   
0001e1f2  _SlNetAppSendTokenValueCmdCtrl                        
0001e1f6  _SlNetAppSetCmdCtrl                                   
0001e1fa  _SlNetAppStartCtrl                                    
0001e1fe  _SlNetAppStopCtrl                                     
0001e202  _SlNetCfgGetCmdCtrl                                   
0001e206  _SlNetCfgSetCmdCtrl                                   
0001e20a  _SlPolicyGetCmdCtrl                                   
0001e20e  _SlPolicySetCmdCtrl                                   
0001e212  _SlProfileDelCmdCtrl                                  
0001e216  _SlProfileGetCmdCtrl                                  
0001e21a  _SlRecvCmdCtrl                                        
0001e21e  _SlRecvfomCmdCtrl                                     
0001e222  _SlRegisterServiceCtrl                                
0001e226  _SlRxFilterAddtCmdCtrl                                
0001e22a  _SlRxFilterGetCmdCtrl                                 
0001e22e  _SlRxFilterSetCmdCtrl                                 
0001e232  _SlSelectCmdCtrl                                      
0001e236  _SlSendCmdCtrl                                        
0001e23a  _SlSetSockOptCmdCtrl                                  
0001e23e  _SlSmartConfigStartCmdCtrl                            
0001e242  _SlSockCloseCmdCtrl                                   
0001e246  _SlSockSocketCmdCtrl                                  
0001e24a  _SlStopCmdCtrl                                        
0001e24e  _SlWlanCfgGetCmdCtrl                                  
0001e252  _SlWlanCfgSetCmdCtrl                                  
0001e256  _SlWlanGetNetworkListCtrl                             
0001e25a  _SlWlanSetModeCmdCtrl                                 
0001e2d0  __TI_Handler_Table_Base                               
0001e2dc  __TI_Handler_Table_Limit                              
0001e2e8  __TI_CINIT_Base                                       
0001e2f8  __TI_CINIT_Limit                                      
20005000  g_buff                                                
20006004  accel_fifo                                            
20006370  gyro_fifo                                             
200066dc  mag_fifo                                              
20006bb0  g_StatMem                                             
20006e14  weekWeatherData                                       
20006ef4  httpClient                                            
200070ac  bme280                                                
200070e8  g__SlNonOsCB                                          
20007110  s_bmi160                                              
20007140  accelxyz                                              
20007146  gyroxyz                                               
2000715c  ButtonFunction                                        
20007160  CurrentlyRunningThread                                
20007164  SystemTime                                            
20007168  g_BytesReceived                                       
2000716c  g_DestinationIP                                       
20007170  g_ui32ByteCount                                       
2000717c  pData                                                 
20007183  IntIsMasked                                           
20007186  ui8DummyRead                                          
20007187  ui8Status                                             
20007188  _sys_memory                                           
20009188  v_fifo_data_u8                                        
20009624  g_Status                                              
20009628  g_SockID                                              
2000962c  retVal                                                
20009630  receivedAlready                                       
20009634  transmitedAlready                                     
20009638  SockIDRx                                              
2000963a  SockIDTx                                              
2000963c  i2cConfig                                             
20009650  _tz                                                   
20009670  g_pCB                                                 
20009674  pPingCallBackFunc                                     
20009678  gFirstCmdMode                                         
20009679  burstMode                                             
2000967c  _lock                                                 
20009680  _unlock                                               
20009694  V_bmm150_maual_auto_condition_u8                      
20009698  V_fifo_time_U32                                       
2000969c  pIraEventHandler                                      
200096a0  errno                                                 
200096a4  SystemCoreClock                                       
200096a8  httpClient_h                                          
2000fe00  __stack                                               
20010000  __STACK_END                                           
4000480c  WDTCTL_SYM                                            
ffffffff  __TI_pprof_out_hndl                                   
ffffffff  __TI_prof_data_size                                   
ffffffff  __TI_prof_data_start                                  
ffffffff  __binit__                                             
ffffffff  __c_args__                                            
ffffffff  binit                                                 
UNDEFED   __mpu_init                                            
UNDEFED   _system_post_cinit                                    

[918 symbols]
