<?xml version="1.0" encoding="ISO-8859-1" ?>
<link_info>
   <banner>TI ARM Linker PC v20.2.0.LTS</banner>
   <copyright>Copyright (c) 1996-2018 Texas Instruments Incorporated</copyright>
   <link_time>0x5eba18f6</link_time>
   <link_errors>0x0</link_errors>
   <output_file>Smart_Irrigation_Controller.out</output_file>
   <entry_point>
      <name>_c_int00_noargs</name>
      <address>0x1d42d</address>
   </entry_point>
   <input_file_list>
      <input_file id="fl-2">
         <path>.\</path>
         <kind>object</kind>
         <file>main.obj</file>
         <name>main.obj</name>
      </input_file>
      <input_file id="fl-3">
         <path>.\</path>
         <kind>object</kind>
         <file>startup_msp432p401r_ccs.obj</file>
         <name>startup_msp432p401r_ccs.obj</name>
      </input_file>
      <input_file id="fl-4">
         <path>.\</path>
         <kind>object</kind>
         <file>system_msp432p401r.obj</file>
         <name>system_msp432p401r.obj</name>
      </input_file>
      <input_file id="fl-5">
         <path>.\</path>
         <kind>object</kind>
         <file>weatherServer.obj</file>
         <name>weatherServer.obj</name>
      </input_file>
      <input_file id="fl-6">
         <path>.\BoardSupportPackage\src\</path>
         <kind>object</kind>
         <file>AsciiLib.obj</file>
         <name>AsciiLib.obj</name>
      </input_file>
      <input_file id="fl-7">
         <path>.\BoardSupportPackage\src\</path>
         <kind>object</kind>
         <file>BSP.obj</file>
         <name>BSP.obj</name>
      </input_file>
      <input_file id="fl-8">
         <path>.\BoardSupportPackage\src\</path>
         <kind>object</kind>
         <file>BackChannelUart.obj</file>
         <name>BackChannelUart.obj</name>
      </input_file>
      <input_file id="fl-9">
         <path>.\BoardSupportPackage\src\</path>
         <kind>object</kind>
         <file>ClockSys.obj</file>
         <name>ClockSys.obj</name>
      </input_file>
      <input_file id="fl-a">
         <path>.\BoardSupportPackage\src\</path>
         <kind>object</kind>
         <file>Joystick.obj</file>
         <name>Joystick.obj</name>
      </input_file>
      <input_file id="fl-b">
         <path>.\BoardSupportPackage\src\</path>
         <kind>object</kind>
         <file>LCD.obj</file>
         <name>LCD.obj</name>
      </input_file>
      <input_file id="fl-c">
         <path>.\BoardSupportPackage\src\</path>
         <kind>object</kind>
         <file>RGBLeds.obj</file>
         <name>RGBLeds.obj</name>
      </input_file>
      <input_file id="fl-d">
         <path>.\BoardSupportPackage\src\</path>
         <kind>object</kind>
         <file>bme280.obj</file>
         <name>bme280.obj</name>
      </input_file>
      <input_file id="fl-e">
         <path>.\BoardSupportPackage\src\</path>
         <kind>object</kind>
         <file>bme280_support.obj</file>
         <name>bme280_support.obj</name>
      </input_file>
      <input_file id="fl-f">
         <path>.\BoardSupportPackage\src\</path>
         <kind>object</kind>
         <file>bmi160.obj</file>
         <name>bmi160.obj</name>
      </input_file>
      <input_file id="fl-10">
         <path>.\BoardSupportPackage\src\</path>
         <kind>object</kind>
         <file>bmi160_support.obj</file>
         <name>bmi160_support.obj</name>
      </input_file>
      <input_file id="fl-11">
         <path>.\BoardSupportPackage\src\</path>
         <kind>object</kind>
         <file>buttons.obj</file>
         <name>buttons.obj</name>
      </input_file>
      <input_file id="fl-12">
         <path>.\BoardSupportPackage\src\</path>
         <kind>object</kind>
         <file>demo_sysctl.obj</file>
         <name>demo_sysctl.obj</name>
      </input_file>
      <input_file id="fl-13">
         <path>.\BoardSupportPackage\src\</path>
         <kind>object</kind>
         <file>i2c_driver.obj</file>
         <name>i2c_driver.obj</name>
      </input_file>
      <input_file id="fl-14">
         <path>.\BoardSupportPackage\src\</path>
         <kind>object</kind>
         <file>my_uart.obj</file>
         <name>my_uart.obj</name>
      </input_file>
      <input_file id="fl-15">
         <path>.\BoardSupportPackage\src\</path>
         <kind>object</kind>
         <file>opt3001.obj</file>
         <name>opt3001.obj</name>
      </input_file>
      <input_file id="fl-16">
         <path>.\BoardSupportPackage\src\</path>
         <kind>object</kind>
         <file>tmp007.obj</file>
         <name>tmp007.obj</name>
      </input_file>
      <input_file id="fl-17">
         <path>.\CC3100SupportPackage\board\</path>
         <kind>object</kind>
         <file>board.obj</file>
         <name>board.obj</name>
      </input_file>
      <input_file id="fl-18">
         <path>.\CC3100SupportPackage\cc3100_usage\</path>
         <kind>object</kind>
         <file>cc3100_usage.obj</file>
         <name>cc3100_usage.obj</name>
      </input_file>
      <input_file id="fl-19">
         <path>.\CC3100SupportPackage\http_client\</path>
         <kind>object</kind>
         <file>httpcli.obj</file>
         <name>httpcli.obj</name>
      </input_file>
      <input_file id="fl-1a">
         <path>.\CC3100SupportPackage\http_client\</path>
         <kind>object</kind>
         <file>httpstr.obj</file>
         <name>httpstr.obj</name>
      </input_file>
      <input_file id="fl-1b">
         <path>.\CC3100SupportPackage\http_client\</path>
         <kind>object</kind>
         <file>ssock.obj</file>
         <name>ssock.obj</name>
      </input_file>
      <input_file id="fl-1c">
         <path>.\CC3100SupportPackage\json\</path>
         <kind>object</kind>
         <file>jsmn.obj</file>
         <name>jsmn.obj</name>
      </input_file>
      <input_file id="fl-1d">
         <path>.\CC3100SupportPackage\simplelink\source\</path>
         <kind>object</kind>
         <file>device.obj</file>
         <name>device.obj</name>
      </input_file>
      <input_file id="fl-1e">
         <path>.\CC3100SupportPackage\simplelink\source\</path>
         <kind>object</kind>
         <file>driver.obj</file>
         <name>driver.obj</name>
      </input_file>
      <input_file id="fl-1f">
         <path>.\CC3100SupportPackage\simplelink\source\</path>
         <kind>object</kind>
         <file>flowcont.obj</file>
         <name>flowcont.obj</name>
      </input_file>
      <input_file id="fl-20">
         <path>.\CC3100SupportPackage\simplelink\source\</path>
         <kind>object</kind>
         <file>fs.obj</file>
         <name>fs.obj</name>
      </input_file>
      <input_file id="fl-21">
         <path>.\CC3100SupportPackage\simplelink\source\</path>
         <kind>object</kind>
         <file>netapp.obj</file>
         <name>netapp.obj</name>
      </input_file>
      <input_file id="fl-22">
         <path>.\CC3100SupportPackage\simplelink\source\</path>
         <kind>object</kind>
         <file>netcfg.obj</file>
         <name>netcfg.obj</name>
      </input_file>
      <input_file id="fl-23">
         <path>.\CC3100SupportPackage\simplelink\source\</path>
         <kind>object</kind>
         <file>nonos.obj</file>
         <name>nonos.obj</name>
      </input_file>
      <input_file id="fl-24">
         <path>.\CC3100SupportPackage\simplelink\source\</path>
         <kind>object</kind>
         <file>socket.obj</file>
         <name>socket.obj</name>
      </input_file>
      <input_file id="fl-25">
         <path>.\CC3100SupportPackage\simplelink\source\</path>
         <kind>object</kind>
         <file>spawn.obj</file>
         <name>spawn.obj</name>
      </input_file>
      <input_file id="fl-26">
         <path>.\CC3100SupportPackage\simplelink\source\</path>
         <kind>object</kind>
         <file>wlan.obj</file>
         <name>wlan.obj</name>
      </input_file>
      <input_file id="fl-27">
         <path>.\CC3100SupportPackage\spi_cc3100\</path>
         <kind>object</kind>
         <file>spi_cc3100.obj</file>
         <name>spi_cc3100.obj</name>
      </input_file>
      <input_file id="fl-28">
         <path>.\G8RTOS\</path>
         <kind>object</kind>
         <file>G8RTOS_CriticalSection.obj</file>
         <name>G8RTOS_CriticalSection.obj</name>
      </input_file>
      <input_file id="fl-29">
         <path>.\G8RTOS\</path>
         <kind>object</kind>
         <file>G8RTOS_IPC.obj</file>
         <name>G8RTOS_IPC.obj</name>
      </input_file>
      <input_file id="fl-2a">
         <path>.\G8RTOS\</path>
         <kind>object</kind>
         <file>G8RTOS_Scheduler.obj</file>
         <name>G8RTOS_Scheduler.obj</name>
      </input_file>
      <input_file id="fl-2b">
         <path>.\G8RTOS\</path>
         <kind>object</kind>
         <file>G8RTOS_SchedulerASM.obj</file>
         <name>G8RTOS_SchedulerASM.obj</name>
      </input_file>
      <input_file id="fl-2c">
         <path>.\G8RTOS\</path>
         <kind>object</kind>
         <file>G8RTOS_Semaphores.obj</file>
         <name>G8RTOS_Semaphores.obj</name>
      </input_file>
      <input_file id="fl-2d">
         <path>.\GUI\src\</path>
         <kind>object</kind>
         <file>LCD_Button.obj</file>
         <name>LCD_Button.obj</name>
      </input_file>
      <input_file id="fl-32">
         <kind>object</kind>
         <file>&lt;internal&gt;</file>
         <name>&lt;internal&gt;</name>
      </input_file>
      <input_file id="fl-33">
         <path>..\BoardSupportPackage\DriverLib\</path>
         <kind>archive</kind>
         <file>msp432p4xx_driverlib.lib</file>
         <name>cs.o</name>
      </input_file>
      <input_file id="fl-34">
         <path>..\BoardSupportPackage\DriverLib\</path>
         <kind>archive</kind>
         <file>msp432p4xx_driverlib.lib</file>
         <name>flash.o</name>
      </input_file>
      <input_file id="fl-35">
         <path>..\BoardSupportPackage\DriverLib\</path>
         <kind>archive</kind>
         <file>msp432p4xx_driverlib.lib</file>
         <name>gpio.o</name>
      </input_file>
      <input_file id="fl-36">
         <path>..\BoardSupportPackage\DriverLib\</path>
         <kind>archive</kind>
         <file>msp432p4xx_driverlib.lib</file>
         <name>i2c.o</name>
      </input_file>
      <input_file id="fl-37">
         <path>..\BoardSupportPackage\DriverLib\</path>
         <kind>archive</kind>
         <file>msp432p4xx_driverlib.lib</file>
         <name>interrupt.o</name>
      </input_file>
      <input_file id="fl-38">
         <path>..\BoardSupportPackage\DriverLib\</path>
         <kind>archive</kind>
         <file>msp432p4xx_driverlib.lib</file>
         <name>pcm.o</name>
      </input_file>
      <input_file id="fl-39">
         <path>..\BoardSupportPackage\DriverLib\</path>
         <kind>archive</kind>
         <file>msp432p4xx_driverlib.lib</file>
         <name>rtc_c.o</name>
      </input_file>
      <input_file id="fl-3a">
         <path>..\BoardSupportPackage\DriverLib\</path>
         <kind>archive</kind>
         <file>msp432p4xx_driverlib.lib</file>
         <name>sysctl.o</name>
      </input_file>
      <input_file id="fl-3b">
         <path>..\BoardSupportPackage\DriverLib\</path>
         <kind>archive</kind>
         <file>msp432p4xx_driverlib.lib</file>
         <name>systick.o</name>
      </input_file>
      <input_file id="fl-3c">
         <path>..\BoardSupportPackage\DriverLib\</path>
         <kind>archive</kind>
         <file>msp432p4xx_driverlib.lib</file>
         <name>uart.o</name>
      </input_file>
      <input_file id="fl-3d">
         <path>..\BoardSupportPackage\DriverLib\</path>
         <kind>archive</kind>
         <file>msp432p4xx_driverlib.lib</file>
         <name>wdt_a.o</name>
      </input_file>
      <input_file id="fl-3e">
         <path>..\BoardSupportPackage\DriverLib\</path>
         <kind>archive</kind>
         <file>msp432p4xx_driverlib.lib</file>
         <name>cpu.o</name>
      </input_file>
      <input_file id="fl-f4">
         <path>E:\ti\ccs1000\ccs\tools\compiler\ti-cgt-arm_20.2.0.LTS\lib\</path>
         <kind>archive</kind>
         <file>rtsv7M4_T_le_v4SPD16_eabi.lib</file>
         <name>snprintf.c.obj</name>
      </input_file>
      <input_file id="fl-f5">
         <path>E:\ti\ccs1000\ccs\tools\compiler\ti-cgt-arm_20.2.0.LTS\lib\</path>
         <kind>archive</kind>
         <file>rtsv7M4_T_le_v4SPD16_eabi.lib</file>
         <name>vsnprintf.c.obj</name>
      </input_file>
      <input_file id="fl-f6">
         <path>E:\ti\ccs1000\ccs\tools\compiler\ti-cgt-arm_20.2.0.LTS\lib\</path>
         <kind>archive</kind>
         <file>rtsv7M4_T_le_v4SPD16_eabi.lib</file>
         <name>ll_mul_t2.asm.obj</name>
      </input_file>
      <input_file id="fl-f7">
         <path>E:\ti\ccs1000\ccs\tools\compiler\ti-cgt-arm_20.2.0.LTS\lib\</path>
         <kind>archive</kind>
         <file>rtsv7M4_T_le_v4SPD16_eabi.lib</file>
         <name>memcpy_t2.asm.obj</name>
      </input_file>
      <input_file id="fl-f8">
         <path>E:\ti\ccs1000\ccs\tools\compiler\ti-cgt-arm_20.2.0.LTS\lib\</path>
         <kind>archive</kind>
         <file>rtsv7M4_T_le_v4SPD16_eabi.lib</file>
         <name>memset_t2.asm.obj</name>
      </input_file>
      <input_file id="fl-f9">
         <path>E:\ti\ccs1000\ccs\tools\compiler\ti-cgt-arm_20.2.0.LTS\lib\</path>
         <kind>archive</kind>
         <file>rtsv7M4_T_le_v4SPD16_eabi.lib</file>
         <name>ll_div_t2.asm.obj</name>
      </input_file>
      <input_file id="fl-fa">
         <path>E:\ti\ccs1000\ccs\tools\compiler\ti-cgt-arm_20.2.0.LTS\lib\</path>
         <kind>archive</kind>
         <file>rtsv7M4_T_le_v4SPD16_eabi.lib</file>
         <name>ull_div_t2.asm.obj</name>
      </input_file>
      <input_file id="fl-fb">
         <path>E:\ti\ccs1000\ccs\tools\compiler\ti-cgt-arm_20.2.0.LTS\lib\</path>
         <kind>archive</kind>
         <file>rtsv7M4_T_le_v4SPD16_eabi.lib</file>
         <name>copy_zero_init.c.obj</name>
      </input_file>
      <input_file id="fl-fc">
         <path>E:\ti\ccs1000\ccs\tools\compiler\ti-cgt-arm_20.2.0.LTS\lib\</path>
         <kind>archive</kind>
         <file>rtsv7M4_T_le_v4SPD16_eabi.lib</file>
         <name>copy_decompress_none.c.obj</name>
      </input_file>
      <input_file id="fl-fd">
         <path>E:\ti\ccs1000\ccs\tools\compiler\ti-cgt-arm_20.2.0.LTS\lib\</path>
         <kind>archive</kind>
         <file>rtsv7M4_T_le_v4SPD16_eabi.lib</file>
         <name>copy_decompress_lzss.c.obj</name>
      </input_file>
      <input_file id="fl-fe">
         <path>E:\ti\ccs1000\ccs\tools\compiler\ti-cgt-arm_20.2.0.LTS\lib\</path>
         <kind>archive</kind>
         <file>rtsv7M4_T_le_v4SPD16_eabi.lib</file>
         <name>atoi.c.obj</name>
      </input_file>
      <input_file id="fl-ff">
         <path>E:\ti\ccs1000\ccs\tools\compiler\ti-cgt-arm_20.2.0.LTS\lib\</path>
         <kind>archive</kind>
         <file>rtsv7M4_T_le_v4SPD16_eabi.lib</file>
         <name>ctype.c.obj</name>
      </input_file>
      <input_file id="fl-100">
         <path>E:\ti\ccs1000\ccs\tools\compiler\ti-cgt-arm_20.2.0.LTS\lib\</path>
         <kind>archive</kind>
         <file>rtsv7M4_T_le_v4SPD16_eabi.lib</file>
         <name>localtim64.c.obj</name>
      </input_file>
      <input_file id="fl-101">
         <path>E:\ti\ccs1000\ccs\tools\compiler\ti-cgt-arm_20.2.0.LTS\lib\</path>
         <kind>archive</kind>
         <file>rtsv7M4_T_le_v4SPD16_eabi.lib</file>
         <name>memory.c.obj</name>
      </input_file>
      <input_file id="fl-102">
         <path>E:\ti\ccs1000\ccs\tools\compiler\ti-cgt-arm_20.2.0.LTS\lib\</path>
         <kind>archive</kind>
         <file>rtsv7M4_T_le_v4SPD16_eabi.lib</file>
         <name>mktime64.c.obj</name>
      </input_file>
      <input_file id="fl-103">
         <path>E:\ti\ccs1000\ccs\tools\compiler\ti-cgt-arm_20.2.0.LTS\lib\</path>
         <kind>archive</kind>
         <file>rtsv7M4_T_le_v4SPD16_eabi.lib</file>
         <name>strchr.c.obj</name>
      </input_file>
      <input_file id="fl-104">
         <path>E:\ti\ccs1000\ccs\tools\compiler\ti-cgt-arm_20.2.0.LTS\lib\</path>
         <kind>archive</kind>
         <file>rtsv7M4_T_le_v4SPD16_eabi.lib</file>
         <name>strcmp.c.obj</name>
      </input_file>
      <input_file id="fl-105">
         <path>E:\ti\ccs1000\ccs\tools\compiler\ti-cgt-arm_20.2.0.LTS\lib\</path>
         <kind>archive</kind>
         <file>rtsv7M4_T_le_v4SPD16_eabi.lib</file>
         <name>strcpy.c.obj</name>
      </input_file>
      <input_file id="fl-106">
         <path>E:\ti\ccs1000\ccs\tools\compiler\ti-cgt-arm_20.2.0.LTS\lib\</path>
         <kind>archive</kind>
         <file>rtsv7M4_T_le_v4SPD16_eabi.lib</file>
         <name>strlen.c.obj</name>
      </input_file>
      <input_file id="fl-107">
         <path>E:\ti\ccs1000\ccs\tools\compiler\ti-cgt-arm_20.2.0.LTS\lib\</path>
         <kind>archive</kind>
         <file>rtsv7M4_T_le_v4SPD16_eabi.lib</file>
         <name>strncmp.c.obj</name>
      </input_file>
      <input_file id="fl-108">
         <path>E:\ti\ccs1000\ccs\tools\compiler\ti-cgt-arm_20.2.0.LTS\lib\</path>
         <kind>archive</kind>
         <file>rtsv7M4_T_le_v4SPD16_eabi.lib</file>
         <name>strncpy.c.obj</name>
      </input_file>
      <input_file id="fl-109">
         <path>E:\ti\ccs1000\ccs\tools\compiler\ti-cgt-arm_20.2.0.LTS\lib\</path>
         <kind>archive</kind>
         <file>rtsv7M4_T_le_v4SPD16_eabi.lib</file>
         <name>strstr.c.obj</name>
      </input_file>
      <input_file id="fl-10a">
         <path>E:\ti\ccs1000\ccs\tools\compiler\ti-cgt-arm_20.2.0.LTS\lib\</path>
         <kind>archive</kind>
         <file>rtsv7M4_T_le_v4SPD16_eabi.lib</file>
         <name>strtof.c.obj</name>
      </input_file>
      <input_file id="fl-10b">
         <path>E:\ti\ccs1000\ccs\tools\compiler\ti-cgt-arm_20.2.0.LTS\lib\</path>
         <kind>archive</kind>
         <file>rtsv7M4_T_le_v4SPD16_eabi.lib</file>
         <name>strtoul.c.obj</name>
      </input_file>
      <input_file id="fl-10c">
         <path>E:\ti\ccs1000\ccs\tools\compiler\ti-cgt-arm_20.2.0.LTS\lib\</path>
         <kind>archive</kind>
         <file>rtsv7M4_T_le_v4SPD16_eabi.lib</file>
         <name>tmzone.c.obj</name>
      </input_file>
      <input_file id="fl-10d">
         <path>E:\ti\ccs1000\ccs\tools\compiler\ti-cgt-arm_20.2.0.LTS\lib\</path>
         <kind>archive</kind>
         <file>rtsv7M4_T_le_v4SPD16_eabi.lib</file>
         <name>errno.c.obj</name>
      </input_file>
      <input_file id="fl-10e">
         <path>E:\ti\ccs1000\ccs\tools\compiler\ti-cgt-arm_20.2.0.LTS\lib\</path>
         <kind>archive</kind>
         <file>rtsv7M4_T_le_v4SPD16_eabi.lib</file>
         <name>boot_cortex_m.c.obj</name>
      </input_file>
      <input_file id="fl-10f">
         <path>E:\ti\ccs1000\ccs\tools\compiler\ti-cgt-arm_20.2.0.LTS\lib\</path>
         <kind>archive</kind>
         <file>rtsv7M4_T_le_v4SPD16_eabi.lib</file>
         <name>_printfi.c.obj</name>
      </input_file>
      <input_file id="fl-110">
         <path>E:\ti\ccs1000\ccs\tools\compiler\ti-cgt-arm_20.2.0.LTS\lib\</path>
         <kind>archive</kind>
         <file>rtsv7M4_T_le_v4SPD16_eabi.lib</file>
         <name>s_scalbnf.c.obj</name>
      </input_file>
      <input_file id="fl-111">
         <path>E:\ti\ccs1000\ccs\tools\compiler\ti-cgt-arm_20.2.0.LTS\lib\</path>
         <kind>archive</kind>
         <file>rtsv7M4_T_le_v4SPD16_eabi.lib</file>
         <name>s_copysignf.c.obj</name>
      </input_file>
      <input_file id="fl-112">
         <path>E:\ti\ccs1000\ccs\tools\compiler\ti-cgt-arm_20.2.0.LTS\lib\</path>
         <kind>archive</kind>
         <file>rtsv7M4_T_le_v4SPD16_eabi.lib</file>
         <name>div0.asm.obj</name>
      </input_file>
      <input_file id="fl-113">
         <path>E:\ti\ccs1000\ccs\tools\compiler\ti-cgt-arm_20.2.0.LTS\lib\</path>
         <kind>archive</kind>
         <file>rtsv7M4_T_le_v4SPD16_eabi.lib</file>
         <name>fd_add_t2.asm.obj</name>
      </input_file>
      <input_file id="fl-114">
         <path>E:\ti\ccs1000\ccs\tools\compiler\ti-cgt-arm_20.2.0.LTS\lib\</path>
         <kind>archive</kind>
         <file>rtsv7M4_T_le_v4SPD16_eabi.lib</file>
         <name>fd_cmp_t2.asm.obj</name>
      </input_file>
      <input_file id="fl-115">
         <path>E:\ti\ccs1000\ccs\tools\compiler\ti-cgt-arm_20.2.0.LTS\lib\</path>
         <kind>archive</kind>
         <file>rtsv7M4_T_le_v4SPD16_eabi.lib</file>
         <name>fd_div_t2.asm.obj</name>
      </input_file>
      <input_file id="fl-116">
         <path>E:\ti\ccs1000\ccs\tools\compiler\ti-cgt-arm_20.2.0.LTS\lib\</path>
         <kind>archive</kind>
         <file>rtsv7M4_T_le_v4SPD16_eabi.lib</file>
         <name>fd_mul_t2.asm.obj</name>
      </input_file>
      <input_file id="fl-117">
         <path>E:\ti\ccs1000\ccs\tools\compiler\ti-cgt-arm_20.2.0.LTS\lib\</path>
         <kind>archive</kind>
         <file>rtsv7M4_T_le_v4SPD16_eabi.lib</file>
         <name>fd_toi_t2.asm.obj</name>
      </input_file>
      <input_file id="fl-118">
         <path>E:\ti\ccs1000\ccs\tools\compiler\ti-cgt-arm_20.2.0.LTS\lib\</path>
         <kind>archive</kind>
         <file>rtsv7M4_T_le_v4SPD16_eabi.lib</file>
         <name>i_tofd_t2.asm.obj</name>
      </input_file>
      <input_file id="fl-119">
         <path>E:\ti\ccs1000\ccs\tools\compiler\ti-cgt-arm_20.2.0.LTS\lib\</path>
         <kind>archive</kind>
         <file>rtsv7M4_T_le_v4SPD16_eabi.lib</file>
         <name>autoinit.c.obj</name>
      </input_file>
      <input_file id="fl-11a">
         <path>E:\ti\ccs1000\ccs\tools\compiler\ti-cgt-arm_20.2.0.LTS\lib\</path>
         <kind>archive</kind>
         <file>rtsv7M4_T_le_v4SPD16_eabi.lib</file>
         <name>pre_init.c.obj</name>
      </input_file>
      <input_file id="fl-11b">
         <path>E:\ti\ccs1000\ccs\tools\compiler\ti-cgt-arm_20.2.0.LTS\lib\</path>
         <kind>archive</kind>
         <file>rtsv7M4_T_le_v4SPD16_eabi.lib</file>
         <name>cpy_tbl.c.obj</name>
      </input_file>
      <input_file id="fl-11c">
         <path>E:\ti\ccs1000\ccs\tools\compiler\ti-cgt-arm_20.2.0.LTS\lib\</path>
         <kind>archive</kind>
         <file>rtsv7M4_T_le_v4SPD16_eabi.lib</file>
         <name>exit.c.obj</name>
      </input_file>
      <input_file id="fl-11d">
         <path>E:\ti\ccs1000\ccs\tools\compiler\ti-cgt-arm_20.2.0.LTS\lib\</path>
         <kind>archive</kind>
         <file>rtsv7M4_T_le_v4SPD16_eabi.lib</file>
         <name>_lock.c.obj</name>
      </input_file>
      <input_file id="fl-11e">
         <path>E:\ti\ccs1000\ccs\tools\compiler\ti-cgt-arm_20.2.0.LTS\lib\</path>
         <kind>archive</kind>
         <file>rtsv7M4_T_le_v4SPD16_eabi.lib</file>
         <name>_ltoa.c.obj</name>
      </input_file>
      <input_file id="fl-11f">
         <path>E:\ti\ccs1000\ccs\tools\compiler\ti-cgt-arm_20.2.0.LTS\lib\</path>
         <kind>archive</kind>
         <file>rtsv7M4_T_le_v4SPD16_eabi.lib</file>
         <name>args_main.c.obj</name>
      </input_file>
      <input_file id="fl-120">
         <path>E:\ti\ccs1000\ccs\tools\compiler\ti-cgt-arm_20.2.0.LTS\lib\</path>
         <kind>archive</kind>
         <file>rtsv7M4_T_le_v4SPD16_eabi.lib</file>
         <name>memccpy.c.obj</name>
      </input_file>
      <input_file id="fl-121">
         <path>E:\ti\ccs1000\ccs\tools\compiler\ti-cgt-arm_20.2.0.LTS\lib\</path>
         <kind>archive</kind>
         <file>rtsv7M4_T_le_v4SPD16_eabi.lib</file>
         <name>s_frexp.c.obj</name>
      </input_file>
      <input_file id="fl-122">
         <path>E:\ti\ccs1000\ccs\tools\compiler\ti-cgt-arm_20.2.0.LTS\lib\</path>
         <kind>archive</kind>
         <file>rtsv7M4_T_le_v4SPD16_eabi.lib</file>
         <name>s_scalbn.c.obj</name>
      </input_file>
      <input_file id="fl-123">
         <path>E:\ti\ccs1000\ccs\tools\compiler\ti-cgt-arm_20.2.0.LTS\lib\</path>
         <kind>archive</kind>
         <file>rtsv7M4_T_le_v4SPD16_eabi.lib</file>
         <name>s_copysign.c.obj</name>
      </input_file>
      <input_file id="fl-124">
         <path>E:\ti\ccs1000\ccs\tools\compiler\ti-cgt-arm_20.2.0.LTS\lib\</path>
         <kind>archive</kind>
         <file>rtsv7M4_T_le_v4SPD16_eabi.lib</file>
         <name>wcslen.c.obj</name>
      </input_file>
   </input_file_list>
   <object_component_list>
      <object_component id="oc-26">
         <name>.intvecs:retain</name>
         <load_address>0x0</load_address>
         <run_address>0x0</run_address>
         <size>0xe4</size>
         <input_file_ref idref="fl-3"/>
      </object_component>
      <object_component id="oc-3ed">
         <name>.text</name>
         <load_address>0xe4</load_address>
         <run_address>0xe4</run_address>
         <size>0xd5e0</size>
         <input_file_ref idref="fl-f"/>
      </object_component>
      <object_component id="oc-63e">
         <name>.text</name>
         <load_address>0xd6c4</load_address>
         <run_address>0xd6c4</run_address>
         <size>0x2034</size>
         <input_file_ref idref="fl-1e"/>
      </object_component>
      <object_component id="oc-40d">
         <name>.text</name>
         <load_address>0xf6f8</load_address>
         <run_address>0xf6f8</run_address>
         <size>0x1810</size>
         <input_file_ref idref="fl-d"/>
      </object_component>
      <object_component id="oc-473">
         <name>.text</name>
         <load_address>0x10f08</load_address>
         <run_address>0x10f08</run_address>
         <size>0xfb0</size>
         <input_file_ref idref="fl-19"/>
      </object_component>
      <object_component id="oc-479">
         <name>.text</name>
         <load_address>0x11eb8</load_address>
         <run_address>0x11eb8</run_address>
         <size>0xed4</size>
         <input_file_ref idref="fl-24"/>
      </object_component>
      <object_component id="oc-26c">
         <name>.text</name>
         <load_address>0x12d8c</load_address>
         <run_address>0x12d8c</run_address>
         <size>0xc28</size>
         <input_file_ref idref="fl-10"/>
      </object_component>
      <object_component id="oc-464">
         <name>.text</name>
         <load_address>0x139b4</load_address>
         <run_address>0x139b4</run_address>
         <size>0xb3c</size>
         <input_file_ref idref="fl-21"/>
      </object_component>
      <object_component id="oc-458">
         <name>.text</name>
         <load_address>0x144f0</load_address>
         <run_address>0x144f0</run_address>
         <size>0xac0</size>
         <input_file_ref idref="fl-26"/>
      </object_component>
      <object_component id="oc-550">
         <name>.text:__TI_printfi</name>
         <load_address>0x14fb0</load_address>
         <run_address>0x14fb0</run_address>
         <size>0xa4e</size>
         <input_file_ref idref="fl-10f"/>
      </object_component>
      <object_component id="oc-5ba">
         <name>.text:_nop</name>
         <load_address>0x159fe</load_address>
         <run_address>0x159fe</run_address>
         <size>0x2</size>
         <input_file_ref idref="fl-11d"/>
      </object_component>
      <object_component id="oc-1fc">
         <name>.text</name>
         <load_address>0x15a00</load_address>
         <run_address>0x15a00</run_address>
         <size>0x9fc</size>
         <input_file_ref idref="fl-b"/>
      </object_component>
      <object_component id="oc-75">
         <name>.text</name>
         <load_address>0x163fc</load_address>
         <run_address>0x163fc</run_address>
         <size>0x84c</size>
         <input_file_ref idref="fl-2a"/>
      </object_component>
      <object_component id="oc-296">
         <name>.text</name>
         <load_address>0x16c48</load_address>
         <run_address>0x16c48</run_address>
         <size>0x708</size>
         <input_file_ref idref="fl-18"/>
      </object_component>
      <object_component id="oc-1f6">
         <name>.text</name>
         <load_address>0x17350</load_address>
         <run_address>0x17350</run_address>
         <size>0x654</size>
         <input_file_ref idref="fl-5"/>
      </object_component>
      <object_component id="oc-336">
         <name>.text</name>
         <load_address>0x179a4</load_address>
         <run_address>0x179a4</run_address>
         <size>0x5f0</size>
         <input_file_ref idref="fl-1c"/>
      </object_component>
      <object_component id="oc-44c">
         <name>.text</name>
         <load_address>0x17f94</load_address>
         <run_address>0x17f94</run_address>
         <size>0x5b8</size>
         <input_file_ref idref="fl-1d"/>
      </object_component>
      <object_component id="oc-357">
         <name>.text:strtof</name>
         <load_address>0x1854c</load_address>
         <run_address>0x1854c</run_address>
         <size>0x3c8</size>
         <input_file_ref idref="fl-10a"/>
      </object_component>
      <object_component id="oc-81">
         <name>.text</name>
         <load_address>0x18914</load_address>
         <run_address>0x18914</run_address>
         <size>0x360</size>
         <input_file_ref idref="fl-13"/>
      </object_component>
      <object_component id="oc-7b">
         <name>.text</name>
         <load_address>0x18c74</load_address>
         <run_address>0x18c74</run_address>
         <size>0x350</size>
         <input_file_ref idref="fl-17"/>
      </object_component>
      <object_component id="oc-c3">
         <name>.text</name>
         <load_address>0x18fc4</load_address>
         <run_address>0x18fc4</run_address>
         <size>0x334</size>
         <input_file_ref idref="fl-4"/>
      </object_component>
      <object_component id="oc-27e">
         <name>.text</name>
         <load_address>0x192f8</load_address>
         <run_address>0x192f8</run_address>
         <size>0x2f8</size>
         <input_file_ref idref="fl-8"/>
      </object_component>
      <object_component id="oc-6f6">
         <name>.text</name>
         <load_address>0x195f0</load_address>
         <run_address>0x195f0</run_address>
         <size>0x2ea</size>
         <input_file_ref idref="fl-1b"/>
      </object_component>
      <object_component id="oc-7a3">
         <name>.text</name>
         <load_address>0x198da</load_address>
         <run_address>0x198da</run_address>
         <size>0x2</size>
         <input_file_ref idref="fl-112"/>
      </object_component>
      <object_component id="oc-278">
         <name>.text</name>
         <load_address>0x198dc</load_address>
         <run_address>0x198dc</run_address>
         <size>0x2e0</size>
         <input_file_ref idref="fl-e"/>
      </object_component>
      <object_component id="oc-53d">
         <name>.text:__mktime64</name>
         <load_address>0x19bbc</load_address>
         <run_address>0x19bbc</run_address>
         <size>0x2b8</size>
         <input_file_ref idref="fl-102"/>
      </object_component>
      <object_component id="oc-284">
         <name>.text</name>
         <load_address>0x19e74</load_address>
         <run_address>0x19e74</run_address>
         <size>0x290</size>
         <input_file_ref idref="fl-c"/>
      </object_component>
      <object_component id="oc-7e1">
         <name>.text:_pconv_a</name>
         <load_address>0x1a104</load_address>
         <run_address>0x1a104</run_address>
         <size>0x270</size>
         <input_file_ref idref="fl-10f"/>
      </object_component>
      <object_component id="oc-266">
         <name>.text</name>
         <load_address>0x1a374</load_address>
         <run_address>0x1a374</run_address>
         <size>0x234</size>
         <input_file_ref idref="fl-16"/>
      </object_component>
      <object_component id="oc-644">
         <name>.text</name>
         <load_address>0x1a5a8</load_address>
         <run_address>0x1a5a8</run_address>
         <size>0x210</size>
         <input_file_ref idref="fl-27"/>
      </object_component>
      <object_component id="oc-7cf">
         <name>.text:_pconv_g</name>
         <load_address>0x1a7b8</load_address>
         <run_address>0x1a7b8</run_address>
         <size>0x1d0</size>
         <input_file_ref idref="fl-10f"/>
      </object_component>
      <object_component id="oc-960">
         <name>.text</name>
         <load_address>0x1a988</load_address>
         <run_address>0x1a988</run_address>
         <size>0x1b6</size>
         <input_file_ref idref="fl-113"/>
      </object_component>
      <object_component id="oc-2e5">
         <name>.text:__PCM_setPowerStateAdvanced</name>
         <load_address>0x1ab3e</load_address>
         <run_address>0x1ab3e</run_address>
         <size>0x1a0</size>
         <input_file_ref idref="fl-38"/>
      </object_component>
      <object_component id="oc-324">
         <name>.text:__localtime64</name>
         <load_address>0x1ace0</load_address>
         <run_address>0x1ace0</run_address>
         <size>0x188</size>
         <input_file_ref idref="fl-100"/>
      </object_component>
      <object_component id="oc-272">
         <name>.text</name>
         <load_address>0x1ae68</load_address>
         <run_address>0x1ae68</run_address>
         <size>0x178</size>
         <input_file_ref idref="fl-a"/>
      </object_component>
      <object_component id="oc-7db">
         <name>.text:_pconv_e</name>
         <load_address>0x1afe0</load_address>
         <run_address>0x1afe0</run_address>
         <size>0x13c</size>
         <input_file_ref idref="fl-10f"/>
      </object_component>
      <object_component id="oc-946">
         <name>.text</name>
         <load_address>0x1b11c</load_address>
         <run_address>0x1b11c</run_address>
         <size>0x136</size>
         <input_file_ref idref="fl-115"/>
      </object_component>
      <object_component id="oc-452">
         <name>.text</name>
         <load_address>0x1b254</load_address>
         <run_address>0x1b254</run_address>
         <size>0x130</size>
         <input_file_ref idref="fl-23"/>
      </object_component>
      <object_component id="oc-28a">
         <name>.text</name>
         <load_address>0x1b384</load_address>
         <run_address>0x1b384</run_address>
         <size>0x124</size>
         <input_file_ref idref="fl-11"/>
      </object_component>
      <object_component id="oc-972">
         <name>.text:fcvt</name>
         <load_address>0x1b4a8</load_address>
         <run_address>0x1b4a8</run_address>
         <size>0x124</size>
         <input_file_ref idref="fl-10f"/>
      </object_component>
      <object_component id="oc-45e">
         <name>.text</name>
         <load_address>0x1b5cc</load_address>
         <run_address>0x1b5cc</run_address>
         <size>0x110</size>
         <input_file_ref idref="fl-22"/>
      </object_component>
      <object_component id="oc-986">
         <name>.text:scalbn</name>
         <load_address>0x1b6dc</load_address>
         <run_address>0x1b6dc</run_address>
         <size>0x110</size>
         <input_file_ref idref="fl-122"/>
      </object_component>
      <object_component id="oc-488">
         <name>.text:strtoul</name>
         <load_address>0x1b7ec</load_address>
         <run_address>0x1b7ec</run_address>
         <size>0x110</size>
         <input_file_ref idref="fl-10b"/>
      </object_component>
      <object_component id="oc-579">
         <name>.text:aligned_alloc</name>
         <load_address>0x1b8fc</load_address>
         <run_address>0x1b8fc</run_address>
         <size>0x108</size>
         <input_file_ref idref="fl-101"/>
      </object_component>
      <object_component id="oc-3a0">
         <name>.text:PutChar_size</name>
         <load_address>0x1ba04</load_address>
         <run_address>0x1ba04</run_address>
         <size>0x106</size>
         <input_file_ref idref="fl-b"/>
      </object_component>
      <object_component id="oc-524">
         <name>.text:CS_getDCOFrequency</name>
         <load_address>0x1bb0c</load_address>
         <run_address>0x1bb0c</run_address>
         <size>0x104</size>
         <input_file_ref idref="fl-33"/>
      </object_component>
      <object_component id="oc-260">
         <name>.text</name>
         <load_address>0x1bc10</load_address>
         <run_address>0x1bc10</run_address>
         <size>0xfe</size>
         <input_file_ref idref="fl-15"/>
      </object_component>
      <object_component id="oc-941">
         <name>.text</name>
         <load_address>0x1bd0e</load_address>
         <run_address>0x1bd0e</run_address>
         <size>0xfc</size>
         <input_file_ref idref="fl-116"/>
      </object_component>
      <object_component id="oc-6ea">
         <name>.text:free</name>
         <load_address>0x1be0c</load_address>
         <run_address>0x1be0c</run_address>
         <size>0xe4</size>
         <input_file_ref idref="fl-101"/>
      </object_component>
      <object_component id="oc-14a">
         <name>.text:CS_initClockSignal</name>
         <load_address>0x1bef0</load_address>
         <run_address>0x1bef0</run_address>
         <size>0xe0</size>
         <input_file_ref idref="fl-33"/>
      </object_component>
      <object_component id="oc-509">
         <name>.text:__PCM_setPowerModeAdvanced</name>
         <load_address>0x1bfd0</load_address>
         <run_address>0x1bfd0</run_address>
         <size>0xdc</size>
         <input_file_ref idref="fl-38"/>
      </object_component>
      <object_component id="oc-590">
         <name>.text:scalbnf</name>
         <load_address>0x1c0ac</load_address>
         <run_address>0x1c0ac</run_address>
         <size>0xd0</size>
         <input_file_ref idref="fl-110"/>
      </object_component>
      <object_component id="oc-7c4">
         <name>.text:_ltostr</name>
         <load_address>0x1c17c</load_address>
         <run_address>0x1c17c</run_address>
         <size>0xb1</size>
         <input_file_ref idref="fl-10f"/>
      </object_component>
      <object_component id="oc-4b8">
         <name>.text:__PCM_setCoreVoltageLevelAdvanced</name>
         <load_address>0x1c230</load_address>
         <run_address>0x1c230</run_address>
         <size>0xb0</size>
         <input_file_ref idref="fl-38"/>
      </object_component>
      <object_component id="oc-399">
         <name>.text:PutChar</name>
         <load_address>0x1c2e0</load_address>
         <run_address>0x1c2e0</run_address>
         <size>0xa4</size>
         <input_file_ref idref="fl-b"/>
      </object_component>
      <object_component id="oc-4bf">
         <name>.text:CS_startHFXTWithTimeout</name>
         <load_address>0x1c384</load_address>
         <run_address>0x1c384</run_address>
         <size>0x9c</size>
         <input_file_ref idref="fl-33"/>
      </object_component>
      <object_component id="oc-2fd">
         <name>.text:_CSComputeCLKFrequency</name>
         <load_address>0x1c420</load_address>
         <run_address>0x1c420</run_address>
         <size>0x9c</size>
         <input_file_ref idref="fl-33"/>
      </object_component>
      <object_component id="oc-3a">
         <name>.text</name>
         <load_address>0x1c4bc</load_address>
         <run_address>0x1c4bc</run_address>
         <size>0x9c</size>
         <input_file_ref idref="fl-f7"/>
      </object_component>
      <object_component id="oc-7a8">
         <name>.text</name>
         <load_address>0x1c558</load_address>
         <run_address>0x1c558</run_address>
         <size>0x96</size>
         <input_file_ref idref="fl-fa"/>
      </object_component>
      <object_component id="oc-42b">
         <name>.text:UART_initModule</name>
         <load_address>0x1c5f0</load_address>
         <run_address>0x1c5f0</run_address>
         <size>0x94</size>
         <input_file_ref idref="fl-3c"/>
      </object_component>
      <object_component id="oc-7ca">
         <name>.text:__aeabi_cdcmple</name>
         <load_address>0x1c684</load_address>
         <run_address>0x1c684</run_address>
         <size>0x86</size>
         <input_file_ref idref="fl-114"/>
      </object_component>
      <object_component id="oc-94b">
         <name>.text:__aeabi_cdrcmple</name>
         <load_address>0x1c70a</load_address>
         <run_address>0x1c70a</run_address>
         <size>0x86</size>
         <input_file_ref idref="fl-114"/>
      </object_component>
      <object_component id="oc-dc">
         <name>.text</name>
         <load_address>0x1c790</load_address>
         <run_address>0x1c790</run_address>
         <size>0x84</size>
         <input_file_ref idref="fl-9"/>
      </object_component>
      <object_component id="oc-870">
         <name>.text</name>
         <load_address>0x1c814</load_address>
         <run_address>0x1c814</run_address>
         <size>0x80</size>
         <input_file_ref idref="fl-1f"/>
      </object_component>
      <object_component id="oc-4f7">
         <name>.text:PCM_gotoLPM3</name>
         <load_address>0x1c894</load_address>
         <run_address>0x1c894</run_address>
         <size>0x7c</size>
         <input_file_ref idref="fl-38"/>
      </object_component>
      <object_component id="oc-a5">
         <name>.text</name>
         <load_address>0x1c910</load_address>
         <run_address>0x1c910</run_address>
         <size>0x7a</size>
         <input_file_ref idref="fl-f8"/>
      </object_component>
      <object_component id="oc-773">
         <name>.text:_CSGetHFXTFrequency</name>
         <load_address>0x1c98c</load_address>
         <run_address>0x1c98c</run_address>
         <size>0x70</size>
         <input_file_ref idref="fl-33"/>
      </object_component>
      <object_component id="oc-815">
         <name>.text:split</name>
         <load_address>0x1c9fc</load_address>
         <run_address>0x1c9fc</run_address>
         <size>0x70</size>
         <input_file_ref idref="fl-101"/>
      </object_component>
      <object_component id="oc-96b">
         <name>.text:_mcpy</name>
         <load_address>0x1ca6c</load_address>
         <run_address>0x1ca6c</run_address>
         <size>0x6e</size>
         <input_file_ref idref="fl-10f"/>
      </object_component>
      <object_component id="oc-538">
         <name>.text</name>
         <load_address>0x1cada</load_address>
         <run_address>0x1cada</run_address>
         <size>0x6e</size>
         <input_file_ref idref="fl-f9"/>
      </object_component>
      <object_component id="oc-5ad">
         <name>.text:LCD_ReadData</name>
         <load_address>0x1cb48</load_address>
         <run_address>0x1cb48</run_address>
         <size>0x6c</size>
         <input_file_ref idref="fl-b"/>
      </object_component>
      <object_component id="oc-17">
         <name>.text:decompress:lzss:__TI_decompress_lzss</name>
         <load_address>0x1cbb4</load_address>
         <run_address>0x1cbb4</run_address>
         <size>0x68</size>
         <input_file_ref idref="fl-fd"/>
      </object_component>
      <object_component id="oc-126">
         <name>.text:Interrupt_disableInterrupt</name>
         <load_address>0x1cc1c</load_address>
         <run_address>0x1cc1c</run_address>
         <size>0x64</size>
         <input_file_ref idref="fl-37"/>
      </object_component>
      <object_component id="oc-114">
         <name>.text:Interrupt_enableInterrupt</name>
         <load_address>0x1cc80</load_address>
         <run_address>0x1cc80</run_address>
         <size>0x64</size>
         <input_file_ref idref="fl-37"/>
      </object_component>
      <object_component id="oc-980">
         <name>.text:frexp</name>
         <load_address>0x1cce4</load_address>
         <run_address>0x1cce4</run_address>
         <size>0x64</size>
         <input_file_ref idref="fl-121"/>
      </object_component>
      <object_component id="oc-7d5">
         <name>.text:_pconv_f</name>
         <load_address>0x1cd48</load_address>
         <run_address>0x1cd48</run_address>
         <size>0x56</size>
         <input_file_ref idref="fl-10f"/>
      </object_component>
      <object_component id="oc-955">
         <name>.text:__TI_ltoa</name>
         <load_address>0x1cd9e</load_address>
         <run_address>0x1cd9e</run_address>
         <size>0x54</size>
         <input_file_ref idref="fl-11e"/>
      </object_component>
      <object_component id="oc-965">
         <name>.text:_ecpy</name>
         <load_address>0x1cdf2</load_address>
         <run_address>0x1cdf2</run_address>
         <size>0x52</size>
         <input_file_ref idref="fl-10f"/>
      </object_component>
      <object_component id="oc-503">
         <name>.text:PCM_shutdownDevice</name>
         <load_address>0x1ce44</load_address>
         <run_address>0x1ce44</run_address>
         <size>0x50</size>
         <input_file_ref idref="fl-38"/>
      </object_component>
      <object_component id="oc-79b">
         <name>.text:SysCtl_getTLVInfo</name>
         <load_address>0x1ce94</load_address>
         <run_address>0x1ce94</run_address>
         <size>0x50</size>
         <input_file_ref idref="fl-3a"/>
      </object_component>
      <object_component id="oc-70">
         <name>.text</name>
         <load_address>0x1cee4</load_address>
         <run_address>0x1cee4</run_address>
         <size>0x4c</size>
         <input_file_ref idref="fl-2b"/>
      </object_component>
      <object_component id="oc-12c">
         <name>.text:GPIO_setAsPeripheralModuleFunctionOutputPin</name>
         <load_address>0x1cf30</load_address>
         <run_address>0x1cf30</run_address>
         <size>0x4c</size>
         <input_file_ref idref="fl-35"/>
      </object_component>
      <object_component id="oc-795">
         <name>.text:_CSGetDOCFrequency</name>
         <load_address>0x1cf7c</load_address>
         <run_address>0x1cf7c</run_address>
         <size>0x4c</size>
         <input_file_ref idref="fl-33"/>
      </object_component>
      <object_component id="oc-351">
         <name>.text:atoi</name>
         <load_address>0x1cfc8</load_address>
         <run_address>0x1cfc8</run_address>
         <size>0x4c</size>
         <input_file_ref idref="fl-fe"/>
      </object_component>
      <object_component id="oc-290">
         <name>.text</name>
         <load_address>0x1d014</load_address>
         <run_address>0x1d014</run_address>
         <size>0x4c</size>
         <input_file_ref idref="fl-14"/>
      </object_component>
      <object_component id="oc-32a">
         <name>.text:snprintf</name>
         <load_address>0x1d060</load_address>
         <run_address>0x1d060</run_address>
         <size>0x4c</size>
         <input_file_ref idref="fl-f4"/>
      </object_component>
      <object_component id="oc-d6">
         <name>.text</name>
         <load_address>0x1d0ac</load_address>
         <run_address>0x1d0ac</run_address>
         <size>0x48</size>
         <input_file_ref idref="fl-7"/>
      </object_component>
      <object_component id="oc-425">
         <name>.text:GPIO_setAsPeripheralModuleFunctionInputPin</name>
         <load_address>0x1d0f4</load_address>
         <run_address>0x1d0f4</run_address>
         <size>0x48</size>
         <input_file_ref idref="fl-35"/>
      </object_component>
      <object_component id="oc-51e">
         <name>.text:_CSGetDividerValue</name>
         <load_address>0x1d13c</load_address>
         <run_address>0x1d13c</run_address>
         <size>0x48</size>
         <input_file_ref idref="fl-33"/>
      </object_component>
      <object_component id="oc-950">
         <name>.text</name>
         <load_address>0x1d184</load_address>
         <run_address>0x1d184</run_address>
         <size>0x48</size>
         <input_file_ref idref="fl-117"/>
      </object_component>
      <object_component id="oc-20f">
         <name>.text:__TI_auto_init_nobinit_nopinit:__TI_auto_init_nobinit_nopinit</name>
         <load_address>0x1d1cc</load_address>
         <run_address>0x1d1cc</run_address>
         <size>0x44</size>
         <input_file_ref idref="fl-119"/>
      </object_component>
      <object_component id="oc-5a7">
         <name>.text</name>
         <load_address>0x1d210</load_address>
         <run_address>0x1d210</run_address>
         <size>0x40</size>
         <input_file_ref idref="fl-6"/>
      </object_component>
      <object_component id="oc-5a0">
         <name>.text:LCD_WriteData</name>
         <load_address>0x1d250</load_address>
         <run_address>0x1d250</run_address>
         <size>0x40</size>
         <input_file_ref idref="fl-b"/>
      </object_component>
      <object_component id="oc-6f0">
         <name>.text:vsnprintf</name>
         <load_address>0x1d290</load_address>
         <run_address>0x1d290</run_address>
         <size>0x40</size>
         <input_file_ref idref="fl-f5"/>
      </object_component>
      <object_component id="oc-16e">
         <name>.text:I2C_initMaster</name>
         <load_address>0x1d2d0</load_address>
         <run_address>0x1d2d0</run_address>
         <size>0x3e</size>
         <input_file_ref idref="fl-36"/>
      </object_component>
      <object_component id="oc-978">
         <name>.text:_fcpy</name>
         <load_address>0x1d30e</load_address>
         <run_address>0x1d30e</run_address>
         <size>0x3e</size>
         <input_file_ref idref="fl-10f"/>
      </object_component>
      <object_component id="oc-3ae">
         <name>.text:SPISendRecvByte</name>
         <load_address>0x1d34c</load_address>
         <run_address>0x1d34c</run_address>
         <size>0x3c</size>
         <input_file_ref idref="fl-b"/>
      </object_component>
      <object_component id="oc-186">
         <name>.text:I2C_masterSendMultiByteStart</name>
         <load_address>0x1d388</load_address>
         <run_address>0x1d388</run_address>
         <size>0x38</size>
         <input_file_ref idref="fl-36"/>
      </object_component>
      <object_component id="oc-35d">
         <name>.text:strncpy</name>
         <load_address>0x1d3c0</load_address>
         <run_address>0x1d3c0</run_address>
         <size>0x36</size>
         <input_file_ref idref="fl-108"/>
      </object_component>
      <object_component id="oc-384">
         <name>.text:LCD_WriteIndex</name>
         <load_address>0x1d3f8</load_address>
         <run_address>0x1d3f8</run_address>
         <size>0x34</size>
         <input_file_ref idref="fl-b"/>
      </object_component>
      <object_component id="oc-58">
         <name>.text:_c_int00_noargs:_c_int00_noargs</name>
         <load_address>0x1d42c</load_address>
         <run_address>0x1d42c</run_address>
         <size>0x34</size>
         <input_file_ref idref="fl-10e"/>
      </object_component>
      <object_component id="oc-330">
         <name>.text:strstr</name>
         <load_address>0x1d460</load_address>
         <run_address>0x1d460</run_address>
         <size>0x34</size>
         <input_file_ref idref="fl-109"/>
      </object_component>
      <object_component id="oc-b1">
         <name>.text</name>
         <load_address>0x1d494</load_address>
         <run_address>0x1d494</run_address>
         <size>0x32</size>
         <input_file_ref idref="fl-2"/>
      </object_component>
      <object_component id="oc-1aa">
         <name>.text:I2C_masterSendMultiByteStop</name>
         <load_address>0x1d4c8</load_address>
         <run_address>0x1d4c8</run_address>
         <size>0x30</size>
         <input_file_ref idref="fl-36"/>
      </object_component>
      <object_component id="oc-556">
         <name>.text:_outs</name>
         <load_address>0x1d4f8</load_address>
         <run_address>0x1d4f8</run_address>
         <size>0x30</size>
         <input_file_ref idref="fl-f4"/>
      </object_component>
      <object_component id="oc-8e6">
         <name>.text:_outs</name>
         <load_address>0x1d528</load_address>
         <run_address>0x1d528</run_address>
         <size>0x30</size>
         <input_file_ref idref="fl-f5"/>
      </object_component>
      <object_component id="oc-95b">
         <name>.text</name>
         <load_address>0x1d558</load_address>
         <run_address>0x1d558</run_address>
         <size>0x2e</size>
         <input_file_ref idref="fl-118"/>
      </object_component>
      <object_component id="oc-75a">
         <name>.text:PCM_getCoreVoltageLevel</name>
         <load_address>0x1d586</load_address>
         <run_address>0x1d586</run_address>
         <size>0x2c</size>
         <input_file_ref idref="fl-38"/>
      </object_component>
      <object_component id="oc-48e">
         <name>.text:strncmp</name>
         <load_address>0x1d5b2</load_address>
         <run_address>0x1d5b2</run_address>
         <size>0x2c</size>
         <input_file_ref idref="fl-107"/>
      </object_component>
      <object_component id="oc-754">
         <name>.text:PCM_getPowerMode</name>
         <load_address>0x1d5de</load_address>
         <run_address>0x1d5de</run_address>
         <size>0x2a</size>
         <input_file_ref idref="fl-38"/>
      </object_component>
      <object_component id="oc-138">
         <name>.text:FlashCtl_setWaitState</name>
         <load_address>0x1d608</load_address>
         <run_address>0x1d608</run_address>
         <size>0x28</size>
         <input_file_ref idref="fl-34"/>
      </object_component>
      <object_component id="oc-50f">
         <name>.text:PCM_gotoLPM0</name>
         <load_address>0x1d630</load_address>
         <run_address>0x1d630</run_address>
         <size>0x28</size>
         <input_file_ref idref="fl-38"/>
      </object_component>
      <object_component id="oc-80f">
         <name>.text:free_list_insert</name>
         <load_address>0x1d658</load_address>
         <run_address>0x1d658</run_address>
         <size>0x28</size>
         <input_file_ref idref="fl-101"/>
      </object_component>
      <object_component id="oc-3a7">
         <name>.text:LCD_ReadReg</name>
         <load_address>0x1d680</load_address>
         <run_address>0x1d680</run_address>
         <size>0x26</size>
         <input_file_ref idref="fl-b"/>
      </object_component>
      <object_component id="oc-3f8">
         <name>.text</name>
         <load_address>0x1d6a6</load_address>
         <run_address>0x1d6a6</run_address>
         <size>0x26</size>
         <input_file_ref idref="fl-12"/>
      </object_component>
      <object_component id="oc-52a">
         <name>.text:CS_clearInterruptFlag</name>
         <load_address>0x1d6cc</load_address>
         <run_address>0x1d6cc</run_address>
         <size>0x24</size>
         <input_file_ref idref="fl-33"/>
      </object_component>
      <object_component id="oc-144">
         <name>.text:CS_setDCOCenteredFrequency</name>
         <load_address>0x1d6f0</load_address>
         <run_address>0x1d6f0</run_address>
         <size>0x24</size>
         <input_file_ref idref="fl-33"/>
      </object_component>
      <object_component id="oc-1b6">
         <name>.text:I2C_masterSendMultiByteNext</name>
         <load_address>0x1d714</load_address>
         <run_address>0x1d714</run_address>
         <size>0x24</size>
         <input_file_ref idref="fl-36"/>
      </object_component>
      <object_component id="oc-11a">
         <name>.text:Interrupt_setPriority</name>
         <load_address>0x1d738</load_address>
         <run_address>0x1d738</run_address>
         <size>0x24</size>
         <input_file_ref idref="fl-37"/>
      </object_component>
      <object_component id="oc-788">
         <name>.text:RTC_C_holdClock</name>
         <load_address>0x1d75c</load_address>
         <run_address>0x1d75c</run_address>
         <size>0x24</size>
         <input_file_ref idref="fl-39"/>
      </object_component>
      <object_component id="oc-41f">
         <name>.text:UART_transmitData</name>
         <load_address>0x1d780</load_address>
         <run_address>0x1d780</run_address>
         <size>0x24</size>
         <input_file_ref idref="fl-3c"/>
      </object_component>
      <object_component id="oc-37d">
         <name>.text:LCD_SetCursor</name>
         <load_address>0x1d7a4</load_address>
         <run_address>0x1d7a4</run_address>
         <size>0x20</size>
         <input_file_ref idref="fl-b"/>
      </object_component>
      <object_component id="oc-392">
         <name>.text:LCD_Write_Data_Only</name>
         <load_address>0x1d7c4</load_address>
         <run_address>0x1d7c4</run_address>
         <size>0x20</size>
         <input_file_ref idref="fl-b"/>
      </object_component>
      <object_component id="oc-376">
         <name>.text:LCD_WriteReg</name>
         <load_address>0x1d7e4</load_address>
         <run_address>0x1d7e4</run_address>
         <size>0x1c</size>
         <input_file_ref idref="fl-b"/>
      </object_component>
      <object_component id="oc-809">
         <name>.text:free_list_remove</name>
         <load_address>0x1d800</load_address>
         <run_address>0x1d800</run_address>
         <size>0x1c</size>
         <input_file_ref idref="fl-101"/>
      </object_component>
      <object_component id="oc-7e7">
         <name>.text:memccpy</name>
         <load_address>0x1d81c</load_address>
         <run_address>0x1d81c</run_address>
         <size>0x1c</size>
         <input_file_ref idref="fl-120"/>
      </object_component>
      <object_component id="oc-9e3">
         <name>.text:copysign</name>
         <load_address>0x1d838</load_address>
         <run_address>0x1d838</run_address>
         <size>0x1a</size>
         <input_file_ref idref="fl-123"/>
      </object_component>
      <object_component id="oc-2a9">
         <name>.text:CS_getMCLK</name>
         <load_address>0x1d854</load_address>
         <run_address>0x1d854</run_address>
         <size>0x18</size>
         <input_file_ref idref="fl-33"/>
      </object_component>
      <object_component id="oc-15c">
         <name>.text:CS_getSMCLK</name>
         <load_address>0x1d86c</load_address>
         <run_address>0x1d86c</run_address>
         <size>0x18</size>
         <input_file_ref idref="fl-33"/>
      </object_component>
      <object_component id="oc-254">
         <name>.text:WDT_A_clearTimer</name>
         <load_address>0x1d884</load_address>
         <run_address>0x1d884</run_address>
         <size>0x18</size>
         <input_file_ref idref="fl-3d"/>
      </object_component>
      <object_component id="oc-25a">
         <name>.text:WDT_A_holdTimer</name>
         <load_address>0x1d89c</load_address>
         <run_address>0x1d89c</run_address>
         <size>0x18</size>
         <input_file_ref idref="fl-3d"/>
      </object_component>
      <object_component id="oc-55c">
         <name>.text:_outc</name>
         <load_address>0x1d8b4</load_address>
         <run_address>0x1d8b4</run_address>
         <size>0x18</size>
         <input_file_ref idref="fl-f4"/>
      </object_component>
      <object_component id="oc-8ec">
         <name>.text:_outc</name>
         <load_address>0x1d8cc</load_address>
         <run_address>0x1d8cc</run_address>
         <size>0x18</size>
         <input_file_ref idref="fl-f5"/>
      </object_component>
      <object_component id="oc-82b">
         <name>.text:copysignf</name>
         <load_address>0x1d8e4</load_address>
         <run_address>0x1d8e4</run_address>
         <size>0x18</size>
         <input_file_ref idref="fl-111"/>
      </object_component>
      <object_component id="oc-60e">
         <name>.text</name>
         <load_address>0x1d8fc</load_address>
         <run_address>0x1d8fc</run_address>
         <size>0x18</size>
         <input_file_ref idref="fl-f6"/>
      </object_component>
      <object_component id="oc-348">
         <name>.text:strcmp</name>
         <load_address>0x1d914</load_address>
         <run_address>0x1d914</run_address>
         <size>0x18</size>
         <input_file_ref idref="fl-104"/>
      </object_component>
      <object_component id="oc-708">
         <name>.text:strchr</name>
         <load_address>0x1d92c</load_address>
         <run_address>0x1d92c</run_address>
         <size>0x16</size>
         <input_file_ref idref="fl-103"/>
      </object_component>
      <object_component id="oc-132">
         <name>.text:CS_setExternalClockSourceFrequency</name>
         <load_address>0x1d944</load_address>
         <run_address>0x1d944</run_address>
         <size>0x14</size>
         <input_file_ref idref="fl-33"/>
      </object_component>
      <object_component id="oc-162">
         <name>.text:I2C_isBusBusy</name>
         <load_address>0x1d958</load_address>
         <run_address>0x1d958</run_address>
         <size>0x14</size>
         <input_file_ref idref="fl-36"/>
      </object_component>
      <object_component id="oc-d0">
         <name>.text:SysTick_enableInterrupt</name>
         <load_address>0x1d96c</load_address>
         <run_address>0x1d96c</run_address>
         <size>0x14</size>
         <input_file_ref idref="fl-3b"/>
      </object_component>
      <object_component id="oc-702">
         <name>.text:strcpy</name>
         <load_address>0x1d980</load_address>
         <run_address>0x1d980</run_address>
         <size>0x14</size>
         <input_file_ref idref="fl-105"/>
      </object_component>
      <object_component id="oc-33c">
         <name>.text:strlen</name>
         <load_address>0x1d994</load_address>
         <run_address>0x1d994</run_address>
         <size>0x14</size>
         <input_file_ref idref="fl-106"/>
      </object_component>
      <object_component id="oc-7ed">
         <name>.text:wcslen</name>
         <load_address>0x1d9a8</load_address>
         <run_address>0x1d9a8</run_address>
         <size>0x12</size>
         <input_file_ref idref="fl-124"/>
      </object_component>
      <object_component id="oc-198">
         <name>.text:I2C_masterReceiveStart</name>
         <load_address>0x1d9ba</load_address>
         <run_address>0x1d9ba</run_address>
         <size>0x10</size>
         <input_file_ref idref="fl-36"/>
      </object_component>
      <object_component id="oc-120">
         <name>.text:Interrupt_enableMaster</name>
         <load_address>0x1d9ca</load_address>
         <run_address>0x1d9ca</run_address>
         <size>0x10</size>
         <input_file_ref idref="fl-37"/>
      </object_component>
      <object_component id="oc-4fd">
         <name>.text:PCM_gotoLPM4</name>
         <load_address>0x1d9da</load_address>
         <run_address>0x1d9da</run_address>
         <size>0x10</size>
         <input_file_ref idref="fl-38"/>
      </object_component>
      <object_component id="oc-76d">
         <name>.text:SysCtl_disableNMISource</name>
         <load_address>0x1d9ec</load_address>
         <run_address>0x1d9ec</run_address>
         <size>0x10</size>
         <input_file_ref idref="fl-3a"/>
      </object_component>
      <object_component id="oc-779">
         <name>.text:SysCtl_enableNMISource</name>
         <load_address>0x1d9fc</load_address>
         <run_address>0x1d9fc</run_address>
         <size>0x10</size>
         <input_file_ref idref="fl-3a"/>
      </object_component>
      <object_component id="oc-e9">
         <name>.text</name>
         <load_address>0x1da0c</load_address>
         <run_address>0x1da0c</run_address>
         <size>0xe</size>
         <input_file_ref idref="fl-28"/>
      </object_component>
      <object_component id="oc-1a4">
         <name>.text:I2C_clearInterruptFlag</name>
         <load_address>0x1da1a</load_address>
         <run_address>0x1da1a</run_address>
         <size>0xe</size>
         <input_file_ref idref="fl-36"/>
      </object_component>
      <object_component id="oc-18c">
         <name>.text:I2C_disableInterrupt</name>
         <load_address>0x1da28</load_address>
         <run_address>0x1da28</run_address>
         <size>0xe</size>
         <input_file_ref idref="fl-36"/>
      </object_component>
      <object_component id="oc-1d">
         <name>.text:decompress:none:__TI_decompress_none</name>
         <load_address>0x1da36</load_address>
         <run_address>0x1da36</run_address>
         <size>0xe</size>
         <input_file_ref idref="fl-fc"/>
      </object_component>
      <object_component id="oc-6a">
         <name>.text</name>
         <load_address>0x1da44</load_address>
         <run_address>0x1da44</run_address>
         <size>0xe</size>
         <input_file_ref idref="fl-3"/>
      </object_component>
      <object_component id="oc-2d1">
         <name>.text:CPU_cpsie</name>
         <load_address>0x1da52</load_address>
         <run_address>0x1da52</run_address>
         <size>0xc</size>
         <input_file_ref idref="fl-3e"/>
      </object_component>
      <object_component id="oc-168">
         <name>.text:I2C_disableModule</name>
         <load_address>0x1da5e</load_address>
         <run_address>0x1da5e</run_address>
         <size>0xc</size>
         <input_file_ref idref="fl-36"/>
      </object_component>
      <object_component id="oc-17a">
         <name>.text:I2C_enableModule</name>
         <load_address>0x1da6a</load_address>
         <run_address>0x1da6a</run_address>
         <size>0xc</size>
         <input_file_ref idref="fl-36"/>
      </object_component>
      <object_component id="oc-4f1">
         <name>.text:PCM_getPowerState</name>
         <load_address>0x1da78</load_address>
         <run_address>0x1da78</run_address>
         <size>0xc</size>
         <input_file_ref idref="fl-38"/>
      </object_component>
      <object_component id="oc-767">
         <name>.text:SysCtl_getNMISourceStatus</name>
         <load_address>0x1da84</load_address>
         <run_address>0x1da84</run_address>
         <size>0xc</size>
         <input_file_ref idref="fl-3a"/>
      </object_component>
      <object_component id="oc-431">
         <name>.text:UART_enableModule</name>
         <load_address>0x1da90</load_address>
         <run_address>0x1da90</run_address>
         <size>0xc</size>
         <input_file_ref idref="fl-3c"/>
      </object_component>
      <object_component id="oc-4c">
         <name>.text:decompress:ZI:__TI_zero_init</name>
         <load_address>0x1da9c</load_address>
         <run_address>0x1da9c</run_address>
         <size>0xc</size>
         <input_file_ref idref="fl-fb"/>
      </object_component>
      <object_component id="oc-38b">
         <name>.text:LCD_Write_Data_Start</name>
         <load_address>0x1daa8</load_address>
         <run_address>0x1daa8</run_address>
         <size>0xa</size>
         <input_file_ref idref="fl-b"/>
      </object_component>
      <object_component id="oc-180">
         <name>.text:I2C_enableInterrupt</name>
         <load_address>0x1dab2</load_address>
         <run_address>0x1dab2</run_address>
         <size>0x8</size>
         <input_file_ref idref="fl-36"/>
      </object_component>
      <object_component id="oc-29d">
         <name>.text:PCM_setCoreVoltageLevel</name>
         <load_address>0x1daba</load_address>
         <run_address>0x1daba</run_address>
         <size>0x8</size>
         <input_file_ref idref="fl-38"/>
      </object_component>
      <object_component id="oc-760">
         <name>.text:PCM_setPowerMode</name>
         <load_address>0x1dac2</load_address>
         <run_address>0x1dac2</run_address>
         <size>0x8</size>
         <input_file_ref idref="fl-38"/>
      </object_component>
      <object_component id="oc-13e">
         <name>.text:PCM_setPowerState</name>
         <load_address>0x1daca</load_address>
         <run_address>0x1daca</run_address>
         <size>0x8</size>
         <input_file_ref idref="fl-38"/>
      </object_component>
      <object_component id="oc-58a">
         <name>.text:__aeabi_errno_addr</name>
         <load_address>0x1dad4</load_address>
         <run_address>0x1dad4</run_address>
         <size>0x8</size>
         <input_file_ref idref="fl-10d"/>
      </object_component>
      <object_component id="oc-342">
         <name>.text:malloc</name>
         <load_address>0x1dadc</load_address>
         <run_address>0x1dadc</run_address>
         <size>0x8</size>
         <input_file_ref idref="fl-101"/>
      </object_component>
      <object_component id="oc-2a3">
         <name>.text:CS_startHFXT</name>
         <load_address>0x1dae4</load_address>
         <run_address>0x1dae4</run_address>
         <size>0x6</size>
         <input_file_ref idref="fl-33"/>
      </object_component>
      <object_component id="oc-19e">
         <name>.text:I2C_getEnabledInterruptStatus</name>
         <load_address>0x1daea</load_address>
         <run_address>0x1daea</run_address>
         <size>0x6</size>
         <input_file_ref idref="fl-36"/>
      </object_component>
      <object_component id="oc-192">
         <name>.text:I2C_getInterruptStatus</name>
         <load_address>0x1daf0</load_address>
         <run_address>0x1daf0</run_address>
         <size>0x6</size>
         <input_file_ref idref="fl-36"/>
      </object_component>
      <object_component id="oc-1b0">
         <name>.text:I2C_masterReceiveMultiByteNext</name>
         <load_address>0x1daf6</load_address>
         <run_address>0x1daf6</run_address>
         <size>0x6</size>
         <input_file_ref idref="fl-36"/>
      </object_component>
      <object_component id="oc-607">
         <name>.text:SysCtlDelay</name>
         <load_address>0x1dafc</load_address>
         <run_address>0x1dafc</run_address>
         <size>0x6</size>
         <input_file_ref idref="fl-12"/>
      </object_component>
      <object_component id="oc-781">
         <name>.text:CPU_wfi</name>
         <load_address>0x1db02</load_address>
         <run_address>0x1db02</run_address>
         <size>0x4</size>
         <input_file_ref idref="fl-3e"/>
      </object_component>
      <object_component id="oc-174">
         <name>.text:I2C_setSlaveAddress</name>
         <load_address>0x1db06</load_address>
         <run_address>0x1db06</run_address>
         <size>0x4</size>
         <input_file_ref idref="fl-36"/>
      </object_component>
      <object_component id="oc-ab">
         <name>.text:_system_pre_init</name>
         <load_address>0x1db0a</load_address>
         <run_address>0x1db0a</run_address>
         <size>0x4</size>
         <input_file_ref idref="fl-11a"/>
      </object_component>
      <object_component id="oc-203">
         <name>.text:abort:abort</name>
         <load_address>0x1db0e</load_address>
         <run_address>0x1db0e</run_address>
         <size>0x4</size>
         <input_file_ref idref="fl-11c"/>
      </object_component>
      <object_component id="oc-83e">
         <name>.const:AsciiLib</name>
         <load_address>0x1db14</load_address>
         <run_address>0x1db14</run_address>
         <size>0x5f0</size>
         <input_file_ref idref="fl-6"/>
      </object_component>
      <object_component id="oc-585">
         <name>.const:.string:_ctypes_</name>
         <load_address>0x1e104</load_address>
         <run_address>0x1e104</run_address>
         <size>0x101</size>
         <input_file_ref idref="fl-ff"/>
      </object_component>
      <object_component id="oc-5f8">
         <name>.const:.string:INVALID_OFFSET</name>
         <load_address>0x1e205</load_address>
         <run_address>0x1e205</run_address>
         <size>0x3</size>
         <input_file_ref idref="fl-f"/>
      </object_component>
      <object_component id="oc-67b">
         <name>.const:$P$T0$1</name>
         <load_address>0x1e208</load_address>
         <run_address>0x1e208</run_address>
         <size>0xb0</size>
         <input_file_ref idref="fl-26"/>
      </object_component>
      <object_component id="oc-7ae">
         <name>.const:$O1$$</name>
         <load_address>0x1e2b8</load_address>
         <run_address>0x1e2b8</run_address>
         <size>0x60</size>
         <input_file_ref idref="fl-102"/>
      </object_component>
      <object_component id="oc-596">
         <name>.const:$O1$$</name>
         <load_address>0x1e318</load_address>
         <run_address>0x1e318</run_address>
         <size>0x58</size>
         <input_file_ref idref="fl-10a"/>
      </object_component>
      <object_component id="oc-2cd">
         <name>.const:g_pulRegs</name>
         <load_address>0x1e370</load_address>
         <run_address>0x1e370</run_address>
         <size>0x50</size>
         <input_file_ref idref="fl-37"/>
      </object_component>
      <object_component id="oc-2c3">
         <name>.const</name>
         <load_address>0x1e3c0</load_address>
         <run_address>0x1e3c0</run_address>
         <size>0x40</size>
         <input_file_ref idref="fl-37"/>
      </object_component>
      <object_component id="oc-882">
         <name>.const:_SlActionLookupTable</name>
         <load_address>0x1e400</load_address>
         <run_address>0x1e400</run_address>
         <size>0x38</size>
         <input_file_ref idref="fl-1e"/>
      </object_component>
      <object_component id="oc-46a">
         <name>.const:$P$T0$1</name>
         <load_address>0x1e438</load_address>
         <run_address>0x1e438</run_address>
         <size>0x2c</size>
         <input_file_ref idref="fl-18"/>
      </object_component>
      <object_component id="oc-f4">
         <name>.const:$P$T0$1</name>
         <load_address>0x1e464</load_address>
         <run_address>0x1e464</run_address>
         <size>0x24</size>
         <input_file_ref idref="fl-2a"/>
      </object_component>
      <object_component id="oc-f7">
         <name>.const:$P$T1$2</name>
         <load_address>0x1e488</load_address>
         <run_address>0x1e488</run_address>
         <size>0x24</size>
         <input_file_ref idref="fl-2a"/>
      </object_component>
      <object_component id="oc-447">
         <name>.const:Uart115200Config</name>
         <load_address>0x1e4ac</load_address>
         <run_address>0x1e4ac</run_address>
         <size>0x24</size>
         <input_file_ref idref="fl-14"/>
      </object_component>
      <object_component id="oc-437">
         <name>.const:backChannelUart115200Config</name>
         <load_address>0x1e4d0</load_address>
         <run_address>0x1e4d0</run_address>
         <size>0x24</size>
         <input_file_ref idref="fl-8"/>
      </object_component>
      <object_component id="oc-485">
         <name>.const:$P$T3$4</name>
         <load_address>0x1e4f4</load_address>
         <run_address>0x1e4f4</run_address>
         <size>0x20</size>
         <input_file_ref idref="fl-18"/>
      </object_component>
      <object_component id="oc-46d">
         <name>.const:$P$T1$2</name>
         <load_address>0x1e514</load_address>
         <run_address>0x1e514</run_address>
         <size>0x14</size>
         <input_file_ref idref="fl-18"/>
      </object_component>
      <object_component id="oc-70e">
         <name>.const:$P$T1$2</name>
         <load_address>0x1e528</load_address>
         <run_address>0x1e528</run_address>
         <size>0x10</size>
         <input_file_ref idref="fl-19"/>
      </object_component>
      <object_component id="oc-47f">
         <name>.const:$P$T2$3</name>
         <load_address>0x1e538</load_address>
         <run_address>0x1e538</run_address>
         <size>0xc</size>
         <input_file_ref idref="fl-18"/>
      </object_component>
      <object_component id="oc-5fb">
         <name>.const:yas532_version_ac_coef</name>
         <load_address>0x1e544</load_address>
         <run_address>0x1e544</run_address>
         <size>0xc</size>
         <input_file_ref idref="fl-f"/>
      </object_component>
      <object_component id="oc-6fc">
         <name>.const:.string:$P$T0$1</name>
         <load_address>0x1e550</load_address>
         <run_address>0x1e550</run_address>
         <size>0x8</size>
         <input_file_ref idref="fl-19"/>
      </object_component>
      <object_component id="oc-87c">
         <name>.const:g_H2NCnysPattern</name>
         <load_address>0x1e558</load_address>
         <run_address>0x1e558</run_address>
         <size>0x8</size>
         <input_file_ref idref="fl-1e"/>
      </object_component>
      <object_component id="oc-879">
         <name>.const:g_H2NSyncPattern</name>
         <load_address>0x1e560</load_address>
         <run_address>0x1e560</run_address>
         <size>0x8</size>
         <input_file_ref idref="fl-1e"/>
      </object_component>
      <object_component id="oc-5ff">
         <name>.const:v_calib_data$2</name>
         <load_address>0x1e568</load_address>
         <run_address>0x1e568</run_address>
         <size>0x8</size>
         <input_file_ref idref="fl-f"/>
      </object_component>
      <object_component id="oc-416">
         <name>.const:.string:$P$T0$1</name>
         <load_address>0x1e570</load_address>
         <run_address>0x1e570</run_address>
         <size>0x5</size>
         <input_file_ref idref="fl-e"/>
      </object_component>
      <object_component id="oc-5fe">
         <name>.const:.string:v_correct_u8$1</name>
         <load_address>0x1e575</load_address>
         <run_address>0x1e575</run_address>
         <size>0x5</size>
         <input_file_ref idref="fl-f"/>
      </object_component>
      <object_component id="oc-87f">
         <name>.const:$P$T0$1</name>
         <load_address>0x1e57a</load_address>
         <run_address>0x1e57a</run_address>
         <size>0x4</size>
         <input_file_ref idref="fl-1e"/>
      </object_component>
      <object_component id="oc-6d1">
         <name>.const:$P$T0$1</name>
         <load_address>0x1e57e</load_address>
         <run_address>0x1e57e</run_address>
         <size>0x4</size>
         <input_file_ref idref="fl-21"/>
      </object_component>
      <object_component id="oc-71b">
         <name>.const:$P$T0$1</name>
         <load_address>0x1e582</load_address>
         <run_address>0x1e582</run_address>
         <size>0x4</size>
         <input_file_ref idref="fl-24"/>
      </object_component>
      <object_component id="oc-71e">
         <name>.const:$P$T1$2</name>
         <load_address>0x1e586</load_address>
         <run_address>0x1e586</run_address>
         <size>0x4</size>
         <input_file_ref idref="fl-24"/>
      </object_component>
      <object_component id="oc-67e">
         <name>.const:$P$T1$2</name>
         <load_address>0x1e58a</load_address>
         <run_address>0x1e58a</run_address>
         <size>0x4</size>
         <input_file_ref idref="fl-26"/>
      </object_component>
      <object_component id="oc-724">
         <name>.const:$P$T2$3</name>
         <load_address>0x1e58e</load_address>
         <run_address>0x1e58e</run_address>
         <size>0x4</size>
         <input_file_ref idref="fl-24"/>
      </object_component>
      <object_component id="oc-687">
         <name>.const:$P$T2$3</name>
         <load_address>0x1e592</load_address>
         <run_address>0x1e592</run_address>
         <size>0x4</size>
         <input_file_ref idref="fl-26"/>
      </object_component>
      <object_component id="oc-69c">
         <name>.const:$P$T3$4</name>
         <load_address>0x1e596</load_address>
         <run_address>0x1e596</run_address>
         <size>0x4</size>
         <input_file_ref idref="fl-26"/>
      </object_component>
      <object_component id="oc-72d">
         <name>.const:_SlAcceptCmdCtrl</name>
         <load_address>0x1e59a</load_address>
         <run_address>0x1e59a</run_address>
         <size>0x4</size>
         <input_file_ref idref="fl-24"/>
      </object_component>
      <object_component id="oc-656">
         <name>.const:_SlDeviceGetCmdCtrl</name>
         <load_address>0x1e59e</load_address>
         <run_address>0x1e59e</run_address>
         <size>0x4</size>
         <input_file_ref idref="fl-1d"/>
      </object_component>
      <object_component id="oc-659">
         <name>.const:_SlDeviceSetCmdCtrl</name>
         <load_address>0x1e5a2</load_address>
         <run_address>0x1e5a2</run_address>
         <size>0x4</size>
         <input_file_ref idref="fl-1d"/>
      </object_component>
      <object_component id="oc-653">
         <name>.const:_SlEventMaskGetCmdCtrl</name>
         <load_address>0x1e5a6</load_address>
         <run_address>0x1e5a6</run_address>
         <size>0x4</size>
         <input_file_ref idref="fl-1d"/>
[...]
         <object_component_ref idref="oc-788"/>
      </symbol>
      <symbol id="sm-1c6d">
         <name>SysCtl_getNMISourceStatus</name>
         <value>0x1da85</value>
         <object_component_ref idref="oc-767"/>
      </symbol>
      <symbol id="sm-1c6e">
         <name>SysCtl_enableNMISource</name>
         <value>0x1d9fd</value>
         <object_component_ref idref="oc-779"/>
      </symbol>
      <symbol id="sm-1c6f">
         <name>SysCtl_disableNMISource</name>
         <value>0x1d9ed</value>
         <object_component_ref idref="oc-76d"/>
      </symbol>
      <symbol id="sm-1c70">
         <name>SysCtl_getTLVInfo</name>
         <value>0x1ce95</value>
         <object_component_ref idref="oc-79b"/>
      </symbol>
      <symbol id="sm-1c7c">
         <name>SysTick_enableInterrupt</name>
         <value>0x1d96d</value>
         <object_component_ref idref="oc-d0"/>
      </symbol>
      <symbol id="sm-1cab">
         <name>UART_enableModule</name>
         <value>0x1da91</value>
         <object_component_ref idref="oc-431"/>
      </symbol>
      <symbol id="sm-1cac">
         <name>UART_transmitData</name>
         <value>0x1d781</value>
         <object_component_ref idref="oc-41f"/>
      </symbol>
      <symbol id="sm-1cad">
         <name>UART_initModule</name>
         <value>0x1c5f1</value>
         <object_component_ref idref="oc-42b"/>
      </symbol>
      <symbol id="sm-1cc3">
         <name>WDT_A_clearTimer</name>
         <value>0x1d885</value>
         <object_component_ref idref="oc-254"/>
      </symbol>
      <symbol id="sm-1cc4">
         <name>WDT_A_holdTimer</name>
         <value>0x1d89d</value>
         <object_component_ref idref="oc-25a"/>
      </symbol>
      <symbol id="sm-1cd6">
         <name>CPU_wfi</name>
         <value>0x1db03</value>
         <object_component_ref idref="oc-781"/>
      </symbol>
      <symbol id="sm-1cd7">
         <name>CPU_cpsie</name>
         <value>0x1da53</value>
         <object_component_ref idref="oc-2d1"/>
      </symbol>
      <symbol id="sm-1d06">
         <name>snprintf</name>
         <value>0x1d061</value>
         <object_component_ref idref="oc-32a"/>
      </symbol>
      <symbol id="sm-1d30">
         <name>vsnprintf</name>
         <value>0x1d291</value>
         <object_component_ref idref="oc-6f0"/>
      </symbol>
      <symbol id="sm-1d39">
         <name>__aeabi_lmul</name>
         <value>0x1d8fd</value>
         <object_component_ref idref="oc-60e"/>
      </symbol>
      <symbol id="sm-1d54">
         <name>memcpy</name>
         <value>0x1c4bd</value>
         <object_component_ref idref="oc-3a"/>
      </symbol>
      <symbol id="sm-1d55">
         <name>__aeabi_memcpy</name>
         <value>0x1c4bd</value>
         <object_component_ref idref="oc-3a"/>
      </symbol>
      <symbol id="sm-1d56">
         <name>__aeabi_memcpy8</name>
         <value>0x1c4bd</value>
         <object_component_ref idref="oc-3a"/>
      </symbol>
      <symbol id="sm-1d57">
         <name>__aeabi_memcpy4</name>
         <value>0x1c4bd</value>
         <object_component_ref idref="oc-3a"/>
      </symbol>
      <symbol id="sm-1d66">
         <name>__aeabi_memset</name>
         <value>0x1c913</value>
         <object_component_ref idref="oc-a5"/>
      </symbol>
      <symbol id="sm-1d67">
         <name>memset</name>
         <value>0x1c919</value>
         <object_component_ref idref="oc-a5"/>
      </symbol>
      <symbol id="sm-1d68">
         <name>__aeabi_memset8</name>
         <value>0x1c913</value>
         <object_component_ref idref="oc-a5"/>
      </symbol>
      <symbol id="sm-1d69">
         <name>__aeabi_memset4</name>
         <value>0x1c913</value>
         <object_component_ref idref="oc-a5"/>
      </symbol>
      <symbol id="sm-1d6a">
         <name>__aeabi_memclr8</name>
         <value>0x1c911</value>
         <object_component_ref idref="oc-a5"/>
      </symbol>
      <symbol id="sm-1d6b">
         <name>__aeabi_memclr4</name>
         <value>0x1c911</value>
         <object_component_ref idref="oc-a5"/>
      </symbol>
      <symbol id="sm-1d6c">
         <name>__aeabi_memclr</name>
         <value>0x1c911</value>
         <object_component_ref idref="oc-a5"/>
      </symbol>
      <symbol id="sm-1d7a">
         <name>__aeabi_ldivmod</name>
         <value>0x1cadb</value>
         <object_component_ref idref="oc-538"/>
      </symbol>
      <symbol id="sm-1d87">
         <name>__aeabi_uldivmod</name>
         <value>0x1c559</value>
         <object_component_ref idref="oc-7a8"/>
      </symbol>
      <symbol id="sm-1d99">
         <name>__TI_zero_init</name>
         <value>0x1da9d</value>
         <object_component_ref idref="oc-4c"/>
      </symbol>
      <symbol id="sm-1db0">
         <name>__TI_decompress_none</name>
         <value>0x1da37</value>
         <object_component_ref idref="oc-1d"/>
      </symbol>
      <symbol id="sm-1dd3">
         <name>__TI_decompress_lzss</name>
         <value>0x1cbb5</value>
         <object_component_ref idref="oc-17"/>
      </symbol>
      <symbol id="sm-1de9">
         <name>atoi</name>
         <value>0x1cfc9</value>
         <object_component_ref idref="oc-351"/>
      </symbol>
      <symbol id="sm-1df4">
         <name>_ctypes_</name>
         <value>0x1e104</value>
         <object_component_ref idref="oc-585"/>
      </symbol>
      <symbol id="sm-1e21">
         <name>__localtime64</name>
         <value>0x1ace1</value>
         <object_component_ref idref="oc-324"/>
      </symbol>
      <symbol id="sm-1eaa">
         <name>_sys_memory</name>
         <value>0x20007188</value>
         <object_component_ref idref="oc-29"/>
      </symbol>
      <symbol id="sm-1eab">
         <name>free</name>
         <value>0x1be0d</value>
         <object_component_ref idref="oc-6ea"/>
      </symbol>
      <symbol id="sm-1eac">
         <name>memalign</name>
         <value>0x1b8fd</value>
         <object_component_ref idref="oc-579"/>
      </symbol>
      <symbol id="sm-1ead">
         <name>malloc</name>
         <value>0x1dadd</value>
         <object_component_ref idref="oc-342"/>
      </symbol>
      <symbol id="sm-1eae">
         <name>aligned_alloc</name>
         <value>0x1b8fd</value>
         <object_component_ref idref="oc-579"/>
      </symbol>
      <symbol id="sm-1ee0">
         <name>__mktime64</name>
         <value>0x19bbd</value>
         <object_component_ref idref="oc-53d"/>
      </symbol>
      <symbol id="sm-1ef0">
         <name>strchr</name>
         <value>0x1d92d</value>
         <object_component_ref idref="oc-708"/>
      </symbol>
      <symbol id="sm-1eff">
         <name>strcmp</name>
         <value>0x1d915</value>
         <object_component_ref idref="oc-348"/>
      </symbol>
      <symbol id="sm-1f0d">
         <name>strcpy</name>
         <value>0x1d981</value>
         <object_component_ref idref="oc-702"/>
      </symbol>
      <symbol id="sm-1f1b">
         <name>strlen</name>
         <value>0x1d995</value>
         <object_component_ref idref="oc-33c"/>
      </symbol>
      <symbol id="sm-1f2b">
         <name>strncmp</name>
         <value>0x1d5b3</value>
         <object_component_ref idref="oc-48e"/>
      </symbol>
      <symbol id="sm-1f3b">
         <name>strncpy</name>
         <value>0x1d3c1</value>
         <object_component_ref idref="oc-35d"/>
      </symbol>
      <symbol id="sm-1f4e">
         <name>strstr</name>
         <value>0x1d461</value>
         <object_component_ref idref="oc-330"/>
      </symbol>
      <symbol id="sm-1fa0">
         <name>strtof</name>
         <value>0x1854d</value>
         <object_component_ref idref="oc-357"/>
      </symbol>
      <symbol id="sm-1fc0">
         <name>strtoul</name>
         <value>0x1b7ed</value>
         <object_component_ref idref="oc-488"/>
      </symbol>
      <symbol id="sm-1fd0">
         <name>_tz</name>
         <value>0x20009650</value>
         <object_component_ref idref="oc-543"/>
      </symbol>
      <symbol id="sm-1fe6">
         <name>__aeabi_errno_addr</name>
         <value>0x1dad5</value>
         <object_component_ref idref="oc-58a"/>
      </symbol>
      <symbol id="sm-1fe7">
         <name>errno</name>
         <value>0x200096a0</value>
         <object_component_ref idref="oc-826"/>
      </symbol>
      <symbol id="sm-1ffa">
         <name>__stack</name>
         <value>0x2000fe00</value>
         <object_component_ref idref="oc-2c"/>
      </symbol>
      <symbol id="sm-1ffb">
         <name>_c_int00_noargs</name>
         <value>0x1d42d</value>
         <object_component_ref idref="oc-58"/>
      </symbol>
      <symbol id="sm-2160">
         <name>__TI_printfi</name>
         <value>0x14fb1</value>
         <object_component_ref idref="oc-550"/>
      </symbol>
      <symbol id="sm-2187">
         <name>scalbnf</name>
         <value>0x1c0ad</value>
         <object_component_ref idref="oc-590"/>
      </symbol>
      <symbol id="sm-2188">
         <name>ldexpf</name>
         <value>0x1c0ad</value>
         <object_component_ref idref="oc-590"/>
      </symbol>
      <symbol id="sm-2195">
         <name>copysignf</name>
         <value>0x1d8e5</value>
         <object_component_ref idref="oc-82b"/>
      </symbol>
      <symbol id="sm-219f">
         <name>__aeabi_idiv0</name>
         <value>0x198db</value>
         <object_component_ref idref="oc-7a3"/>
      </symbol>
      <symbol id="sm-21a0">
         <name>__aeabi_ldiv0</name>
         <value>0x198db</value>
         <object_component_ref idref="oc-7a3"/>
      </symbol>
      <symbol id="sm-21b7">
         <name>__aeabi_dsub</name>
         <value>0x1a989</value>
         <object_component_ref idref="oc-960"/>
      </symbol>
      <symbol id="sm-21b8">
         <name>__aeabi_dadd</name>
         <value>0x1a993</value>
         <object_component_ref idref="oc-960"/>
      </symbol>
      <symbol id="sm-21da">
         <name>__aeabi_cdcmpeq</name>
         <value>0x1c685</value>
         <object_component_ref idref="oc-7ca"/>
      </symbol>
      <symbol id="sm-21db">
         <name>__aeabi_cdcmple</name>
         <value>0x1c685</value>
         <object_component_ref idref="oc-7ca"/>
      </symbol>
      <symbol id="sm-21dc">
         <name>__aeabi_cdrcmple</name>
         <value>0x1c70b</value>
         <object_component_ref idref="oc-94b"/>
      </symbol>
      <symbol id="sm-21f0">
         <name>__aeabi_ddiv</name>
         <value>0x1b11d</value>
         <object_component_ref idref="oc-946"/>
      </symbol>
      <symbol id="sm-21fb">
         <name>__aeabi_dmul</name>
         <value>0x1bd0f</value>
         <object_component_ref idref="oc-941"/>
      </symbol>
      <symbol id="sm-2205">
         <name>__aeabi_d2iz</name>
         <value>0x1d185</value>
         <object_component_ref idref="oc-950"/>
      </symbol>
      <symbol id="sm-220f">
         <name>__aeabi_i2d</name>
         <value>0x1d559</value>
         <object_component_ref idref="oc-95b"/>
      </symbol>
      <symbol id="sm-2237">
         <name>__TI_auto_init_nobinit_nopinit</name>
         <value>0x1d1cd</value>
         <object_component_ref idref="oc-20f"/>
      </symbol>
      <symbol id="sm-2241">
         <name>_system_pre_init</name>
         <value>0x1db0b</value>
         <object_component_ref idref="oc-ab"/>
      </symbol>
      <symbol id="sm-224d">
         <name>C$$EXIT</name>
         <value>0x1db0f</value>
         <object_component_ref idref="oc-203"/>
      </symbol>
      <symbol id="sm-224e">
         <name>abort</name>
         <value>0x1db0f</value>
         <object_component_ref idref="oc-203"/>
      </symbol>
      <symbol id="sm-2263">
         <name>_nop</name>
         <value>0x159ff</value>
         <object_component_ref idref="oc-5ba"/>
      </symbol>
      <symbol id="sm-2264">
         <name>_lock</name>
         <value>0x2000967c</value>
         <object_component_ref idref="oc-3c3"/>
      </symbol>
      <symbol id="sm-2265">
         <name>_unlock</name>
         <value>0x20009680</value>
         <object_component_ref idref="oc-3c3"/>
      </symbol>
      <symbol id="sm-2274">
         <name>__TI_ltoa</name>
         <value>0x1cd9f</value>
         <object_component_ref idref="oc-955"/>
      </symbol>
      <symbol id="sm-2285">
         <name>memccpy</name>
         <value>0x1d81d</value>
         <object_component_ref idref="oc-7e7"/>
      </symbol>
      <symbol id="sm-229b">
         <name>frexpl</name>
         <value>0x1cce5</value>
         <object_component_ref idref="oc-980"/>
      </symbol>
      <symbol id="sm-229c">
         <name>frexp</name>
         <value>0x1cce5</value>
         <object_component_ref idref="oc-980"/>
      </symbol>
      <symbol id="sm-22b9">
         <name>scalbn</name>
         <value>0x1b6dd</value>
         <object_component_ref idref="oc-986"/>
      </symbol>
      <symbol id="sm-22ba">
         <name>scalbnl</name>
         <value>0x1b6dd</value>
         <object_component_ref idref="oc-986"/>
      </symbol>
      <symbol id="sm-22bb">
         <name>ldexpl</name>
         <value>0x1b6dd</value>
         <object_component_ref idref="oc-986"/>
      </symbol>
      <symbol id="sm-22bc">
         <name>ldexp</name>
         <value>0x1b6dd</value>
         <object_component_ref idref="oc-986"/>
      </symbol>
      <symbol id="sm-22c6">
         <name>copysign</name>
         <value>0x1d839</value>
         <object_component_ref idref="oc-9e3"/>
      </symbol>
      <symbol id="sm-22c7">
         <name>copysignl</name>
         <value>0x1d839</value>
         <object_component_ref idref="oc-9e3"/>
      </symbol>
      <symbol id="sm-22e0">
         <name>wcslen</name>
         <value>0x1d9a9</value>
         <object_component_ref idref="oc-7ed"/>
      </symbol>
      <symbol id="sm-22e1">
         <name>__TI_static_base__</name>
         <value>0x0</value>
      </symbol>
      <symbol id="sm-22e4">
         <name>__mpu_init</name>
         <value>0x0</value>
      </symbol>
      <symbol id="sm-22e5">
         <name>_system_post_cinit</name>
         <value>0x0</value>
      </symbol>
      <symbol id="sm-22e6">
         <name>NMI_Handler</name>
         <value>0x1da51</value>
      </symbol>
      <symbol id="sm-22e7">
         <name>HardFault_Handler</name>
         <value>0x1da51</value>
      </symbol>
      <symbol id="sm-22e8">
         <name>MemManage_Handler</name>
         <value>0x1da51</value>
      </symbol>
      <symbol id="sm-22e9">
         <name>BusFault_Handler</name>
         <value>0x1da51</value>
      </symbol>
      <symbol id="sm-22ea">
         <name>UsageFault_Handler</name>
         <value>0x1da51</value>
      </symbol>
      <symbol id="sm-22eb">
         <name>SVC_Handler</name>
         <value>0x1da51</value>
      </symbol>
      <symbol id="sm-22ec">
         <name>DebugMon_Handler</name>
         <value>0x1da51</value>
      </symbol>
      <symbol id="sm-22ed">
         <name>PendSV_Handler</name>
         <value>0x1cf03</value>
      </symbol>
      <symbol id="sm-22ee">
         <name>SysTick_Handler</name>
         <value>0x1653b</value>
      </symbol>
      <symbol id="sm-22ef">
         <name>PSS_IRQHandler</name>
         <value>0x1da51</value>
      </symbol>
      <symbol id="sm-22f0">
         <name>CS_IRQHandler</name>
         <value>0x1da51</value>
      </symbol>
      <symbol id="sm-22f1">
         <name>PCM_IRQHandler</name>
         <value>0x1da51</value>
      </symbol>
      <symbol id="sm-22f2">
         <name>WDT_A_IRQHandler</name>
         <value>0x1da51</value>
      </symbol>
      <symbol id="sm-22f3">
         <name>FPU_IRQHandler</name>
         <value>0x1da51</value>
      </symbol>
      <symbol id="sm-22f4">
         <name>FLCTL_IRQHandler</name>
         <value>0x1da51</value>
      </symbol>
      <symbol id="sm-22f5">
         <name>COMP_E0_IRQHandler</name>
         <value>0x1da51</value>
      </symbol>
      <symbol id="sm-22f6">
         <name>COMP_E1_IRQHandler</name>
         <value>0x1da51</value>
      </symbol>
      <symbol id="sm-22f7">
         <name>TA0_0_IRQHandler</name>
         <value>0x1da51</value>
      </symbol>
      <symbol id="sm-22f8">
         <name>TA0_N_IRQHandler</name>
         <value>0x1da51</value>
      </symbol>
      <symbol id="sm-22f9">
         <name>TA1_0_IRQHandler</name>
         <value>0x1da51</value>
      </symbol>
      <symbol id="sm-22fa">
         <name>TA1_N_IRQHandler</name>
         <value>0x1da51</value>
      </symbol>
      <symbol id="sm-22fb">
         <name>TA2_0_IRQHandler</name>
         <value>0x1da51</value>
      </symbol>
      <symbol id="sm-22fc">
         <name>TA2_N_IRQHandler</name>
         <value>0x1da51</value>
      </symbol>
      <symbol id="sm-22fd">
         <name>TA3_0_IRQHandler</name>
         <value>0x1da51</value>
      </symbol>
      <symbol id="sm-22fe">
         <name>TA3_N_IRQHandler</name>
         <value>0x1da51</value>
      </symbol>
      <symbol id="sm-22ff">
         <name>EUSCIA0_IRQHandler</name>
         <value>0x18f75</value>
      </symbol>
      <symbol id="sm-2300">
         <name>EUSCIA1_IRQHandler</name>
         <value>0x1da51</value>
      </symbol>
      <symbol id="sm-2301">
         <name>EUSCIA2_IRQHandler</name>
         <value>0x1da51</value>
      </symbol>
      <symbol id="sm-2302">
         <name>EUSCIA3_IRQHandler</name>
         <value>0x1da51</value>
      </symbol>
      <symbol id="sm-2303">
         <name>EUSCIB0_IRQHandler</name>
         <value>0x1da51</value>
      </symbol>
      <symbol id="sm-2304">
         <name>EUSCIB1_IRQHandler</name>
         <value>0x18bad</value>
      </symbol>
      <symbol id="sm-2305">
         <name>EUSCIB2_IRQHandler</name>
         <value>0x1da51</value>
      </symbol>
      <symbol id="sm-2306">
         <name>EUSCIB3_IRQHandler</name>
         <value>0x1da51</value>
      </symbol>
      <symbol id="sm-2307">
         <name>ADC14_IRQHandler</name>
         <value>0x1da51</value>
      </symbol>
      <symbol id="sm-2308">
         <name>T32_INT1_IRQHandler</name>
         <value>0x1da51</value>
      </symbol>
      <symbol id="sm-2309">
         <name>T32_INT2_IRQHandler</name>
         <value>0x1da51</value>
      </symbol>
      <symbol id="sm-230a">
         <name>T32_INTC_IRQHandler</name>
         <value>0x1da51</value>
      </symbol>
      <symbol id="sm-230b">
         <name>AES256_IRQHandler</name>
         <value>0x1da51</value>
      </symbol>
      <symbol id="sm-230c">
         <name>RTC_C_IRQHandler</name>
         <value>0x1da51</value>
      </symbol>
      <symbol id="sm-230d">
         <name>DMA_ERR_IRQHandler</name>
         <value>0x1da51</value>
      </symbol>
      <symbol id="sm-230e">
         <name>DMA_INT3_IRQHandler</name>
         <value>0x1da51</value>
      </symbol>
      <symbol id="sm-230f">
         <name>DMA_INT2_IRQHandler</name>
         <value>0x1da51</value>
      </symbol>
      <symbol id="sm-2310">
         <name>DMA_INT1_IRQHandler</name>
         <value>0x1da51</value>
      </symbol>
      <symbol id="sm-2311">
         <name>DMA_INT0_IRQHandler</name>
         <value>0x1da51</value>
      </symbol>
      <symbol id="sm-2312">
         <name>PORT1_IRQHandler</name>
         <value>0x18f25</value>
      </symbol>
      <symbol id="sm-2313">
         <name>PORT2_IRQHandler</name>
         <value>0x18f4f</value>
      </symbol>
      <symbol id="sm-2314">
         <name>PORT3_IRQHandler</name>
         <value>0x1da51</value>
      </symbol>
      <symbol id="sm-2315">
         <name>PORT4_IRQHandler</name>
         <value>0x1da51</value>
      </symbol>
      <symbol id="sm-2316">
         <name>PORT5_IRQHandler</name>
         <value>0x1da51</value>
      </symbol>
      <symbol id="sm-2317">
         <name>PORT6_IRQHandler</name>
         <value>0x1da51</value>
      </symbol>
   </symbol_table>
   <title>Link successful</title>
</link_info>
